MSBuild version 18.3.0-release-26070-10+3972042b7 for .NET Framework
Build started 26/04/2026 16:18:25.

Project "C:\Users\roman\source\repos\ec22761\SFR\SFR\SFR.csproj" on node 1 (Rebuild target(s)).
CoreClean:
  Deleting file "C:\Users\roman\source\repos\ec22761\SFR\SFR\bin\x64\Debug\net8.0-windows\win-x64\SFR.runtimeconfig.json".
  Deleting file "C:\Users\roman\source\repos\ec22761\SFR\SFR\bin\x64\Debug\net8.0-windows\win-x64\SFR.exe".
  Deleting file "C:\Users\roman\source\repos\ec22761\SFR\SFR\bin\x64\Debug\net8.0-windows\win-x64\SFR.dll".
  Deleting file "C:\Users\roman\source\repos\ec22761\SFR\SFR\bin\x64\Debug\net8.0-windows\win-x64\SFR.pdb".
  Deleting file "C:\Users\roman\source\repos\ec22761\SFR\SFR\bin\x64\Debug\net8.0-windows\win-x64\0Harmony.dll".
  Deleting file "C:\Users\roman\source\repos\ec22761\SFR\SFR\bin\x64\Debug\net8.0-windows\win-x64\Microsoft.CSharp.dll".
  Deleting file "C:\Users\roman\source\repos\ec22761\SFR\SFR\bin\x64\Debug\net8.0-windows\win-x64\Microsoft.VisualBasic.Core.dll".
  Deleting file "C:\Users\roman\source\repos\ec22761\SFR\SFR\bin\x64\Debug\net8.0-windows\win-x64\Microsoft.Win32.Primitives.dll".
  Deleting file "C:\Users\roman\source\repos\ec22761\SFR\SFR\bin\x64\Debug\net8.0-windows\win-x64\Microsoft.Win32.Registry.dll".
  Deleting file "C:\Users\roman\source\repos\ec22761\SFR\SFR\bin\x64\Debug\net8.0-windows\win-x64\System.AppContext.dll".
  Deleting file "C:\Users\roman\source\repos\ec22761\SFR\SFR\bin\x64\Debug\net8.0-windows\win-x64\System.Buffers.dll".
  Deleting file "C:\Users\roman\source\repos\ec22761\SFR\SFR\bin\x64\Debug\net8.0-windows\win-x64\System.Collections.Concurrent.dll".
  Deleting file "C:\Users\roman\source\repos\ec22761\SFR\SFR\bin\x64\Debug\net8.0-windows\win-x64\System.Collections.Immutable.dll".
  Deleting file "C:\Users\roman\source\repos\ec22761\SFR\SFR\bin\x64\Debug\net8.0-windows\win-x64\System.Collections.NonGeneric.dll".
  Deleting file "C:\Users\roman\source\repos\ec22761\SFR\SFR\bin\x64\Debug\net8.0-windows\win-x64\System.Collections.Specialized.dll".
  Deleting file "C:\Users\roman\source\repos\ec22761\SFR\SFR\bin\x64\Debug\net8.0-windows\win-x64\System.Collections.dll".
  Deleting file "C:\Users\roman\source\repos\ec22761\SFR\SFR\bin\x64\Debug\net8.0-windows\win-x64\System.ComponentModel.Annotations.dll".
  Deleting file "C:\Users\roman\source\repos\ec22761\SFR\SFR\bin\x64\Debug\net8.0-windows\win-x64\System.ComponentModel.DataAnnotations.dll".
  Deleting file "C:\Users\roman\source\repos\ec22761\SFR\SFR\bin\x64\Debug\net8.0-windows\win-x64\System.ComponentModel.EventBasedAsync.dll".
  Deleting file "C:\Users\roman\source\repos\ec22761\SFR\SFR\bin\x64\Debug\net8.0-windows\win-x64\System.ComponentModel.Primitives.dll".
  Deleting file "C:\Users\roman\source\repos\ec22761\SFR\SFR\bin\x64\Debug\net8.0-windows\win-x64\System.ComponentModel.TypeConverter.dll".
  Deleting file "C:\Users\roman\source\repos\ec22761\SFR\SFR\bin\x64\Debug\net8.0-windows\win-x64\System.ComponentModel.dll".
  Deleting file "C:\Users\roman\source\repos\ec22761\SFR\SFR\bin\x64\Debug\net8.0-windows\win-x64\System.Configuration.dll".
  Deleting file "C:\Users\roman\source\repos\ec22761\SFR\SFR\bin\x64\Debug\net8.0-windows\win-x64\System.Console.dll".
  Deleting file "C:\Users\roman\source\repos\ec22761\SFR\SFR\bin\x64\Debug\net8.0-windows\win-x64\System.Core.dll".
  Deleting file "C:\Users\roman\source\repos\ec22761\SFR\SFR\bin\x64\Debug\net8.0-windows\win-x64\System.Data.Common.dll".
  Deleting file "C:\Users\roman\source\repos\ec22761\SFR\SFR\bin\x64\Debug\net8.0-windows\win-x64\System.Data.DataSetExtensions.dll".
  Deleting file "C:\Users\roman\source\repos\ec22761\SFR\SFR\bin\x64\Debug\net8.0-windows\win-x64\System.Data.dll".
  Deleting file "C:\Users\roman\source\repos\ec22761\SFR\SFR\bin\x64\Debug\net8.0-windows\win-x64\System.Diagnostics.Contracts.dll".
  Deleting file "C:\Users\roman\source\repos\ec22761\SFR\SFR\bin\x64\Debug\net8.0-windows\win-x64\System.Diagnostics.Debug.dll".
  Deleting file "C:\Users\roman\source\repos\ec22761\SFR\SFR\bin\x64\Debug\net8.0-windows\win-x64\System.Diagnostics.DiagnosticSource.dll".
  Deleting file "C:\Users\roman\source\repos\ec22761\SFR\SFR\bin\x64\Debug\net8.0-windows\win-x64\System.Diagnostics.FileVersionInfo.dll".
  Deleting file "C:\Users\roman\source\repos\ec22761\SFR\SFR\bin\x64\Debug\net8.0-windows\win-x64\System.Diagnostics.Process.dll".
  Deleting file "C:\Users\roman\source\repos\ec22761\SFR\SFR\bin\x64\Debug\net8.0-windows\win-x64\System.Diagnostics.StackTrace.dll".
  Deleting file "C:\Users\roman\source\repos\ec22761\SFR\SFR\bin\x64\Debug\net8.0-windows\win-x64\System.Diagnostics.TextWriterTraceListener.dll".
  Deleting file "C:\Users\roman\source\repos\ec22761\SFR\SFR\bin\x64\Debug\net8.0-windows\win-x64\System.Diagnostics.Tools.dll".
  Deleting file "C:\Users\roman\source\repos\ec22761\SFR\SFR\bin\x64\Debug\net8.0-windows\win-x64\System.Diagnostics.TraceSource.dll".
  Deleting file "C:\Users\roman\source\repos\ec22761\SFR\SFR\bin\x64\Debug\net8.0-windows\win-x64\System.Diagnostics.Tracing.dll".
  Deleting file "C:\Users\roman\source\repos\ec22761\SFR\SFR\bin\x64\Debug\net8.0-windows\win-x64\System.Drawing.Primitives.dll".
  Deleting file "C:\Users\roman\source\repos\ec22761\SFR\SFR\bin\x64\Debug\net8.0-windows\win-x64\System.Dynamic.Runtime.dll".
  Deleting file "C:\Users\roman\source\repos\ec22761\SFR\SFR\bin\x64\Debug\net8.0-windows\win-x64\System.Formats.Asn1.dll".
  Deleting file "C:\Users\roman\source\repos\ec22761\SFR\SFR\bin\x64\Debug\net8.0-windows\win-x64\System.Formats.Tar.dll".
  Deleting file "C:\Users\roman\source\repos\ec22761\SFR\SFR\bin\x64\Debug\net8.0-windows\win-x64\System.Globalization.Calendars.dll".
  Deleting file "C:\Users\roman\source\repos\ec22761\SFR\SFR\bin\x64\Debug\net8.0-windows\win-x64\System.Globalization.Extensions.dll".
  Deleting file "C:\Users\roman\source\repos\ec22761\SFR\SFR\bin\x64\Debug\net8.0-windows\win-x64\System.Globalization.dll".
  Deleting file "C:\Users\roman\source\repos\ec22761\SFR\SFR\bin\x64\Debug\net8.0-windows\win-x64\System.IO.Compression.Brotli.dll".
  Deleting file "C:\Users\roman\source\repos\ec22761\SFR\SFR\bin\x64\Debug\net8.0-windows\win-x64\System.IO.Compression.FileSystem.dll".
  Deleting file "C:\Users\roman\source\repos\ec22761\SFR\SFR\bin\x64\Debug\net8.0-windows\win-x64\System.IO.Compression.ZipFile.dll".
  Deleting file "C:\Users\roman\source\repos\ec22761\SFR\SFR\bin\x64\Debug\net8.0-windows\win-x64\System.IO.Compression.dll".
  Deleting file "C:\Users\roman\source\repos\ec22761\SFR\SFR\bin\x64\Debug\net8.0-windows\win-x64\System.IO.FileSystem.AccessControl.dll".
  Deleting file "C:\Users\roman\source\repos\ec22761\SFR\SFR\bin\x64\Debug\net8.0-windows\win-x64\System.IO.FileSystem.DriveInfo.dll".
  Deleting file "C:\Users\roman\source\repos\ec22761\SFR\SFR\bin\x64\Debug\net8.0-windows\win-x64\System.IO.FileSystem.Primitives.dll".
  Deleting file "C:\Users\roman\source\repos\ec22761\SFR\SFR\bin\x64\Debug\net8.0-windows\win-x64\System.IO.FileSystem.Watcher.dll".
  Deleting file "C:\Users\roman\source\repos\ec22761\SFR\SFR\bin\x64\Debug\net8.0-windows\win-x64\System.IO.FileSystem.dll".
  Deleting file "C:\Users\roman\source\repos\ec22761\SFR\SFR\bin\x64\Debug\net8.0-windows\win-x64\System.IO.IsolatedStorage.dll".
  Deleting file "C:\Users\roman\source\repos\ec22761\SFR\SFR\bin\x64\Debug\net8.0-windows\win-x64\System.IO.MemoryMappedFiles.dll".
  Deleting file "C:\Users\roman\source\repos\ec22761\SFR\SFR\bin\x64\Debug\net8.0-windows\win-x64\System.IO.Pipes.AccessControl.dll".
  Deleting file "C:\Users\roman\source\repos\ec22761\SFR\SFR\bin\x64\Debug\net8.0-windows\win-x64\System.IO.Pipes.dll".
  Deleting file "C:\Users\roman\source\repos\ec22761\SFR\SFR\bin\x64\Debug\net8.0-windows\win-x64\System.IO.UnmanagedMemoryStream.dll".
  Deleting file "C:\Users\roman\source\repos\ec22761\SFR\SFR\bin\x64\Debug\net8.0-windows\win-x64\System.IO.dll".
  Deleting file "C:\Users\roman\source\repos\ec22761\SFR\SFR\bin\x64\Debug\net8.0-windows\win-x64\System.Linq.Expressions.dll".
  Deleting file "C:\Users\roman\source\repos\ec22761\SFR\SFR\bin\x64\Debug\net8.0-windows\win-x64\System.Linq.Parallel.dll".
  Deleting file "C:\Users\roman\source\repos\ec22761\SFR\SFR\bin\x64\Debug\net8.0-windows\win-x64\System.Linq.Queryable.dll".
  Deleting file "C:\Users\roman\source\repos\ec22761\SFR\SFR\bin\x64\Debug\net8.0-windows\win-x64\System.Linq.dll".
  Deleting file "C:\Users\roman\source\repos\ec22761\SFR\SFR\bin\x64\Debug\net8.0-windows\win-x64\System.Memory.dll".
  Deleting file "C:\Users\roman\source\repos\ec22761\SFR\SFR\bin\x64\Debug\net8.0-windows\win-x64\System.Net.Http.Json.dll".
  Deleting file "C:\Users\roman\source\repos\ec22761\SFR\SFR\bin\x64\Debug\net8.0-windows\win-x64\System.Net.Http.dll".
  Deleting file "C:\Users\roman\source\repos\ec22761\SFR\SFR\bin\x64\Debug\net8.0-windows\win-x64\System.Net.HttpListener.dll".
  Deleting file "C:\Users\roman\source\repos\ec22761\SFR\SFR\bin\x64\Debug\net8.0-windows\win-x64\System.Net.Mail.dll".
  Deleting file "C:\Users\roman\source\repos\ec22761\SFR\SFR\bin\x64\Debug\net8.0-windows\win-x64\System.Net.NameResolution.dll".
  Deleting file "C:\Users\roman\source\repos\ec22761\SFR\SFR\bin\x64\Debug\net8.0-windows\win-x64\System.Net.NetworkInformation.dll".
  Deleting file "C:\Users\roman\source\repos\ec22761\SFR\SFR\bin\x64\Debug\net8.0-windows\win-x64\System.Net.Ping.dll".
  Deleting file "C:\Users\roman\source\repos\ec22761\SFR\SFR\bin\x64\Debug\net8.0-windows\win-x64\System.Net.Primitives.dll".
  Deleting file "C:\Users\roman\source\repos\ec22761\SFR\SFR\bin\x64\Debug\net8.0-windows\win-x64\System.Net.Quic.dll".
  Deleting file "C:\Users\roman\source\repos\ec22761\SFR\SFR\bin\x64\Debug\net8.0-windows\win-x64\System.Net.Requests.dll".
  Deleting file "C:\Users\roman\source\repos\ec22761\SFR\SFR\bin\x64\Debug\net8.0-windows\win-x64\System.Net.Security.dll".
  Deleting file "C:\Users\roman\source\repos\ec22761\SFR\SFR\bin\x64\Debug\net8.0-windows\win-x64\System.Net.ServicePoint.dll".
  Deleting file "C:\Users\roman\source\repos\ec22761\SFR\SFR\bin\x64\Debug\net8.0-windows\win-x64\System.Net.Sockets.dll".
  Deleting file "C:\Users\roman\source\repos\ec22761\SFR\SFR\bin\x64\Debug\net8.0-windows\win-x64\System.Net.WebClient.dll".
  Deleting file "C:\Users\roman\source\repos\ec22761\SFR\SFR\bin\x64\Debug\net8.0-windows\win-x64\System.Net.WebHeaderCollection.dll".
  Deleting file "C:\Users\roman\source\repos\ec22761\SFR\SFR\bin\x64\Debug\net8.0-windows\win-x64\System.Net.WebProxy.dll".
  Deleting file "C:\Users\roman\source\repos\ec22761\SFR\SFR\bin\x64\Debug\net8.0-windows\win-x64\System.Net.WebSockets.Client.dll".
  Deleting file "C:\Users\roman\source\repos\ec22761\SFR\SFR\bin\x64\Debug\net8.0-windows\win-x64\System.Net.WebSockets.dll".
  Deleting file "C:\Users\roman\source\repos\ec22761\SFR\SFR\bin\x64\Debug\net8.0-windows\win-x64\System.Net.dll".
  Deleting file "C:\Users\roman\source\repos\ec22761\SFR\SFR\bin\x64\Debug\net8.0-windows\win-x64\System.Numerics.Vectors.dll".
  Deleting file "C:\Users\roman\source\repos\ec22761\SFR\SFR\bin\x64\Debug\net8.0-windows\win-x64\System.Numerics.dll".
  Deleting file "C:\Users\roman\source\repos\ec22761\SFR\SFR\bin\x64\Debug\net8.0-windows\win-x64\System.ObjectModel.dll".
  Deleting file "C:\Users\roman\source\repos\ec22761\SFR\SFR\bin\x64\Debug\net8.0-windows\win-x64\System.Private.CoreLib.dll".
  Deleting file "C:\Users\roman\source\repos\ec22761\SFR\SFR\bin\x64\Debug\net8.0-windows\win-x64\System.Private.DataContractSerialization.dll".
  Deleting file "C:\Users\roman\source\repos\ec22761\SFR\SFR\bin\x64\Debug\net8.0-windows\win-x64\System.Private.Uri.dll".
  Deleting file "C:\Users\roman\source\repos\ec22761\SFR\SFR\bin\x64\Debug\net8.0-windows\win-x64\System.Private.Xml.Linq.dll".
  Deleting file "C:\Users\roman\source\repos\ec22761\SFR\SFR\bin\x64\Debug\net8.0-windows\win-x64\System.Private.Xml.dll".
  Deleting file "C:\Users\roman\source\repos\ec22761\SFR\SFR\bin\x64\Debug\net8.0-windows\win-x64\System.Reflection.DispatchProxy.dll".
  Deleting file "C:\Users\roman\source\repos\ec22761\SFR\SFR\bin\x64\Debug\net8.0-windows\win-x64\System.Reflection.Emit.ILGeneration.dll".
  Deleting file "C:\Users\roman\source\repos\ec22761\SFR\SFR\bin\x64\Debug\net8.0-windows\win-x64\System.Reflection.Emit.Lightweight.dll".
  Deleting file "C:\Users\roman\source\repos\ec22761\SFR\SFR\bin\x64\Debug\net8.0-windows\win-x64\System.Reflection.Emit.dll".
  Deleting file "C:\Users\roman\source\repos\ec22761\SFR\SFR\bin\x64\Debug\net8.0-windows\win-x64\System.Reflection.Extensions.dll".
  Deleting file "C:\Users\roman\source\repos\ec22761\SFR\SFR\bin\x64\Debug\net8.0-windows\win-x64\System.Reflection.Metadata.dll".
  Deleting file "C:\Users\roman\source\repos\ec22761\SFR\SFR\bin\x64\Debug\net8.0-windows\win-x64\System.Reflection.Primitives.dll".
  Deleting file "C:\Users\roman\source\repos\ec22761\SFR\SFR\bin\x64\Debug\net8.0-windows\win-x64\System.Reflection.TypeExtensions.dll".
  Deleting file "C:\Users\roman\source\repos\ec22761\SFR\SFR\bin\x64\Debug\net8.0-windows\win-x64\System.Reflection.dll".
  Deleting file "C:\Users\roman\source\repos\ec22761\SFR\SFR\bin\x64\Debug\net8.0-windows\win-x64\System.Resources.Reader.dll".
  Deleting file "C:\Users\roman\source\repos\ec22761\SFR\SFR\bin\x64\Debug\net8.0-windows\win-x64\System.Resources.ResourceManager.dll".
  Deleting file "C:\Users\roman\source\repos\ec22761\SFR\SFR\bin\x64\Debug\net8.0-windows\win-x64\System.Resources.Writer.dll".
  Deleting file "C:\Users\roman\source\repos\ec22761\SFR\SFR\bin\x64\Debug\net8.0-windows\win-x64\System.Runtime.CompilerServices.Unsafe.dll".
  Deleting file "C:\Users\roman\source\repos\ec22761\SFR\SFR\bin\x64\Debug\net8.0-windows\win-x64\System.Runtime.CompilerServices.VisualC.dll".
  Deleting file "C:\Users\roman\source\repos\ec22761\SFR\SFR\bin\x64\Debug\net8.0-windows\win-x64\System.Runtime.Extensions.dll".
  Deleting file "C:\Users\roman\source\repos\ec22761\SFR\SFR\bin\x64\Debug\net8.0-windows\win-x64\System.Runtime.Handles.dll".
  Deleting file "C:\Users\roman\source\repos\ec22761\SFR\SFR\bin\x64\Debug\net8.0-windows\win-x64\System.Runtime.InteropServices.JavaScript.dll".
  Deleting file "C:\Users\roman\source\repos\ec22761\SFR\SFR\bin\x64\Debug\net8.0-windows\win-x64\System.Runtime.InteropServices.RuntimeInformation.dll".
  Deleting file "C:\Users\roman\source\repos\ec22761\SFR\SFR\bin\x64\Debug\net8.0-windows\win-x64\System.Runtime.InteropServices.dll".
  Deleting file "C:\Users\roman\source\repos\ec22761\SFR\SFR\bin\x64\Debug\net8.0-windows\win-x64\System.Runtime.Intrinsics.dll".
  Deleting file "C:\Users\roman\source\repos\ec22761\SFR\SFR\bin\x64\Debug\net8.0-windows\win-x64\System.Runtime.Loader.dll".
  Deleting file "C:\Users\roman\source\repos\ec22761\SFR\SFR\bin\x64\Debug\net8.0-windows\win-x64\System.Runtime.Numerics.dll".
  Deleting file "C:\Users\roman\source\repos\ec22761\SFR\SFR\bin\x64\Debug\net8.0-windows\win-x64\System.Runtime.Serialization.Formatters.dll".
  Deleting file "C:\Users\roman\source\repos\ec22761\SFR\SFR\bin\x64\Debug\net8.0-windows\win-x64\System.Runtime.Serialization.Json.dll".
  Deleting file "C:\Users\roman\source\repos\ec22761\SFR\SFR\bin\x64\Debug\net8.0-windows\win-x64\System.Runtime.Serialization.Primitives.dll".
  Deleting file "C:\Users\roman\source\repos\ec22761\SFR\SFR\bin\x64\Debug\net8.0-windows\win-x64\System.Runtime.Serialization.Xml.dll".
  Deleting file "C:\Users\roman\source\repos\ec22761\SFR\SFR\bin\x64\Debug\net8.0-windows\win-x64\System.Runtime.Serialization.dll".
  Deleting file "C:\Users\roman\source\repos\ec22761\SFR\SFR\bin\x64\Debug\net8.0-windows\win-x64\System.Runtime.dll".
  Deleting file "C:\Users\roman\source\repos\ec22761\SFR\SFR\bin\x64\Debug\net8.0-windows\win-x64\System.Security.AccessControl.dll".
  Deleting file "C:\Users\roman\source\repos\ec22761\SFR\SFR\bin\x64\Debug\net8.0-windows\win-x64\System.Security.Claims.dll".
  Deleting file "C:\Users\roman\source\repos\ec22761\SFR\SFR\bin\x64\Debug\net8.0-windows\win-x64\System.Security.Cryptography.Algorithms.dll".
  Deleting file "C:\Users\roman\source\repos\ec22761\SFR\SFR\bin\x64\Debug\net8.0-windows\win-x64\System.Security.Cryptography.Cng.dll".
  Deleting file "C:\Users\roman\source\repos\ec22761\SFR\SFR\bin\x64\Debug\net8.0-windows\win-x64\System.Security.Cryptography.Csp.dll".
  Deleting file "C:\Users\roman\source\repos\ec22761\SFR\SFR\bin\x64\Debug\net8.0-windows\win-x64\System.Security.Cryptography.Encoding.dll".
  Deleting file "C:\Users\roman\source\repos\ec22761\SFR\SFR\bin\x64\Debug\net8.0-windows\win-x64\System.Security.Cryptography.OpenSsl.dll".
  Deleting file "C:\Users\roman\source\repos\ec22761\SFR\SFR\bin\x64\Debug\net8.0-windows\win-x64\System.Security.Cryptography.Primitives.dll".
  Deleting file "C:\Users\roman\source\repos\ec22761\SFR\SFR\bin\x64\Debug\net8.0-windows\win-x64\System.Security.Cryptography.X509Certificates.dll".
  Deleting file "C:\Users\roman\source\repos\ec22761\SFR\SFR\bin\x64\Debug\net8.0-windows\win-x64\System.Security.Cryptography.dll".
  Deleting file "C:\Users\roman\source\repos\ec22761\SFR\SFR\bin\x64\Debug\net8.0-windows\win-x64\System.Security.Principal.Windows.dll".
  Deleting file "C:\Users\roman\source\repos\ec22761\SFR\SFR\bin\x64\Debug\net8.0-windows\win-x64\System.Security.Principal.dll".
  Deleting file "C:\Users\roman\source\repos\ec22761\SFR\SFR\bin\x64\Debug\net8.0-windows\win-x64\System.Security.SecureString.dll".
  Deleting file "C:\Users\roman\source\repos\ec22761\SFR\SFR\bin\x64\Debug\net8.0-windows\win-x64\System.Security.dll".
  Deleting file "C:\Users\roman\source\repos\ec22761\SFR\SFR\bin\x64\Debug\net8.0-windows\win-x64\System.ServiceModel.Web.dll".
  Deleting file "C:\Users\roman\source\repos\ec22761\SFR\SFR\bin\x64\Debug\net8.0-windows\win-x64\System.ServiceProcess.dll".
  Deleting file "C:\Users\roman\source\repos\ec22761\SFR\SFR\bin\x64\Debug\net8.0-windows\win-x64\System.Text.Encoding.CodePages.dll".
  Deleting file "C:\Users\roman\source\repos\ec22761\SFR\SFR\bin\x64\Debug\net8.0-windows\win-x64\System.Text.Encoding.Extensions.dll".
  Deleting file "C:\Users\roman\source\repos\ec22761\SFR\SFR\bin\x64\Debug\net8.0-windows\win-x64\System.Text.Encoding.dll".
  Deleting file "C:\Users\roman\source\repos\ec22761\SFR\SFR\bin\x64\Debug\net8.0-windows\win-x64\System.Text.Encodings.Web.dll".
  Deleting file "C:\Users\roman\source\repos\ec22761\SFR\SFR\bin\x64\Debug\net8.0-windows\win-x64\System.Text.Json.dll".
  Deleting file "C:\Users\roman\source\repos\ec22761\SFR\SFR\bin\x64\Debug\net8.0-windows\win-x64\System.Text.RegularExpressions.dll".
  Deleting file "C:\Users\roman\source\repos\ec22761\SFR\SFR\bin\x64\Debug\net8.0-windows\win-x64\System.Threading.Channels.dll".
  Deleting file "C:\Users\roman\source\repos\ec22761\SFR\SFR\bin\x64\Debug\net8.0-windows\win-x64\System.Threading.Overlapped.dll".
  Deleting file "C:\Users\roman\source\repos\ec22761\SFR\SFR\bin\x64\Debug\net8.0-windows\win-x64\System.Threading.Tasks.Dataflow.dll".
  Deleting file "C:\Users\roman\source\repos\ec22761\SFR\SFR\bin\x64\Debug\net8.0-windows\win-x64\System.Threading.Tasks.Extensions.dll".
  Deleting file "C:\Users\roman\source\repos\ec22761\SFR\SFR\bin\x64\Debug\net8.0-windows\win-x64\System.Threading.Tasks.Parallel.dll".
  Deleting file "C:\Users\roman\source\repos\ec22761\SFR\SFR\bin\x64\Debug\net8.0-windows\win-x64\System.Threading.Tasks.dll".
  Deleting file "C:\Users\roman\source\repos\ec22761\SFR\SFR\bin\x64\Debug\net8.0-windows\win-x64\System.Threading.Thread.dll".
  Deleting file "C:\Users\roman\source\repos\ec22761\SFR\SFR\bin\x64\Debug\net8.0-windows\win-x64\System.Threading.ThreadPool.dll".
  Deleting file "C:\Users\roman\source\repos\ec22761\SFR\SFR\bin\x64\Debug\net8.0-windows\win-x64\System.Threading.Timer.dll".
  Deleting file "C:\Users\roman\source\repos\ec22761\SFR\SFR\bin\x64\Debug\net8.0-windows\win-x64\System.Threading.dll".
  Deleting file "C:\Users\roman\source\repos\ec22761\SFR\SFR\bin\x64\Debug\net8.0-windows\win-x64\System.Transactions.Local.dll".
  Deleting file "C:\Users\roman\source\repos\ec22761\SFR\SFR\bin\x64\Debug\net8.0-windows\win-x64\System.Transactions.dll".
  Deleting file "C:\Users\roman\source\repos\ec22761\SFR\SFR\bin\x64\Debug\net8.0-windows\win-x64\System.ValueTuple.dll".
  Deleting file "C:\Users\roman\source\repos\ec22761\SFR\SFR\bin\x64\Debug\net8.0-windows\win-x64\System.Web.HttpUtility.dll".
  Deleting file "C:\Users\roman\source\repos\ec22761\SFR\SFR\bin\x64\Debug\net8.0-windows\win-x64\System.Web.dll".
  Deleting file "C:\Users\roman\source\repos\ec22761\SFR\SFR\bin\x64\Debug\net8.0-windows\win-x64\System.Windows.dll".
  Deleting file "C:\Users\roman\source\repos\ec22761\SFR\SFR\bin\x64\Debug\net8.0-windows\win-x64\System.Xml.Linq.dll".
  Deleting file "C:\Users\roman\source\repos\ec22761\SFR\SFR\bin\x64\Debug\net8.0-windows\win-x64\System.Xml.ReaderWriter.dll".
  Deleting file "C:\Users\roman\source\repos\ec22761\SFR\SFR\bin\x64\Debug\net8.0-windows\win-x64\System.Xml.Serialization.dll".
  Deleting file "C:\Users\roman\source\repos\ec22761\SFR\SFR\bin\x64\Debug\net8.0-windows\win-x64\System.Xml.XDocument.dll".
  Deleting file "C:\Users\roman\source\repos\ec22761\SFR\SFR\bin\x64\Debug\net8.0-windows\win-x64\System.Xml.XPath.XDocument.dll".
  Deleting file "C:\Users\roman\source\repos\ec22761\SFR\SFR\bin\x64\Debug\net8.0-windows\win-x64\System.Xml.XPath.dll".
  Deleting file "C:\Users\roman\source\repos\ec22761\SFR\SFR\bin\x64\Debug\net8.0-windows\win-x64\System.Xml.XmlDocument.dll".
  Deleting file "C:\Users\roman\source\repos\ec22761\SFR\SFR\bin\x64\Debug\net8.0-windows\win-x64\System.Xml.XmlSerializer.dll".
  Deleting file "C:\Users\roman\source\repos\ec22761\SFR\SFR\bin\x64\Debug\net8.0-windows\win-x64\System.Xml.dll".
  Deleting file "C:\Users\roman\source\repos\ec22761\SFR\SFR\bin\x64\Debug\net8.0-windows\win-x64\System.dll".
  Deleting file "C:\Users\roman\source\repos\ec22761\SFR\SFR\bin\x64\Debug\net8.0-windows\win-x64\mscorlib.dll".
  Deleting file "C:\Users\roman\source\repos\ec22761\SFR\SFR\bin\x64\Debug\net8.0-windows\win-x64\netstandard.dll".
  Deleting file "C:\Users\roman\source\repos\ec22761\SFR\SFR\bin\x64\Debug\net8.0-windows\win-x64\Accessibility.dll".
  Deleting file "C:\Users\roman\source\repos\ec22761\SFR\SFR\bin\x64\Debug\net8.0-windows\win-x64\DirectWriteForwarder.dll".
  Deleting file "C:\Users\roman\source\repos\ec22761\SFR\SFR\bin\x64\Debug\net8.0-windows\win-x64\Microsoft.VisualBasic.Forms.dll".
  Deleting file "C:\Users\roman\source\repos\ec22761\SFR\SFR\bin\x64\Debug\net8.0-windows\win-x64\Microsoft.VisualBasic.dll".
  Deleting file "C:\Users\roman\source\repos\ec22761\SFR\SFR\bin\x64\Debug\net8.0-windows\win-x64\Microsoft.Win32.Registry.AccessControl.dll".
  Deleting file "C:\Users\roman\source\repos\ec22761\SFR\SFR\bin\x64\Debug\net8.0-windows\win-x64\Microsoft.Win32.SystemEvents.dll".
  Deleting file "C:\Users\roman\source\repos\ec22761\SFR\SFR\bin\x64\Debug\net8.0-windows\win-x64\PresentationCore.dll".
  Deleting file "C:\Users\roman\source\repos\ec22761\SFR\SFR\bin\x64\Debug\net8.0-windows\win-x64\PresentationFramework-SystemCore.dll".
  Deleting file "C:\Users\roman\source\repos\ec22761\SFR\SFR\bin\x64\Debug\net8.0-windows\win-x64\PresentationFramework-SystemData.dll".
  Deleting file "C:\Users\roman\source\repos\ec22761\SFR\SFR\bin\x64\Debug\net8.0-windows\win-x64\PresentationFramework-SystemDrawing.dll".
  Deleting file "C:\Users\roman\source\repos\ec22761\SFR\SFR\bin\x64\Debug\net8.0-windows\win-x64\PresentationFramework-SystemXml.dll".
  Deleting file "C:\Users\roman\source\repos\ec22761\SFR\SFR\bin\x64\Debug\net8.0-windows\win-x64\PresentationFramework-SystemXmlLinq.dll".
  Deleting file "C:\Users\roman\source\repos\ec22761\SFR\SFR\bin\x64\Debug\net8.0-windows\win-x64\PresentationFramework.Aero.dll".
  Deleting file "C:\Users\roman\source\repos\ec22761\SFR\SFR\bin\x64\Debug\net8.0-windows\win-x64\PresentationFramework.Aero2.dll".
  Deleting file "C:\Users\roman\source\repos\ec22761\SFR\SFR\bin\x64\Debug\net8.0-windows\win-x64\PresentationFramework.AeroLite.dll".
  Deleting file "C:\Users\roman\source\repos\ec22761\SFR\SFR\bin\x64\Debug\net8.0-windows\win-x64\PresentationFramework.Classic.dll".
  Deleting file "C:\Users\roman\source\repos\ec22761\SFR\SFR\bin\x64\Debug\net8.0-windows\win-x64\PresentationFramework.Luna.dll".
  Deleting file "C:\Users\roman\source\repos\ec22761\SFR\SFR\bin\x64\Debug\net8.0-windows\win-x64\PresentationFramework.Royale.dll".
  Deleting file "C:\Users\roman\source\repos\ec22761\SFR\SFR\bin\x64\Debug\net8.0-windows\win-x64\PresentationFramework.dll".
  Deleting file "C:\Users\roman\source\repos\ec22761\SFR\SFR\bin\x64\Debug\net8.0-windows\win-x64\PresentationUI.dll".
  Deleting file "C:\Users\roman\source\repos\ec22761\SFR\SFR\bin\x64\Debug\net8.0-windows\win-x64\ReachFramework.dll".
  Deleting file "C:\Users\roman\source\repos\ec22761\SFR\SFR\bin\x64\Debug\net8.0-windows\win-x64\System.CodeDom.dll".
  Deleting file "C:\Users\roman\source\repos\ec22761\SFR\SFR\bin\x64\Debug\net8.0-windows\win-x64\System.Configuration.ConfigurationManager.dll".
  Deleting file "C:\Users\roman\source\repos\ec22761\SFR\SFR\bin\x64\Debug\net8.0-windows\win-x64\System.Design.dll".
  Deleting file "C:\Users\roman\source\repos\ec22761\SFR\SFR\bin\x64\Debug\net8.0-windows\win-x64\System.Diagnostics.EventLog.Messages.dll".
  Deleting file "C:\Users\roman\source\repos\ec22761\SFR\SFR\bin\x64\Debug\net8.0-windows\win-x64\System.Diagnostics.EventLog.dll".
  Deleting file "C:\Users\roman\source\repos\ec22761\SFR\SFR\bin\x64\Debug\net8.0-windows\win-x64\System.Diagnostics.PerformanceCounter.dll".
  Deleting file "C:\Users\roman\source\repos\ec22761\SFR\SFR\bin\x64\Debug\net8.0-windows\win-x64\System.DirectoryServices.dll".
  Deleting file "C:\Users\roman\source\repos\ec22761\SFR\SFR\bin\x64\Debug\net8.0-windows\win-x64\System.Drawing.Common.dll".
  Deleting file "C:\Users\roman\source\repos\ec22761\SFR\SFR\bin\x64\Debug\net8.0-windows\win-x64\System.Drawing.Design.dll".
  Deleting file "C:\Users\roman\source\repos\ec22761\SFR\SFR\bin\x64\Debug\net8.0-windows\win-x64\System.Drawing.dll".
  Deleting file "C:\Users\roman\source\repos\ec22761\SFR\SFR\bin\x64\Debug\net8.0-windows\win-x64\System.IO.Packaging.dll".
  Deleting file "C:\Users\roman\source\repos\ec22761\SFR\SFR\bin\x64\Debug\net8.0-windows\win-x64\System.Printing.dll".
  Deleting file "C:\Users\roman\source\repos\ec22761\SFR\SFR\bin\x64\Debug\net8.0-windows\win-x64\System.Resources.Extensions.dll".
  Deleting file "C:\Users\roman\source\repos\ec22761\SFR\SFR\bin\x64\Debug\net8.0-windows\win-x64\System.Security.Cryptography.Pkcs.dll".
  Deleting file "C:\Users\roman\source\repos\ec22761\SFR\SFR\bin\x64\Debug\net8.0-windows\win-x64\System.Security.Cryptography.ProtectedData.dll".
  Deleting file "C:\Users\roman\source\repos\ec22761\SFR\SFR\bin\x64\Debug\net8.0-windows\win-x64\System.Security.Cryptography.Xml.dll".
  Deleting file "C:\Users\roman\source\repos\ec22761\SFR\SFR\bin\x64\Debug\net8.0-windows\win-x64\System.Security.Permissions.dll".
  Deleting file "C:\Users\roman\source\repos\ec22761\SFR\SFR\bin\x64\Debug\net8.0-windows\win-x64\System.Threading.AccessControl.dll".
  Deleting file "C:\Users\roman\source\repos\ec22761\SFR\SFR\bin\x64\Debug\net8.0-windows\win-x64\System.Windows.Controls.Ribbon.dll".
  Deleting file "C:\Users\roman\source\repos\ec22761\SFR\SFR\bin\x64\Debug\net8.0-windows\win-x64\System.Windows.Extensions.dll".
  Deleting file "C:\Users\roman\source\repos\ec22761\SFR\SFR\bin\x64\Debug\net8.0-windows\win-x64\System.Windows.Forms.Design.Editors.dll".
  Deleting file "C:\Users\roman\source\repos\ec22761\SFR\SFR\bin\x64\Debug\net8.0-windows\win-x64\System.Windows.Forms.Design.dll".
  Deleting file "C:\Users\roman\source\repos\ec22761\SFR\SFR\bin\x64\Debug\net8.0-windows\win-x64\System.Windows.Forms.Primitives.dll".
  Deleting file "C:\Users\roman\source\repos\ec22761\SFR\SFR\bin\x64\Debug\net8.0-windows\win-x64\System.Windows.Forms.dll".
  Deleting file "C:\Users\roman\source\repos\ec22761\SFR\SFR\bin\x64\Debug\net8.0-windows\win-x64\System.Windows.Input.Manipulations.dll".
  Deleting file "C:\Users\roman\source\repos\ec22761\SFR\SFR\bin\x64\Debug\net8.0-windows\win-x64\System.Windows.Presentation.dll".
  Deleting file "C:\Users\roman\source\repos\ec22761\SFR\SFR\bin\x64\Debug\net8.0-windows\win-x64\System.Xaml.dll".
  Deleting file "C:\Users\roman\source\repos\ec22761\SFR\SFR\bin\x64\Debug\net8.0-windows\win-x64\UIAutomationClient.dll".
  Deleting file "C:\Users\roman\source\repos\ec22761\SFR\SFR\bin\x64\Debug\net8.0-windows\win-x64\UIAutomationClientSideProviders.dll".
  Deleting file "C:\Users\roman\source\repos\ec22761\SFR\SFR\bin\x64\Debug\net8.0-windows\win-x64\UIAutomationProvider.dll".
  Deleting file "C:\Users\roman\source\repos\ec22761\SFR\SFR\bin\x64\Debug\net8.0-windows\win-x64\UIAutomationTypes.dll".
  Deleting file "C:\Users\roman\source\repos\ec22761\SFR\SFR\bin\x64\Debug\net8.0-windows\win-x64\WindowsBase.dll".
  Deleting file "C:\Users\roman\source\repos\ec22761\SFR\SFR\bin\x64\Debug\net8.0-windows\win-x64\WindowsFormsIntegration.dll".
  Deleting file "C:\Users\roman\source\repos\ec22761\SFR\SFR\bin\x64\Debug\net8.0-windows\win-x64\Microsoft.DiaSymReader.Native.amd64.dll".
  Deleting file "C:\Users\roman\source\repos\ec22761\SFR\SFR\bin\x64\Debug\net8.0-windows\win-x64\System.IO.Compression.Native.dll".
  Deleting file "C:\Users\roman\source\repos\ec22761\SFR\SFR\bin\x64\Debug\net8.0-windows\win-x64\clretwrc.dll".
  Deleting file "C:\Users\roman\source\repos\ec22761\SFR\SFR\bin\x64\Debug\net8.0-windows\win-x64\clrgc.dll".
  Deleting file "C:\Users\roman\source\repos\ec22761\SFR\SFR\bin\x64\Debug\net8.0-windows\win-x64\clrjit.dll".
  Deleting file "C:\Users\roman\source\repos\ec22761\SFR\SFR\bin\x64\Debug\net8.0-windows\win-x64\coreclr.dll".
  Deleting file "C:\Users\roman\source\repos\ec22761\SFR\SFR\bin\x64\Debug\net8.0-windows\win-x64\createdump.exe".
  Deleting file "C:\Users\roman\source\repos\ec22761\SFR\SFR\bin\x64\Debug\net8.0-windows\win-x64\hostfxr.dll".
  Deleting file "C:\Users\roman\source\repos\ec22761\SFR\SFR\bin\x64\Debug\net8.0-windows\win-x64\hostpolicy.dll".
  Deleting file "C:\Users\roman\source\repos\ec22761\SFR\SFR\bin\x64\Debug\net8.0-windows\win-x64\mscordaccore.dll".
  Deleting file "C:\Users\roman\source\repos\ec22761\SFR\SFR\bin\x64\Debug\net8.0-windows\win-x64\mscordaccore_amd64_amd64_8.0.2426.7010.dll".
  Deleting file "C:\Users\roman\source\repos\ec22761\SFR\SFR\bin\x64\Debug\net8.0-windows\win-x64\mscordbi.dll".
  Deleting file "C:\Users\roman\source\repos\ec22761\SFR\SFR\bin\x64\Debug\net8.0-windows\win-x64\mscorrc.dll".
  Deleting file "C:\Users\roman\source\repos\ec22761\SFR\SFR\bin\x64\Debug\net8.0-windows\win-x64\msquic.dll".
  Deleting file "C:\Users\roman\source\repos\ec22761\SFR\SFR\bin\x64\Debug\net8.0-windows\win-x64\D3DCompiler_47_cor3.dll".
  Deleting file "C:\Users\roman\source\repos\ec22761\SFR\SFR\bin\x64\Debug\net8.0-windows\win-x64\PenImc_cor3.dll".
  Deleting file "C:\Users\roman\source\repos\ec22761\SFR\SFR\bin\x64\Debug\net8.0-windows\win-x64\PresentationNative_cor3.dll".
  Deleting file "C:\Users\roman\source\repos\ec22761\SFR\SFR\bin\x64\Debug\net8.0-windows\win-x64\vcruntime140_cor3.dll".
  Deleting file "C:\Users\roman\source\repos\ec22761\SFR\SFR\bin\x64\Debug\net8.0-windows\win-x64\wpfgfx_cor3.dll".
  Deleting file "C:\Users\roman\source\repos\ec22761\SFR\SFR\bin\x64\Debug\net8.0-windows\win-x64\cs\Microsoft.VisualBasic.Forms.resources.dll".
  Deleting file "C:\Users\roman\source\repos\ec22761\SFR\SFR\bin\x64\Debug\net8.0-windows\win-x64\cs\PresentationCore.resources.dll".
  Deleting file "C:\Users\roman\source\repos\ec22761\SFR\SFR\bin\x64\Debug\net8.0-windows\win-x64\cs\PresentationFramework.resources.dll".
  Deleting file "C:\Users\roman\source\repos\ec22761\SFR\SFR\bin\x64\Debug\net8.0-windows\win-x64\cs\PresentationUI.resources.dll".
  Deleting file "C:\Users\roman\source\repos\ec22761\SFR\SFR\bin\x64\Debug\net8.0-windows\win-x64\cs\ReachFramework.resources.dll".
  Deleting file "C:\Users\roman\source\repos\ec22761\SFR\SFR\bin\x64\Debug\net8.0-windows\win-x64\cs\System.Windows.Controls.Ribbon.resources.dll".
  Deleting file "C:\Users\roman\source\repos\ec22761\SFR\SFR\bin\x64\Debug\net8.0-windows\win-x64\cs\System.Windows.Forms.Design.resources.dll".
  Deleting file "C:\Users\roman\source\repos\ec22761\SFR\SFR\bin\x64\Debug\net8.0-windows\win-x64\cs\System.Windows.Forms.Primitives.resources.dll".
  Deleting file "C:\Users\roman\source\repos\ec22761\SFR\SFR\bin\x64\Debug\net8.0-windows\win-x64\cs\System.Windows.Forms.resources.dll".
  Deleting file "C:\Users\roman\source\repos\ec22761\SFR\SFR\bin\x64\Debug\net8.0-windows\win-x64\cs\System.Windows.Input.Manipulations.resources.dll".
  Deleting file "C:\Users\roman\source\repos\ec22761\SFR\SFR\bin\x64\Debug\net8.0-windows\win-x64\cs\System.Xaml.resources.dll".
  Deleting file "C:\Users\roman\source\repos\ec22761\SFR\SFR\bin\x64\Debug\net8.0-windows\win-x64\cs\UIAutomationClient.resources.dll".
  Deleting file "C:\Users\roman\source\repos\ec22761\SFR\SFR\bin\x64\Debug\net8.0-windows\win-x64\cs\UIAutomationClientSideProviders.resources.dll".
  Deleting file "C:\Users\roman\source\repos\ec22761\SFR\SFR\bin\x64\Debug\net8.0-windows\win-x64\cs\UIAutomationProvider.resources.dll".
  Deleting file "C:\Users\roman\source\repos\ec22761\SFR\SFR\bin\x64\Debug\net8.0-windows\win-x64\cs\UIAutomationTypes.resources.dll".
  Deleting file "C:\Users\roman\source\repos\ec22761\SFR\SFR\bin\x64\Debug\net8.0-windows\win-x64\cs\WindowsBase.resources.dll".
  Deleting file "C:\Users\roman\source\repos\ec22761\SFR\SFR\bin\x64\Debug\net8.0-windows\win-x64\cs\WindowsFormsIntegration.resources.dll".
  Deleting file "C:\Users\roman\source\repos\ec22761\SFR\SFR\bin\x64\Debug\net8.0-windows\win-x64\de\Microsoft.VisualBasic.Forms.resources.dll".
  Deleting file "C:\Users\roman\source\repos\ec22761\SFR\SFR\bin\x64\Debug\net8.0-windows\win-x64\de\PresentationCore.resources.dll".
  Deleting file "C:\Users\roman\source\repos\ec22761\SFR\SFR\bin\x64\Debug\net8.0-windows\win-x64\de\PresentationFramework.resources.dll".
  Deleting file "C:\Users\roman\source\repos\ec22761\SFR\SFR\bin\x64\Debug\net8.0-windows\win-x64\de\PresentationUI.resources.dll".
  Deleting file "C:\Users\roman\source\repos\ec22761\SFR\SFR\bin\x64\Debug\net8.0-windows\win-x64\de\ReachFramework.resources.dll".
  Deleting file "C:\Users\roman\source\repos\ec22761\SFR\SFR\bin\x64\Debug\net8.0-windows\win-x64\de\System.Windows.Controls.Ribbon.resources.dll".
  Deleting file "C:\Users\roman\source\repos\ec22761\SFR\SFR\bin\x64\Debug\net8.0-windows\win-x64\de\System.Windows.Forms.Design.resources.dll".
  Deleting file "C:\Users\roman\source\repos\ec22761\SFR\SFR\bin\x64\Debug\net8.0-windows\win-x64\de\System.Windows.Forms.Primitives.resources.dll".
  Deleting file "C:\Users\roman\source\repos\ec22761\SFR\SFR\bin\x64\Debug\net8.0-windows\win-x64\de\System.Windows.Forms.resources.dll".
  Deleting file "C:\Users\roman\source\repos\ec22761\SFR\SFR\bin\x64\Debug\net8.0-windows\win-x64\de\System.Windows.Input.Manipulations.resources.dll".
  Deleting file "C:\Users\roman\source\repos\ec22761\SFR\SFR\bin\x64\Debug\net8.0-windows\win-x64\de\System.Xaml.resources.dll".
  Deleting file "C:\Users\roman\source\repos\ec22761\SFR\SFR\bin\x64\Debug\net8.0-windows\win-x64\de\UIAutomationClient.resources.dll".
  Deleting file "C:\Users\roman\source\repos\ec22761\SFR\SFR\bin\x64\Debug\net8.0-windows\win-x64\de\UIAutomationClientSideProviders.resources.dll".
  Deleting file "C:\Users\roman\source\repos\ec22761\SFR\SFR\bin\x64\Debug\net8.0-windows\win-x64\de\UIAutomationProvider.resources.dll".
  Deleting file "C:\Users\roman\source\repos\ec22761\SFR\SFR\bin\x64\Debug\net8.0-windows\win-x64\de\UIAutomationTypes.resources.dll".
  Deleting file "C:\Users\roman\source\repos\ec22761\SFR\SFR\bin\x64\Debug\net8.0-windows\win-x64\de\WindowsBase.resources.dll".
  Deleting file "C:\Users\roman\source\repos\ec22761\SFR\SFR\bin\x64\Debug\net8.0-windows\win-x64\de\WindowsFormsIntegration.resources.dll".
  Deleting file "C:\Users\roman\source\repos\ec22761\SFR\SFR\bin\x64\Debug\net8.0-windows\win-x64\es\Microsoft.VisualBasic.Forms.resources.dll".
  Deleting file "C:\Users\roman\source\repos\ec22761\SFR\SFR\bin\x64\Debug\net8.0-windows\win-x64\es\PresentationCore.resources.dll".
  Deleting file "C:\Users\roman\source\repos\ec22761\SFR\SFR\bin\x64\Debug\net8.0-windows\win-x64\es\PresentationFramework.resources.dll".
  Deleting file "C:\Users\roman\source\repos\ec22761\SFR\SFR\bin\x64\Debug\net8.0-windows\win-x64\es\PresentationUI.resources.dll".
  Deleting file "C:\Users\roman\source\repos\ec22761\SFR\SFR\bin\x64\Debug\net8.0-windows\win-x64\es\ReachFramework.resources.dll".
  Deleting file "C:\Users\roman\source\repos\ec22761\SFR\SFR\bin\x64\Debug\net8.0-windows\win-x64\es\System.Windows.Controls.Ribbon.resources.dll".
  Deleting file "C:\Users\roman\source\repos\ec22761\SFR\SFR\bin\x64\Debug\net8.0-windows\win-x64\es\System.Windows.Forms.Design.resources.dll".
  Deleting file "C:\Users\roman\source\repos\ec22761\SFR\SFR\bin\x64\Debug\net8.0-windows\win-x64\es\System.Windows.Forms.Primitives.resources.dll".
  Deleting file "C:\Users\roman\source\repos\ec22761\SFR\SFR\bin\x64\Debug\net8.0-windows\win-x64\es\System.Windows.Forms.resources.dll".
  Deleting file "C:\Users\roman\source\repos\ec22761\SFR\SFR\bin\x64\Debug\net8.0-windows\win-x64\es\System.Windows.Input.Manipulations.resources.dll".
  Deleting file "C:\Users\roman\source\repos\ec22761\SFR\SFR\bin\x64\Debug\net8.0-windows\win-x64\es\System.Xaml.resources.dll".
  Deleting file "C:\Users\roman\source\repos\ec22761\SFR\SFR\bin\x64\Debug\net8.0-windows\win-x64\es\UIAutomationClient.resources.dll".
  Deleting file "C:\Users\roman\source\repos\ec22761\SFR\SFR\bin\x64\Debug\net8.0-windows\win-x64\es\UIAutomationClientSideProviders.resources.dll".
  Deleting file "C:\Users\roman\source\repos\ec22761\SFR\SFR\bin\x64\Debug\net8.0-windows\win-x64\es\UIAutomationProvider.resources.dll".
  Deleting file "C:\Users\roman\source\repos\ec22761\SFR\SFR\bin\x64\Debug\net8.0-windows\win-x64\es\UIAutomationTypes.resources.dll".
  Deleting file "C:\Users\roman\source\repos\ec22761\SFR\SFR\bin\x64\Debug\net8.0-windows\win-x64\es\WindowsBase.resources.dll".
  Deleting file "C:\Users\roman\source\repos\ec22761\SFR\SFR\bin\x64\Debug\net8.0-windows\win-x64\es\WindowsFormsIntegration.resources.dll".
  Deleting file "C:\Users\roman\source\repos\ec22761\SFR\SFR\bin\x64\Debug\net8.0-windows\win-x64\fr\Microsoft.VisualBasic.Forms.resources.dll".
  Deleting file "C:\Users\roman\source\repos\ec22761\SFR\SFR\bin\x64\Debug\net8.0-windows\win-x64\fr\PresentationCore.resources.dll".
  Deleting file "C:\Users\roman\source\repos\ec22761\SFR\SFR\bin\x64\Debug\net8.0-windows\win-x64\fr\PresentationFramework.resources.dll".
  Deleting file "C:\Users\roman\source\repos\ec22761\SFR\SFR\bin\x64\Debug\net8.0-windows\win-x64\fr\PresentationUI.resources.dll".
  Deleting file "C:\Users\roman\source\repos\ec22761\SFR\SFR\bin\x64\Debug\net8.0-windows\win-x64\fr\ReachFramework.resources.dll".
  Deleting file "C:\Users\roman\source\repos\ec22761\SFR\SFR\bin\x64\Debug\net8.0-windows\win-x64\fr\System.Windows.Controls.Ribbon.resources.dll".
  Deleting file "C:\Users\roman\source\repos\ec22761\SFR\SFR\bin\x64\Debug\net8.0-windows\win-x64\fr\System.Windows.Forms.Design.resources.dll".
  Deleting file "C:\Users\roman\source\repos\ec22761\SFR\SFR\bin\x64\Debug\net8.0-windows\win-x64\fr\System.Windows.Forms.Primitives.resources.dll".
  Deleting file "C:\Users\roman\source\repos\ec22761\SFR\SFR\bin\x64\Debug\net8.0-windows\win-x64\fr\System.Windows.Forms.resources.dll".
  Deleting file "C:\Users\roman\source\repos\ec22761\SFR\SFR\bin\x64\Debug\net8.0-windows\win-x64\fr\System.Windows.Input.Manipulations.resources.dll".
  Deleting file "C:\Users\roman\source\repos\ec22761\SFR\SFR\bin\x64\Debug\net8.0-windows\win-x64\fr\System.Xaml.resources.dll".
  Deleting file "C:\Users\roman\source\repos\ec22761\SFR\SFR\bin\x64\Debug\net8.0-windows\win-x64\fr\UIAutomationClient.resources.dll".
  Deleting file "C:\Users\roman\source\repos\ec22761\SFR\SFR\bin\x64\Debug\net8.0-windows\win-x64\fr\UIAutomationClientSideProviders.resources.dll".
  Deleting file "C:\Users\roman\source\repos\ec22761\SFR\SFR\bin\x64\Debug\net8.0-windows\win-x64\fr\UIAutomationProvider.resources.dll".
  Deleting file "C:\Users\roman\source\repos\ec22761\SFR\SFR\bin\x64\Debug\net8.0-windows\win-x64\fr\UIAutomationTypes.resources.dll".
  Deleting file "C:\Users\roman\source\repos\ec22761\SFR\SFR\bin\x64\Debug\net8.0-windows\win-x64\fr\WindowsBase.resources.dll".
  Deleting file "C:\Users\roman\source\repos\ec22761\SFR\SFR\bin\x64\Debug\net8.0-windows\win-x64\fr\WindowsFormsIntegration.resources.dll".
  Deleting file "C:\Users\roman\source\repos\ec22761\SFR\SFR\bin\x64\Debug\net8.0-windows\win-x64\it\Microsoft.VisualBasic.Forms.resources.dll".
  Deleting file "C:\Users\roman\source\repos\ec22761\SFR\SFR\bin\x64\Debug\net8.0-windows\win-x64\it\PresentationCore.resources.dll".
  Deleting file "C:\Users\roman\source\repos\ec22761\SFR\SFR\bin\x64\Debug\net8.0-windows\win-x64\it\PresentationFramework.resources.dll".
  Deleting file "C:\Users\roman\source\repos\ec22761\SFR\SFR\bin\x64\Debug\net8.0-windows\win-x64\it\PresentationUI.resources.dll".
  Deleting file "C:\Users\roman\source\repos\ec22761\SFR\SFR\bin\x64\Debug\net8.0-windows\win-x64\it\ReachFramework.resources.dll".
  Deleting file "C:\Users\roman\source\repos\ec22761\SFR\SFR\bin\x64\Debug\net8.0-windows\win-x64\it\System.Windows.Controls.Ribbon.resources.dll".
  Deleting file "C:\Users\roman\source\repos\ec22761\SFR\SFR\bin\x64\Debug\net8.0-windows\win-x64\it\System.Windows.Forms.Design.resources.dll".
  Deleting file "C:\Users\roman\source\repos\ec22761\SFR\SFR\bin\x64\Debug\net8.0-windows\win-x64\it\System.Windows.Forms.Primitives.resources.dll".
  Deleting file "C:\Users\roman\source\repos\ec22761\SFR\SFR\bin\x64\Debug\net8.0-windows\win-x64\it\System.Windows.Forms.resources.dll".
  Deleting file "C:\Users\roman\source\repos\ec22761\SFR\SFR\bin\x64\Debug\net8.0-windows\win-x64\it\System.Windows.Input.Manipulations.resources.dll".
  Deleting file "C:\Users\roman\source\repos\ec22761\SFR\SFR\bin\x64\Debug\net8.0-windows\win-x64\it\System.Xaml.resources.dll".
  Deleting file "C:\Users\roman\source\repos\ec22761\SFR\SFR\bin\x64\Debug\net8.0-windows\win-x64\it\UIAutomationClient.resources.dll".
  Deleting file "C:\Users\roman\source\repos\ec22761\SFR\SFR\bin\x64\Debug\net8.0-windows\win-x64\it\UIAutomationClientSideProviders.resources.dll".
  Deleting file "C:\Users\roman\source\repos\ec22761\SFR\SFR\bin\x64\Debug\net8.0-windows\win-x64\it\UIAutomationProvider.resources.dll".
  Deleting file "C:\Users\roman\source\repos\ec22761\SFR\SFR\bin\x64\Debug\net8.0-windows\win-x64\it\UIAutomationTypes.resources.dll".
  Deleting file "C:\Users\roman\source\repos\ec22761\SFR\SFR\bin\x64\Debug\net8.0-windows\win-x64\it\WindowsBase.resources.dll".
  Deleting file "C:\Users\roman\source\repos\ec22761\SFR\SFR\bin\x64\Debug\net8.0-windows\win-x64\it\WindowsFormsIntegration.resources.dll".
  Deleting file "C:\Users\roman\source\repos\ec22761\SFR\SFR\bin\x64\Debug\net8.0-windows\win-x64\ja\Microsoft.VisualBasic.Forms.resources.dll".
  Deleting file "C:\Users\roman\source\repos\ec22761\SFR\SFR\bin\x64\Debug\net8.0-windows\win-x64\ja\PresentationCore.resources.dll".
  Deleting file "C:\Users\roman\source\repos\ec22761\SFR\SFR\bin\x64\Debug\net8.0-windows\win-x64\ja\PresentationFramework.resources.dll".
  Deleting file "C:\Users\roman\source\repos\ec22761\SFR\SFR\bin\x64\Debug\net8.0-windows\win-x64\ja\PresentationUI.resources.dll".
  Deleting file "C:\Users\roman\source\repos\ec22761\SFR\SFR\bin\x64\Debug\net8.0-windows\win-x64\ja\ReachFramework.resources.dll".
  Deleting file "C:\Users\roman\source\repos\ec22761\SFR\SFR\bin\x64\Debug\net8.0-windows\win-x64\ja\System.Windows.Controls.Ribbon.resources.dll".
  Deleting file "C:\Users\roman\source\repos\ec22761\SFR\SFR\bin\x64\Debug\net8.0-windows\win-x64\ja\System.Windows.Forms.Design.resources.dll".
  Deleting file "C:\Users\roman\source\repos\ec22761\SFR\SFR\bin\x64\Debug\net8.0-windows\win-x64\ja\System.Windows.Forms.Primitives.resources.dll".
  Deleting file "C:\Users\roman\source\repos\ec22761\SFR\SFR\bin\x64\Debug\net8.0-windows\win-x64\ja\System.Windows.Forms.resources.dll".
  Deleting file "C:\Users\roman\source\repos\ec22761\SFR\SFR\bin\x64\Debug\net8.0-windows\win-x64\ja\System.Windows.Input.Manipulations.resources.dll".
  Deleting file "C:\Users\roman\source\repos\ec22761\SFR\SFR\bin\x64\Debug\net8.0-windows\win-x64\ja\System.Xaml.resources.dll".
  Deleting file "C:\Users\roman\source\repos\ec22761\SFR\SFR\bin\x64\Debug\net8.0-windows\win-x64\ja\UIAutomationClient.resources.dll".
  Deleting file "C:\Users\roman\source\repos\ec22761\SFR\SFR\bin\x64\Debug\net8.0-windows\win-x64\ja\UIAutomationClientSideProviders.resources.dll".
  Deleting file "C:\Users\roman\source\repos\ec22761\SFR\SFR\bin\x64\Debug\net8.0-windows\win-x64\ja\UIAutomationProvider.resources.dll".
  Deleting file "C:\Users\roman\source\repos\ec22761\SFR\SFR\bin\x64\Debug\net8.0-windows\win-x64\ja\UIAutomationTypes.resources.dll".
  Deleting file "C:\Users\roman\source\repos\ec22761\SFR\SFR\bin\x64\Debug\net8.0-windows\win-x64\ja\WindowsBase.resources.dll".
  Deleting file "C:\Users\roman\source\repos\ec22761\SFR\SFR\bin\x64\Debug\net8.0-windows\win-x64\ja\WindowsFormsIntegration.resources.dll".
  Deleting file "C:\Users\roman\source\repos\ec22761\SFR\SFR\bin\x64\Debug\net8.0-windows\win-x64\ko\Microsoft.VisualBasic.Forms.resources.dll".
  Deleting file "C:\Users\roman\source\repos\ec22761\SFR\SFR\bin\x64\Debug\net8.0-windows\win-x64\ko\PresentationCore.resources.dll".
  Deleting file "C:\Users\roman\source\repos\ec22761\SFR\SFR\bin\x64\Debug\net8.0-windows\win-x64\ko\PresentationFramework.resources.dll".
  Deleting file "C:\Users\roman\source\repos\ec22761\SFR\SFR\bin\x64\Debug\net8.0-windows\win-x64\ko\PresentationUI.resources.dll".
  Deleting file "C:\Users\roman\source\repos\ec22761\SFR\SFR\bin\x64\Debug\net8.0-windows\win-x64\ko\ReachFramework.resources.dll".
  Deleting file "C:\Users\roman\source\repos\ec22761\SFR\SFR\bin\x64\Debug\net8.0-windows\win-x64\ko\System.Windows.Controls.Ribbon.resources.dll".
  Deleting file "C:\Users\roman\source\repos\ec22761\SFR\SFR\bin\x64\Debug\net8.0-windows\win-x64\ko\System.Windows.Forms.Design.resources.dll".
  Deleting file "C:\Users\roman\source\repos\ec22761\SFR\SFR\bin\x64\Debug\net8.0-windows\win-x64\ko\System.Windows.Forms.Primitives.resources.dll".
  Deleting file "C:\Users\roman\source\repos\ec22761\SFR\SFR\bin\x64\Debug\net8.0-windows\win-x64\ko\System.Windows.Forms.resources.dll".
  Deleting file "C:\Users\roman\source\repos\ec22761\SFR\SFR\bin\x64\Debug\net8.0-windows\win-x64\ko\System.Windows.Input.Manipulations.resources.dll".
  Deleting file "C:\Users\roman\source\repos\ec22761\SFR\SFR\bin\x64\Debug\net8.0-windows\win-x64\ko\System.Xaml.resources.dll".
  Deleting file "C:\Users\roman\source\repos\ec22761\SFR\SFR\bin\x64\Debug\net8.0-windows\win-x64\ko\UIAutomationClient.resources.dll".
  Deleting file "C:\Users\roman\source\repos\ec22761\SFR\SFR\bin\x64\Debug\net8.0-windows\win-x64\ko\UIAutomationClientSideProviders.resources.dll".
  Deleting file "C:\Users\roman\source\repos\ec22761\SFR\SFR\bin\x64\Debug\net8.0-windows\win-x64\ko\UIAutomationProvider.resources.dll".
  Deleting file "C:\Users\roman\source\repos\ec22761\SFR\SFR\bin\x64\Debug\net8.0-windows\win-x64\ko\UIAutomationTypes.resources.dll".
  Deleting file "C:\Users\roman\source\repos\ec22761\SFR\SFR\bin\x64\Debug\net8.0-windows\win-x64\ko\WindowsBase.resources.dll".
  Deleting file "C:\Users\roman\source\repos\ec22761\SFR\SFR\bin\x64\Debug\net8.0-windows\win-x64\ko\WindowsFormsIntegration.resources.dll".
  Deleting file "C:\Users\roman\source\repos\ec22761\SFR\SFR\bin\x64\Debug\net8.0-windows\win-x64\pl\Microsoft.VisualBasic.Forms.resources.dll".
  Deleting file "C:\Users\roman\source\repos\ec22761\SFR\SFR\bin\x64\Debug\net8.0-windows\win-x64\pl\PresentationCore.resources.dll".
  Deleting file "C:\Users\roman\source\repos\ec22761\SFR\SFR\bin\x64\Debug\net8.0-windows\win-x64\pl\PresentationFramework.resources.dll".
  Deleting file "C:\Users\roman\source\repos\ec22761\SFR\SFR\bin\x64\Debug\net8.0-windows\win-x64\pl\PresentationUI.resources.dll".
  Deleting file "C:\Users\roman\source\repos\ec22761\SFR\SFR\bin\x64\Debug\net8.0-windows\win-x64\pl\ReachFramework.resources.dll".
  Deleting file "C:\Users\roman\source\repos\ec22761\SFR\SFR\bin\x64\Debug\net8.0-windows\win-x64\pl\System.Windows.Controls.Ribbon.resources.dll".
  Deleting file "C:\Users\roman\source\repos\ec22761\SFR\SFR\bin\x64\Debug\net8.0-windows\win-x64\pl\System.Windows.Forms.Design.resources.dll".
  Deleting file "C:\Users\roman\source\repos\ec22761\SFR\SFR\bin\x64\Debug\net8.0-windows\win-x64\pl\System.Windows.Forms.Primitives.resources.dll".
  Deleting file "C:\Users\roman\source\repos\ec22761\SFR\SFR\bin\x64\Debug\net8.0-windows\win-x64\pl\System.Windows.Forms.resources.dll".
  Deleting file "C:\Users\roman\source\repos\ec22761\SFR\SFR\bin\x64\Debug\net8.0-windows\win-x64\pl\System.Windows.Input.Manipulations.resources.dll".
  Deleting file "C:\Users\roman\source\repos\ec22761\SFR\SFR\bin\x64\Debug\net8.0-windows\win-x64\pl\System.Xaml.resources.dll".
  Deleting file "C:\Users\roman\source\repos\ec22761\SFR\SFR\bin\x64\Debug\net8.0-windows\win-x64\pl\UIAutomationClient.resources.dll".
  Deleting file "C:\Users\roman\source\repos\ec22761\SFR\SFR\bin\x64\Debug\net8.0-windows\win-x64\pl\UIAutomationClientSideProviders.resources.dll".
  Deleting file "C:\Users\roman\source\repos\ec22761\SFR\SFR\bin\x64\Debug\net8.0-windows\win-x64\pl\UIAutomationProvider.resources.dll".
  Deleting file "C:\Users\roman\source\repos\ec22761\SFR\SFR\bin\x64\Debug\net8.0-windows\win-x64\pl\UIAutomationTypes.resources.dll".
  Deleting file "C:\Users\roman\source\repos\ec22761\SFR\SFR\bin\x64\Debug\net8.0-windows\win-x64\pl\WindowsBase.resources.dll".
  Deleting file "C:\Users\roman\source\repos\ec22761\SFR\SFR\bin\x64\Debug\net8.0-windows\win-x64\pl\WindowsFormsIntegration.resources.dll".
  Deleting file "C:\Users\roman\source\repos\ec22761\SFR\SFR\bin\x64\Debug\net8.0-windows\win-x64\pt-BR\Microsoft.VisualBasic.Forms.resources.dll".
  Deleting file "C:\Users\roman\source\repos\ec22761\SFR\SFR\bin\x64\Debug\net8.0-windows\win-x64\pt-BR\PresentationCore.resources.dll".
  Deleting file "C:\Users\roman\source\repos\ec22761\SFR\SFR\bin\x64\Debug\net8.0-windows\win-x64\pt-BR\PresentationFramework.resources.dll".
  Deleting file "C:\Users\roman\source\repos\ec22761\SFR\SFR\bin\x64\Debug\net8.0-windows\win-x64\pt-BR\PresentationUI.resources.dll".
  Deleting file "C:\Users\roman\source\repos\ec22761\SFR\SFR\bin\x64\Debug\net8.0-windows\win-x64\pt-BR\ReachFramework.resources.dll".
  Deleting file "C:\Users\roman\source\repos\ec22761\SFR\SFR\bin\x64\Debug\net8.0-windows\win-x64\pt-BR\System.Windows.Controls.Ribbon.resources.dll".
  Deleting file "C:\Users\roman\source\repos\ec22761\SFR\SFR\bin\x64\Debug\net8.0-windows\win-x64\pt-BR\System.Windows.Forms.Design.resources.dll".
  Deleting file "C:\Users\roman\source\repos\ec22761\SFR\SFR\bin\x64\Debug\net8.0-windows\win-x64\pt-BR\System.Windows.Forms.Primitives.resources.dll".
  Deleting file "C:\Users\roman\source\repos\ec22761\SFR\SFR\bin\x64\Debug\net8.0-windows\win-x64\pt-BR\System.Windows.Forms.resources.dll".
  Deleting file "C:\Users\roman\source\repos\ec22761\SFR\SFR\bin\x64\Debug\net8.0-windows\win-x64\pt-BR\System.Windows.Input.Manipulations.resources.dll".
  Deleting file "C:\Users\roman\source\repos\ec22761\SFR\SFR\bin\x64\Debug\net8.0-windows\win-x64\pt-BR\System.Xaml.resources.dll".
  Deleting file "C:\Users\roman\source\repos\ec22761\SFR\SFR\bin\x64\Debug\net8.0-windows\win-x64\pt-BR\UIAutomationClient.resources.dll".
  Deleting file "C:\Users\roman\source\repos\ec22761\SFR\SFR\bin\x64\Debug\net8.0-windows\win-x64\pt-BR\UIAutomationClientSideProviders.resources.dll".
  Deleting file "C:\Users\roman\source\repos\ec22761\SFR\SFR\bin\x64\Debug\net8.0-windows\win-x64\pt-BR\UIAutomationProvider.resources.dll".
  Deleting file "C:\Users\roman\source\repos\ec22761\SFR\SFR\bin\x64\Debug\net8.0-windows\win-x64\pt-BR\UIAutomationTypes.resources.dll".
  Deleting file "C:\Users\roman\source\repos\ec22761\SFR\SFR\bin\x64\Debug\net8.0-windows\win-x64\pt-BR\WindowsBase.resources.dll".
  Deleting file "C:\Users\roman\source\repos\ec22761\SFR\SFR\bin\x64\Debug\net8.0-windows\win-x64\pt-BR\WindowsFormsIntegration.resources.dll".
  Deleting file "C:\Users\roman\source\repos\ec22761\SFR\SFR\bin\x64\Debug\net8.0-windows\win-x64\ru\Microsoft.VisualBasic.Forms.resources.dll".
  Deleting file "C:\Users\roman\source\repos\ec22761\SFR\SFR\bin\x64\Debug\net8.0-windows\win-x64\ru\PresentationCore.resources.dll".
  Deleting file "C:\Users\roman\source\repos\ec22761\SFR\SFR\bin\x64\Debug\net8.0-windows\win-x64\ru\PresentationFramework.resources.dll".
  Deleting file "C:\Users\roman\source\repos\ec22761\SFR\SFR\bin\x64\Debug\net8.0-windows\win-x64\ru\PresentationUI.resources.dll".
  Deleting file "C:\Users\roman\source\repos\ec22761\SFR\SFR\bin\x64\Debug\net8.0-windows\win-x64\ru\ReachFramework.resources.dll".
  Deleting file "C:\Users\roman\source\repos\ec22761\SFR\SFR\bin\x64\Debug\net8.0-windows\win-x64\ru\System.Windows.Controls.Ribbon.resources.dll".
  Deleting file "C:\Users\roman\source\repos\ec22761\SFR\SFR\bin\x64\Debug\net8.0-windows\win-x64\ru\System.Windows.Forms.Design.resources.dll".
  Deleting file "C:\Users\roman\source\repos\ec22761\SFR\SFR\bin\x64\Debug\net8.0-windows\win-x64\ru\System.Windows.Forms.Primitives.resources.dll".
  Deleting file "C:\Users\roman\source\repos\ec22761\SFR\SFR\bin\x64\Debug\net8.0-windows\win-x64\ru\System.Windows.Forms.resources.dll".
  Deleting file "C:\Users\roman\source\repos\ec22761\SFR\SFR\bin\x64\Debug\net8.0-windows\win-x64\ru\System.Windows.Input.Manipulations.resources.dll".
  Deleting file "C:\Users\roman\source\repos\ec22761\SFR\SFR\bin\x64\Debug\net8.0-windows\win-x64\ru\System.Xaml.resources.dll".
  Deleting file "C:\Users\roman\source\repos\ec22761\SFR\SFR\bin\x64\Debug\net8.0-windows\win-x64\ru\UIAutomationClient.resources.dll".
  Deleting file "C:\Users\roman\source\repos\ec22761\SFR\SFR\bin\x64\Debug\net8.0-windows\win-x64\ru\UIAutomationClientSideProviders.resources.dll".
  Deleting file "C:\Users\roman\source\repos\ec22761\SFR\SFR\bin\x64\Debug\net8.0-windows\win-x64\ru\UIAutomationProvider.resources.dll".
  Deleting file "C:\Users\roman\source\repos\ec22761\SFR\SFR\bin\x64\Debug\net8.0-windows\win-x64\ru\UIAutomationTypes.resources.dll".
  Deleting file "C:\Users\roman\source\repos\ec22761\SFR\SFR\bin\x64\Debug\net8.0-windows\win-x64\ru\WindowsBase.resources.dll".
  Deleting file "C:\Users\roman\source\repos\ec22761\SFR\SFR\bin\x64\Debug\net8.0-windows\win-x64\ru\WindowsFormsIntegration.resources.dll".
  Deleting file "C:\Users\roman\source\repos\ec22761\SFR\SFR\bin\x64\Debug\net8.0-windows\win-x64\tr\Microsoft.VisualBasic.Forms.resources.dll".
  Deleting file "C:\Users\roman\source\repos\ec22761\SFR\SFR\bin\x64\Debug\net8.0-windows\win-x64\tr\PresentationCore.resources.dll".
  Deleting file "C:\Users\roman\source\repos\ec22761\SFR\SFR\bin\x64\Debug\net8.0-windows\win-x64\tr\PresentationFramework.resources.dll".
  Deleting file "C:\Users\roman\source\repos\ec22761\SFR\SFR\bin\x64\Debug\net8.0-windows\win-x64\tr\PresentationUI.resources.dll".
  Deleting file "C:\Users\roman\source\repos\ec22761\SFR\SFR\bin\x64\Debug\net8.0-windows\win-x64\tr\ReachFramework.resources.dll".
  Deleting file "C:\Users\roman\source\repos\ec22761\SFR\SFR\bin\x64\Debug\net8.0-windows\win-x64\tr\System.Windows.Controls.Ribbon.resources.dll".
  Deleting file "C:\Users\roman\source\repos\ec22761\SFR\SFR\bin\x64\Debug\net8.0-windows\win-x64\tr\System.Windows.Forms.Design.resources.dll".
  Deleting file "C:\Users\roman\source\repos\ec22761\SFR\SFR\bin\x64\Debug\net8.0-windows\win-x64\tr\System.Windows.Forms.Primitives.resources.dll".
  Deleting file "C:\Users\roman\source\repos\ec22761\SFR\SFR\bin\x64\Debug\net8.0-windows\win-x64\tr\System.Windows.Forms.resources.dll".
  Deleting file "C:\Users\roman\source\repos\ec22761\SFR\SFR\bin\x64\Debug\net8.0-windows\win-x64\tr\System.Windows.Input.Manipulations.resources.dll".
  Deleting file "C:\Users\roman\source\repos\ec22761\SFR\SFR\bin\x64\Debug\net8.0-windows\win-x64\tr\System.Xaml.resources.dll".
  Deleting file "C:\Users\roman\source\repos\ec22761\SFR\SFR\bin\x64\Debug\net8.0-windows\win-x64\tr\UIAutomationClient.resources.dll".
  Deleting file "C:\Users\roman\source\repos\ec22761\SFR\SFR\bin\x64\Debug\net8.0-windows\win-x64\tr\UIAutomationClientSideProviders.resources.dll".
  Deleting file "C:\Users\roman\source\repos\ec22761\SFR\SFR\bin\x64\Debug\net8.0-windows\win-x64\tr\UIAutomationProvider.resources.dll".
  Deleting file "C:\Users\roman\source\repos\ec22761\SFR\SFR\bin\x64\Debug\net8.0-windows\win-x64\tr\UIAutomationTypes.resources.dll".
  Deleting file "C:\Users\roman\source\repos\ec22761\SFR\SFR\bin\x64\Debug\net8.0-windows\win-x64\tr\WindowsBase.resources.dll".
  Deleting file "C:\Users\roman\source\repos\ec22761\SFR\SFR\bin\x64\Debug\net8.0-windows\win-x64\tr\WindowsFormsIntegration.resources.dll".
  Deleting file "C:\Users\roman\source\repos\ec22761\SFR\SFR\bin\x64\Debug\net8.0-windows\win-x64\zh-Hans\Microsoft.VisualBasic.Forms.resources.dll".
  Deleting file "C:\Users\roman\source\repos\ec22761\SFR\SFR\bin\x64\Debug\net8.0-windows\win-x64\zh-Hans\PresentationCore.resources.dll".
  Deleting file "C:\Users\roman\source\repos\ec22761\SFR\SFR\bin\x64\Debug\net8.0-windows\win-x64\zh-Hans\PresentationFramework.resources.dll".
  Deleting file "C:\Users\roman\source\repos\ec22761\SFR\SFR\bin\x64\Debug\net8.0-windows\win-x64\zh-Hans\PresentationUI.resources.dll".
  Deleting file "C:\Users\roman\source\repos\ec22761\SFR\SFR\bin\x64\Debug\net8.0-windows\win-x64\zh-Hans\ReachFramework.resources.dll".
  Deleting file "C:\Users\roman\source\repos\ec22761\SFR\SFR\bin\x64\Debug\net8.0-windows\win-x64\zh-Hans\System.Windows.Controls.Ribbon.resources.dll".
  Deleting file "C:\Users\roman\source\repos\ec22761\SFR\SFR\bin\x64\Debug\net8.0-windows\win-x64\zh-Hans\System.Windows.Forms.Design.resources.dll".
  Deleting file "C:\Users\roman\source\repos\ec22761\SFR\SFR\bin\x64\Debug\net8.0-windows\win-x64\zh-Hans\System.Windows.Forms.Primitives.resources.dll".
  Deleting file "C:\Users\roman\source\repos\ec22761\SFR\SFR\bin\x64\Debug\net8.0-windows\win-x64\zh-Hans\System.Windows.Forms.resources.dll".
  Deleting file "C:\Users\roman\source\repos\ec22761\SFR\SFR\bin\x64\Debug\net8.0-windows\win-x64\zh-Hans\System.Windows.Input.Manipulations.resources.dll".
  Deleting file "C:\Users\roman\source\repos\ec22761\SFR\SFR\bin\x64\Debug\net8.0-windows\win-x64\zh-Hans\System.Xaml.resources.dll".
  Deleting file "C:\Users\roman\source\repos\ec22761\SFR\SFR\bin\x64\Debug\net8.0-windows\win-x64\zh-Hans\UIAutomationClient.resources.dll".
  Deleting file "C:\Users\roman\source\repos\ec22761\SFR\SFR\bin\x64\Debug\net8.0-windows\win-x64\zh-Hans\UIAutomationClientSideProviders.resources.dll".
  Deleting file "C:\Users\roman\source\repos\ec22761\SFR\SFR\bin\x64\Debug\net8.0-windows\win-x64\zh-Hans\UIAutomationProvider.resources.dll".
  Deleting file "C:\Users\roman\source\repos\ec22761\SFR\SFR\bin\x64\Debug\net8.0-windows\win-x64\zh-Hans\UIAutomationTypes.resources.dll".
  Deleting file "C:\Users\roman\source\repos\ec22761\SFR\SFR\bin\x64\Debug\net8.0-windows\win-x64\zh-Hans\WindowsBase.resources.dll".
  Deleting file "C:\Users\roman\source\repos\ec22761\SFR\SFR\bin\x64\Debug\net8.0-windows\win-x64\zh-Hans\WindowsFormsIntegration.resources.dll".
  Deleting file "C:\Users\roman\source\repos\ec22761\SFR\SFR\bin\x64\Debug\net8.0-windows\win-x64\zh-Hant\Microsoft.VisualBasic.Forms.resources.dll".
  Deleting file "C:\Users\roman\source\repos\ec22761\SFR\SFR\bin\x64\Debug\net8.0-windows\win-x64\zh-Hant\PresentationCore.resources.dll".
  Deleting file "C:\Users\roman\source\repos\ec22761\SFR\SFR\bin\x64\Debug\net8.0-windows\win-x64\zh-Hant\PresentationFramework.resources.dll".
  Deleting file "C:\Users\roman\source\repos\ec22761\SFR\SFR\bin\x64\Debug\net8.0-windows\win-x64\zh-Hant\PresentationUI.resources.dll".
  Deleting file "C:\Users\roman\source\repos\ec22761\SFR\SFR\bin\x64\Debug\net8.0-windows\win-x64\zh-Hant\ReachFramework.resources.dll".
  Deleting file "C:\Users\roman\source\repos\ec22761\SFR\SFR\bin\x64\Debug\net8.0-windows\win-x64\zh-Hant\System.Windows.Controls.Ribbon.resources.dll".
  Deleting file "C:\Users\roman\source\repos\ec22761\SFR\SFR\bin\x64\Debug\net8.0-windows\win-x64\zh-Hant\System.Windows.Forms.Design.resources.dll".
  Deleting file "C:\Users\roman\source\repos\ec22761\SFR\SFR\bin\x64\Debug\net8.0-windows\win-x64\zh-Hant\System.Windows.Forms.Primitives.resources.dll".
  Deleting file "C:\Users\roman\source\repos\ec22761\SFR\SFR\bin\x64\Debug\net8.0-windows\win-x64\zh-Hant\System.Windows.Forms.resources.dll".
  Deleting file "C:\Users\roman\source\repos\ec22761\SFR\SFR\bin\x64\Debug\net8.0-windows\win-x64\zh-Hant\System.Windows.Input.Manipulations.resources.dll".
  Deleting file "C:\Users\roman\source\repos\ec22761\SFR\SFR\bin\x64\Debug\net8.0-windows\win-x64\zh-Hant\System.Xaml.resources.dll".
  Deleting file "C:\Users\roman\source\repos\ec22761\SFR\SFR\bin\x64\Debug\net8.0-windows\win-x64\zh-Hant\UIAutomationClient.resources.dll".
  Deleting file "C:\Users\roman\source\repos\ec22761\SFR\SFR\bin\x64\Debug\net8.0-windows\win-x64\zh-Hant\UIAutomationClientSideProviders.resources.dll".
  Deleting file "C:\Users\roman\source\repos\ec22761\SFR\SFR\bin\x64\Debug\net8.0-windows\win-x64\zh-Hant\UIAutomationProvider.resources.dll".
  Deleting file "C:\Users\roman\source\repos\ec22761\SFR\SFR\bin\x64\Debug\net8.0-windows\win-x64\zh-Hant\UIAutomationTypes.resources.dll".
  Deleting file "C:\Users\roman\source\repos\ec22761\SFR\SFR\bin\x64\Debug\net8.0-windows\win-x64\zh-Hant\WindowsBase.resources.dll".
  Deleting file "C:\Users\roman\source\repos\ec22761\SFR\SFR\bin\x64\Debug\net8.0-windows\win-x64\zh-Hant\WindowsFormsIntegration.resources.dll".
  Deleting file "C:\Users\roman\source\repos\ec22761\SFR\SFR\bin\x64\Debug\net8.0-windows\win-x64\SFR.deps.json".
  Deleting file "C:\Users\roman\source\repos\ec22761\SFR\SFR\bin\x64\Debug\net8.0-windows\win-x64\SFR.dll.config".
  Deleting file "C:\Users\roman\source\repos\ec22761\SFR\SFR\obj\x64\Debug\net8.0-windows\win-x64\SFR.csproj.AssemblyReference.cache".
  Deleting file "C:\Users\roman\source\repos\ec22761\SFR\SFR\obj\x64\Debug\net8.0-windows\win-x64\SFR.Properties.Resources.resources".
  Deleting file "C:\Users\roman\source\repos\ec22761\SFR\SFR\obj\x64\Debug\net8.0-windows\win-x64\SFR.csproj.GenerateResource.cache".
  Deleting file "C:\Users\roman\source\repos\ec22761\SFR\SFR\obj\x64\Debug\net8.0-windows\win-x64\SFR.GeneratedMSBuildEditorConfig.editorconfig".
  Deleting file "C:\Users\roman\source\repos\ec22761\SFR\SFR\obj\x64\Debug\net8.0-windows\win-x64\SFR.csproj.CoreCompileInputs.cache".
  Deleting file "C:\Users\roman\source\repos\ec22761\SFR\SFR\obj\x64\Debug\net8.0-windows\win-x64\SFR.sourcelink.json".
  Deleting file "C:\Users\roman\source\repos\ec22761\SFR\SFR\obj\x64\Debug\net8.0-windows\win-x64\SFR.csproj.Up2Date".
  Deleting file "C:\Users\roman\source\repos\ec22761\SFR\SFR\obj\x64\Debug\net8.0-windows\win-x64\SFR.dll".
  Deleting file "C:\Users\roman\source\repos\ec22761\SFR\SFR\obj\x64\Debug\net8.0-windows\win-x64\refint\SFR.dll".
  Deleting file "C:\Users\roman\source\repos\ec22761\SFR\SFR\obj\x64\Debug\net8.0-windows\win-x64\SFR.pdb".
  Deleting file "C:\Users\roman\source\repos\ec22761\SFR\SFR\obj\x64\Debug\net8.0-windows\win-x64\ref\SFR.dll".
CoreResGen:
  Processing resource file "Properties\Resources.resx" into "obj\x64\Debug\net8.0-windows\win-x64\SFR.Properties.Resources.resources".
GenerateTargetFrameworkMonikerAttribute:
Skipping target "GenerateTargetFrameworkMonikerAttribute" because all output files are up-to-date with respect to the input files.
_GenerateSourceLinkFile:
  Updating Source Link file 'obj\x64\Debug\net8.0-windows\win-x64\SFR.sourcelink.json'.
CoreCompile:
  Setting DOTNET_ROOT to 'C:\Program Files\dotnet'
  C:\Program Files\dotnet\sdk\10.0.103\Roslyn\binfx\..\bincore\csc.exe /noconfig /sdkpath:C:\Windows\Microsoft.NET\Framework64\v4.0.30319\ /unsafe- /checked- /nowarn:1701,1702,CA1416,1701,1702 /fullpaths /nostdlib+ /platform:x64 /errorreport:prompt /warn:8 /define:DEBUG;TRACE;DEBUG;NET;NET8_0;NETCOREAPP;WINDOWS;WINDOWS7_0;NET5_0_OR_GREATER;NET6_0_OR_GREATER;NET7_0_OR_GREATER;NET8_0_OR_GREATER;NETCOREAPP3_0_OR_GREATER;NETCOREAPP3_1_OR_GREATER;WINDOWS7_0_OR_GREATER /main:SFR.Program /highentropyva+ /reference:C:\Users\roman\.nuget\packages\lib.harmony\2.3.6\lib\net8.0\0Harmony.dll /reference:C:\Users\roman\.nuget\packages\microsoft.windowsdesktop.app.ref\8.0.24\ref\net8.0\Accessibility.dll /reference:C:\Users\roman\source\repos\ec22761\SFR\SFD\Box2D.XNA.dll /reference:C:\Users\roman\source\repos\ec22761\SFR\SFD\FNA.dll /reference:C:\Users\roman\.nuget\packages\microsoft.netcore.app.ref\8.0.24\ref\net8.0\Microsoft.CSharp.dll /reference:C:\Users\roman\.nuget\packages\microsoft.netcore.app.ref\8.0.24\ref\net8.0\Microsoft.VisualBasic.Core.dll /reference:C:\Users\roman\.nuget\packages\microsoft.windowsdesktop.app.ref\8.0.24\ref\net8.0\Microsoft.VisualBasic.dll /reference:C:\Users\roman\.nuget\packages\microsoft.windowsdesktop.app.ref\8.0.24\ref\net8.0\Microsoft.VisualBasic.Forms.dll /reference:C:\Users\roman\.nuget\packages\microsoft.netcore.app.ref\8.0.24\ref\net8.0\Microsoft.Win32.Primitives.dll /reference:C:\Users\roman\.nuget\packages\microsoft.windowsdesktop.app.ref\8.0.24\ref\net8.0\Microsoft.Win32.Registry.AccessControl.dll /reference:C:\Users\roman\.nuget\packages\microsoft.netcore.app.ref\8.0.24\ref\net8.0\Microsoft.Win32.Registry.dll /reference:C:\Users\roman\.nuget\packages\microsoft.windowsdesktop.app.ref\8.0.24\ref\net8.0\Microsoft.Win32.SystemEvents.dll /reference:C:\Users\roman\.nuget\packages\microsoft.netcore.app.ref\8.0.24\ref\net8.0\mscorlib.dll /reference:C:\Users\roman\.nuget\packages\microsoft.netcore.app.ref\8.0.24\ref\net8.0\netstandard.dll /reference:C:\Users\roman\source\repos\ec22761\SFR\SFD\SFD.GameScriptInterface.dll /reference:C:\Users\roman\source\repos\ec22761\SFR\SFD\SFD.ScriptEngine.dll /reference:C:\Users\roman\source\repos\ec22761\SFR\SFD\SteamLayer.dll /reference:"C:\Users\roman\source\repos\ec22761\SFR\SFD\Superfighters Deluxe.pub.dll" /reference:C:\Users\roman\.nuget\packages\microsoft.netcore.app.ref\8.0.24\ref\net8.0\System.AppContext.dll /reference:C:\Users\roman\.nuget\packages\microsoft.netcore.app.ref\8.0.24\ref\net8.0\System.Buffers.dll /reference:C:\Users\roman\.nuget\packages\microsoft.windowsdesktop.app.ref\8.0.24\ref\net8.0\System.CodeDom.dll /reference:C:\Users\roman\.nuget\packages\microsoft.netcore.app.ref\8.0.24\ref\net8.0\System.Collections.Concurrent.dll /reference:C:\Users\roman\.nuget\packages\microsoft.netcore.app.ref\8.0.24\ref\net8.0\System.Collections.dll /reference:C:\Users\roman\.nuget\packages\microsoft.netcore.app.ref\8.0.24\ref\net8.0\System.Collections.Immutable.dll /reference:C:\Users\roman\.nuget\packages\microsoft.netcore.app.ref\8.0.24\ref\net8.0\System.Collections.NonGeneric.dll /reference:C:\Users\roman\.nuget\packages\microsoft.netcore.app.ref\8.0.24\ref\net8.0\System.Collections.Specialized.dll /reference:C:\Users\roman\.nuget\packages\microsoft.netcore.app.ref\8.0.24\ref\net8.0\System.ComponentModel.Annotations.dll /reference:C:\Users\roman\.nuget\packages\microsoft.netcore.app.ref\8.0.24\ref\net8.0\System.ComponentModel.DataAnnotations.dll /reference:C:\Users\roman\.nuget\packages\microsoft.netcore.app.ref\8.0.24\ref\net8.0\System.ComponentModel.dll /reference:C:\Users\roman\.nuget\packages\microsoft.netcore.app.ref\8.0.24\ref\net8.0\System.ComponentModel.EventBasedAsync.dll /reference:C:\Users\roman\.nuget\packages\microsoft.netcore.app.ref\8.0.24\ref\net8.0\System.ComponentModel.Primitives.dll /reference:C:\Users\roman\.nuget\packages\microsoft.netcore.app.ref\8.0.24\ref\net8.0\System.ComponentModel.TypeConverter.dll /reference:C:\Users\roman\.nuget\packages\microsoft.windowsdesktop.app.ref\8.0.24\ref\net8.0\System.Configuration.ConfigurationManager.dll /reference:C:\Users\roman\.nuget\packages\microsoft.netcore.app.ref\8.0.24\ref\net8.0\System.Configuration.dll /reference:C:\Users\roman\.nuget\packages\microsoft.netcore.app.ref\8.0.24\ref\net8.0\System.Console.dll /reference:C:\Users\roman\.nuget\packages\microsoft.netcore.app.ref\8.0.24\ref\net8.0\System.Core.dll /reference:C:\Users\roman\.nuget\packages\microsoft.netcore.app.ref\8.0.24\ref\net8.0\System.Data.Common.dll /reference:C:\Users\roman\.nuget\packages\microsoft.netcore.app.ref\8.0.24\ref\net8.0\System.Data.DataSetExtensions.dll /reference:C:\Users\roman\.nuget\packages\microsoft.netcore.app.ref\8.0.24\ref\net8.0\System.Data.dll /reference:C:\Users\roman\.nuget\packages\microsoft.windowsdesktop.app.ref\8.0.24\ref\net8.0\System.Design.dll /reference:C:\Users\roman\.nuget\packages\microsoft.netcore.app.ref\8.0.24\ref\net8.0\System.Diagnostics.Contracts.dll /reference:C:\Users\roman\.nuget\packages\microsoft.netcore.app.ref\8.0.24\ref\net8.0\System.Diagnostics.Debug.dll /reference:C:\Users\roman\.nuget\packages\microsoft.netcore.app.ref\8.0.24\ref\net8.0\System.Diagnostics.DiagnosticSource.dll /reference:C:\Users\roman\.nuget\packages\microsoft.windowsdesktop.app.ref\8.0.24\ref\net8.0\System.Diagnostics.EventLog.dll /reference:C:\Users\roman\.nuget\packages\microsoft.netcore.app.ref\8.0.24\ref\net8.0\System.Diagnostics.FileVersionInfo.dll /reference:C:\Users\roman\.nuget\packages\microsoft.windowsdesktop.app.ref\8.0.24\ref\net8.0\System.Diagnostics.PerformanceCounter.dll /reference:C:\Users\roman\.nuget\packages\microsoft.netcore.app.ref\8.0.24\ref\net8.0\System.Diagnostics.Process.dll /reference:C:\Users\roman\.nuget\packages\microsoft.netcore.app.ref\8.0.24\ref\net8.0\System.Diagnostics.StackTrace.dll /reference:C:\Users\roman\.nuget\packages\microsoft.netcore.app.ref\8.0.24\ref\net8.0\System.Diagnostics.TextWriterTraceListener.dll /reference:C:\Users\roman\.nuget\packages\microsoft.netcore.app.ref\8.0.24\ref\net8.0\System.Diagnostics.Tools.dll /reference:C:\Users\roman\.nuget\packages\microsoft.netcore.app.ref\8.0.24\ref\net8.0\System.Diagnostics.TraceSource.dll /reference:C:\Users\roman\.nuget\packages\microsoft.netcore.app.ref\8.0.24\ref\net8.0\System.Diagnostics.Tracing.dll /reference:C:\Users\roman\.nuget\packages\microsoft.windowsdesktop.app.ref\8.0.24\ref\net8.0\System.DirectoryServices.dll /reference:C:\Users\roman\.nuget\packages\microsoft.netcore.app.ref\8.0.24\ref\net8.0\System.dll /reference:C:\Users\roman\.nuget\packages\microsoft.windowsdesktop.app.ref\8.0.24\ref\net8.0\System.Drawing.Common.dll /reference:C:\Users\roman\.nuget\packages\microsoft.windowsdesktop.app.ref\8.0.24\ref\net8.0\System.Drawing.Design.dll /reference:C:\Users\roman\.nuget\packages\microsoft.windowsdesktop.app.ref\8.0.24\ref\net8.0\System.Drawing.dll /reference:C:\Users\roman\.nuget\packages\microsoft.netcore.app.ref\8.0.24\ref\net8.0\System.Drawing.Primitives.dll /reference:C:\Users\roman\.nuget\packages\microsoft.netcore.app.ref\8.0.24\ref\net8.0\System.Dynamic.Runtime.dll /reference:C:\Users\roman\.nuget\packages\microsoft.netcore.app.ref\8.0.24\ref\net8.0\System.Formats.Asn1.dll /reference:C:\Users\roman\.nuget\packages\microsoft.netcore.app.ref\8.0.24\ref\net8.0\System.Formats.Tar.dll /reference:C:\Users\roman\.nuget\packages\microsoft.netcore.app.ref\8.0.24\ref\net8.0\System.Globalization.Calendars.dll /reference:C:\Users\roman\.nuget\packages\microsoft.netcore.app.ref\8.0.24\ref\net8.0\System.Globalization.dll /reference:C:\Users\roman\.nuget\packages\microsoft.netcore.app.ref\8.0.24\ref\net8.0\System.Globalization.Extensions.dll /reference:C:\Users\roman\.nuget\packages\microsoft.netcore.app.ref\8.0.24\ref\net8.0\System.IO.Compression.Brotli.dll /reference:C:\Users\roman\.nuget\packages\microsoft.netcore.app.ref\8.0.24\ref\net8.0\System.IO.Compression.dll /reference:C:\Users\roman\.nuget\packages\microsoft.netcore.app.ref\8.0.24\ref\net8.0\System.IO.Compression.FileSystem.dll /reference:C:\Users\roman\.nuget\packages\microsoft.netcore.app.ref\8.0.24\ref\net8.0\System.IO.Compression.ZipFile.dll /reference:C:\Users\roman\.nuget\packages\microsoft.netcore.app.ref\8.0.24\ref\net8.0\System.IO.dll /reference:C:\Users\roman\.nuget\packages\microsoft.netcore.app.ref\8.0.24\ref\net8.0\System.IO.FileSystem.AccessControl.dll /reference:C:\Users\roman\.nuget\packages\microsoft.netcore.app.ref\8.0.24\ref\net8.0\System.IO.FileSystem.dll /reference:C:\Users\roman\.nuget\packages\microsoft.netcore.app.ref\8.0.24\ref\net8.0\System.IO.FileSystem.DriveInfo.dll /reference:C:\Users\roman\.nuget\packages\microsoft.netcore.app.ref\8.0.24\ref\net8.0\System.IO.FileSystem.Primitives.dll /reference:C:\Users\roman\.nuget\packages\microsoft.netcore.app.ref\8.0.24\ref\net8.0\System.IO.FileSystem.Watcher.dll /reference:C:\Users\roman\.nuget\packages\microsoft.netcore.app.ref\8.0.24\ref\net8.0\System.IO.IsolatedStorage.dll /reference:C:\Users\roman\.nuget\packages\microsoft.netcore.app.ref\8.0.24\ref\net8.0\System.IO.MemoryMappedFiles.dll /reference:C:\Users\roman\.nuget\packages\microsoft.windowsdesktop.app.ref\8.0.24\ref\net8.0\System.IO.Packaging.dll /reference:C:\Users\roman\.nuget\packages\microsoft.netcore.app.ref\8.0.24\ref\net8.0\System.IO.Pipes.AccessControl.dll /reference:C:\Users\roman\.nuget\packages\microsoft.netcore.app.ref\8.0.24\ref\net8.0\System.IO.Pipes.dll /reference:C:\Users\roman\.nuget\packages\microsoft.netcore.app.ref\8.0.24\ref\net8.0\System.IO.UnmanagedMemoryStream.dll /reference:C:\Users\roman\.nuget\packages\microsoft.netcore.app.ref\8.0.24\ref\net8.0\System.Linq.dll /reference:C:\Users\roman\.nuget\packages\microsoft.netcore.app.ref\8.0.24\ref\net8.0\System.Linq.Expressions.dll /reference:C:\Users\roman\.nuget\packages\microsoft.netcore.app.ref\8.0.24\ref\net8.0\System.Linq.Parallel.dll /reference:C:\Users\roman\.nuget\packages\microsoft.netcore.app.ref\8.0.24\ref\net8.0\System.Linq.Queryable.dll /reference:C:\Users\roman\.nuget\packages\microsoft.netcore.app.ref\8.0.24\ref\net8.0\System.Memory.dll /reference:C:\Users\roman\.nuget\packages\microsoft.netcore.app.ref\8.0.24\ref\net8.0\System.Net.dll /reference:C:\Users\roman\.nuget\packages\microsoft.netcore.app.ref\8.0.24\ref\net8.0\System.Net.Http.dll /reference:C:\Users\roman\.nuget\packages\microsoft.netcore.app.ref\8.0.24\ref\net8.0\System.Net.Http.Json.dll /reference:C:\Users\roman\.nuget\packages\microsoft.netcore.app.ref\8.0.24\ref\net8.0\System.Net.HttpListener.dll /reference:C:\Users\roman\.nuget\packages\microsoft.netcore.app.ref\8.0.24\ref\net8.0\System.Net.Mail.dll /reference:C:\Users\roman\.nuget\packages\microsoft.netcore.app.ref\8.0.24\ref\net8.0\System.Net.NameResolution.dll /reference:C:\Users\roman\.nuget\packages\microsoft.netcore.app.ref\8.0.24\ref\net8.0\System.Net.NetworkInformation.dll /reference:C:\Users\roman\.nuget\packages\microsoft.netcore.app.ref\8.0.24\ref\net8.0\System.Net.Ping.dll /reference:C:\Users\roman\.nuget\packages\microsoft.netcore.app.ref\8.0.24\ref\net8.0\System.Net.Primitives.dll /reference:C:\Users\roman\.nuget\packages\microsoft.netcore.app.ref\8.0.24\ref\net8.0\System.Net.Quic.dll /reference:C:\Users\roman\.nuget\packages\microsoft.netcore.app.ref\8.0.24\ref\net8.0\System.Net.Requests.dll /reference:C:\Users\roman\.nuget\packages\microsoft.netcore.app.ref\8.0.24\ref\net8.0\System.Net.Security.dll /reference:C:\Users\roman\.nuget\packages\microsoft.netcore.app.ref\8.0.24\ref\net8.0\System.Net.ServicePoint.dll /reference:C:\Users\roman\.nuget\packages\microsoft.netcore.app.ref\8.0.24\ref\net8.0\System.Net.Sockets.dll /reference:C:\Users\roman\.nuget\packages\microsoft.netcore.app.ref\8.0.24\ref\net8.0\System.Net.WebClient.dll /reference:C:\Users\roman\.nuget\packages\microsoft.netcore.app.ref\8.0.24\ref\net8.0\System.Net.WebHeaderCollection.dll /reference:C:\Users\roman\.nuget\packages\microsoft.netcore.app.ref\8.0.24\ref\net8.0\System.Net.WebProxy.dll /reference:C:\Users\roman\.nuget\packages\microsoft.netcore.app.ref\8.0.24\ref\net8.0\System.Net.WebSockets.Client.dll /reference:C:\Users\roman\.nuget\packages\microsoft.netcore.app.ref\8.0.24\ref\net8.0\System.Net.WebSockets.dll /reference:C:\Users\roman\.nuget\packages\microsoft.netcore.app.ref\8.0.24\ref\net8.0\System.Numerics.dll /reference:C:\Users\roman\.nuget\packages\microsoft.netcore.app.ref\8.0.24\ref\net8.0\System.Numerics.Vectors.dll /reference:C:\Users\roman\.nuget\packages\microsoft.netcore.app.ref\8.0.24\ref\net8.0\System.ObjectModel.dll /reference:C:\Users\roman\.nuget\packages\microsoft.netcore.app.ref\8.0.24\ref\net8.0\System.Reflection.DispatchProxy.dll /reference:C:\Users\roman\.nuget\packages\microsoft.netcore.app.ref\8.0.24\ref\net8.0\System.Reflection.dll /reference:C:\Users\roman\.nuget\packages\microsoft.netcore.app.ref\8.0.24\ref\net8.0\System.Reflection.Emit.dll /reference:C:\Users\roman\.nuget\packages\microsoft.netcore.app.ref\8.0.24\ref\net8.0\System.Reflection.Emit.ILGeneration.dll /reference:C:\Users\roman\.nuget\packages\microsoft.netcore.app.ref\8.0.24\ref\net8.0\System.Reflection.Emit.Lightweight.dll /reference:C:\Users\roman\.nuget\packages\microsoft.netcore.app.ref\8.0.24\ref\net8.0\System.Reflection.Extensions.dll /reference:C:\Users\roman\.nuget\packages\microsoft.netcore.app.ref\8.0.24\ref\net8.0\System.Reflection.Metadata.dll /reference:C:\Users\roman\.nuget\packages\microsoft.netcore.app.ref\8.0.24\ref\net8.0\System.Reflection.Primitives.dll /reference:C:\Users\roman\.nuget\packages\microsoft.netcore.app.ref\8.0.24\ref\net8.0\System.Reflection.TypeExtensions.dll /reference:C:\Users\roman\.nuget\packages\microsoft.windowsdesktop.app.ref\8.0.24\ref\net8.0\System.Resources.Extensions.dll /reference:C:\Users\roman\.nuget\packages\microsoft.netcore.app.ref\8.0.24\ref\net8.0\System.Resources.Reader.dll /reference:C:\Users\roman\.nuget\packages\microsoft.netcore.app.ref\8.0.24\ref\net8.0\System.Resources.ResourceManager.dll /reference:C:\Users\roman\.nuget\packages\microsoft.netcore.app.ref\8.0.24\ref\net8.0\System.Resources.Writer.dll /reference:C:\Users\roman\.nuget\packages\microsoft.netcore.app.ref\8.0.24\ref\net8.0\System.Runtime.CompilerServices.Unsafe.dll /reference:C:\Users\roman\.nuget\packages\microsoft.netcore.app.ref\8.0.24\ref\net8.0\System.Runtime.CompilerServices.VisualC.dll /reference:C:\Users\roman\.nuget\packages\microsoft.netcore.app.ref\8.0.24\ref\net8.0\System.Runtime.dll /reference:C:\Users\roman\.nuget\packages\microsoft.netcore.app.ref\8.0.24\ref\net8.0\System.Runtime.Extensions.dll /reference:C:\Users\roman\.nuget\packages\microsoft.netcore.app.ref\8.0.24\ref\net8.0\System.Runtime.Handles.dll /reference:C:\Users\roman\.nuget\packages\microsoft.netcore.app.ref\8.0.24\ref\net8.0\System.Runtime.InteropServices.dll /reference:C:\Users\roman\.nuget\packages\microsoft.netcore.app.ref\8.0.24\ref\net8.0\System.Runtime.InteropServices.JavaScript.dll /reference:C:\Users\roman\.nuget\packages\microsoft.netcore.app.ref\8.0.24\ref\net8.0\System.Runtime.InteropServices.RuntimeInformation.dll /reference:C:\Users\roman\.nuget\packages\microsoft.netcore.app.ref\8.0.24\ref\net8.0\System.Runtime.Intrinsics.dll /reference:C:\Users\roman\.nuget\packages\microsoft.netcore.app.ref\8.0.24\ref\net8.0\System.Runtime.Loader.dll /reference:C:\Users\roman\.nuget\packages\microsoft.netcore.app.ref\8.0.24\ref\net8.0\System.Runtime.Numerics.dll /reference:C:\Users\roman\.nuget\packages\microsoft.netcore.app.ref\8.0.24\ref\net8.0\System.Runtime.Serialization.dll /reference:C:\Users\roman\.nuget\packages\microsoft.netcore.app.ref\8.0.24\ref\net8.0\System.Runtime.Serialization.Formatters.dll /reference:C:\Users\roman\.nuget\packages\microsoft.netcore.app.ref\8.0.24\ref\net8.0\System.Runtime.Serialization.Json.dll /reference:C:\Users\roman\.nuget\packages\microsoft.netcore.app.ref\8.0.24\ref\net8.0\System.Runtime.Serialization.Primitives.dll /reference:C:\Users\roman\.nuget\packages\microsoft.netcore.app.ref\8.0.24\ref\net8.0\System.Runtime.Serialization.Xml.dll /reference:C:\Users\roman\.nuget\packages\microsoft.netcore.app.ref\8.0.24\ref\net8.0\System.Security.AccessControl.dll /reference:C:\Users\roman\.nuget\packages\microsoft.netcore.app.ref\8.0.24\ref\net8.0\System.Security.Claims.dll /reference:C:\Users\roman\.nuget\packages\microsoft.netcore.app.ref\8.0.24\ref\net8.0\System.Security.Cryptography.Algorithms.dll /reference:C:\Users\roman\.nuget\packages\microsoft.netcore.app.ref\8.0.24\ref\net8.0\System.Security.Cryptography.Cng.dll /reference:C:\Users\roman\.nuget\packages\microsoft.netcore.app.ref\8.0.24\ref\net8.0\System.Security.Cryptography.Csp.dll /reference:C:\Users\roman\.nuget\packages\microsoft.netcore.app.ref\8.0.24\ref\net8.0\System.Security.Cryptography.dll /reference:C:\Users\roman\.nuget\packages\microsoft.netcore.app.ref\8.0.24\ref\net8.0\System.Security.Cryptography.Encoding.dll /reference:C:\Users\roman\.nuget\packages\microsoft.netcore.app.ref\8.0.24\ref\net8.0\System.Security.Cryptography.OpenSsl.dll /reference:C:\Users\roman\.nuget\packages\microsoft.windowsdesktop.app.ref\8.0.24\ref\net8.0\System.Security.Cryptography.Pkcs.dll /reference:C:\Users\roman\.nuget\packages\microsoft.netcore.app.ref\8.0.24\ref\net8.0\System.Security.Cryptography.Primitives.dll /reference:C:\Users\roman\.nuget\packages\microsoft.windowsdesktop.app.ref\8.0.24\ref\net8.0\System.Security.Cryptography.ProtectedData.dll /reference:C:\Users\roman\.nuget\packages\microsoft.netcore.app.ref\8.0.24\ref\net8.0\System.Security.Cryptography.X509Certificates.dll /reference:C:\Users\roman\.nuget\packages\microsoft.windowsdesktop.app.ref\8.0.24\ref\net8.0\System.Security.Cryptography.Xml.dll /reference:C:\Users\roman\.nuget\packages\microsoft.netcore.app.ref\8.0.24\ref\net8.0\System.Security.dll /reference:C:\Users\roman\.nuget\packages\microsoft.windowsdesktop.app.ref\8.0.24\ref\net8.0\System.Security.Permissions.dll /reference:C:\Users\roman\.nuget\packages\microsoft.netcore.app.ref\8.0.24\ref\net8.0\System.Security.Principal.dll /reference:C:\Users\roman\.nuget\packages\microsoft.netcore.app.ref\8.0.24\ref\net8.0\System.Security.Principal.Windows.dll /reference:C:\Users\roman\.nuget\packages\microsoft.netcore.app.ref\8.0.24\ref\net8.0\System.Security.SecureString.dll /reference:C:\Users\roman\.nuget\packages\microsoft.netcore.app.ref\8.0.24\ref\net8.0\System.ServiceModel.Web.dll /reference:C:\Users\roman\.nuget\packages\microsoft.netcore.app.ref\8.0.24\ref\net8.0\System.ServiceProcess.dll /reference:C:\Users\roman\.nuget\packages\microsoft.netcore.app.ref\8.0.24\ref\net8.0\System.Text.Encoding.CodePages.dll /reference:C:\Users\roman\.nuget\packages\microsoft.netcore.app.ref\8.0.24\ref\net8.0\System.Text.Encoding.dll /reference:C:\Users\roman\.nuget\packages\microsoft.netcore.app.ref\8.0.24\ref\net8.0\System.Text.Encoding.Extensions.dll /reference:C:\Users\roman\.nuget\packages\microsoft.netcore.app.ref\8.0.24\ref\net8.0\System.Text.Encodings.Web.dll /reference:C:\Users\roman\.nuget\packages\microsoft.netcore.app.ref\8.0.24\ref\net8.0\System.Text.Json.dll /reference:C:\Users\roman\.nuget\packages\microsoft.netcore.app.ref\8.0.24\ref\net8.0\System.Text.RegularExpressions.dll /reference:C:\Users\roman\.nuget\packages\microsoft.windowsdesktop.app.ref\8.0.24\ref\net8.0\System.Threading.AccessControl.dll /reference:C:\Users\roman\.nuget\packages\microsoft.netcore.app.ref\8.0.24\ref\net8.0\System.Threading.Channels.dll /reference:C:\Users\roman\.nuget\packages\microsoft.netcore.app.ref\8.0.24\ref\net8.0\System.Threading.dll /reference:C:\Users\roman\.nuget\packages\microsoft.netcore.app.ref\8.0.24\ref\net8.0\System.Threading.Overlapped.dll /reference:C:\Users\roman\.nuget\packages\microsoft.netcore.app.ref\8.0.24\ref\net8.0\System.Threading.Tasks.Dataflow.dll /reference:C:\Users\roman\.nuget\packages\microsoft.netcore.app.ref\8.0.24\ref\net8.0\System.Threading.Tasks.dll /reference:C:\Users\roman\.nuget\packages\microsoft.netcore.app.ref\8.0.24\ref\net8.0\System.Threading.Tasks.Extensions.dll /reference:C:\Users\roman\.nuget\packages\microsoft.netcore.app.ref\8.0.24\ref\net8.0\System.Threading.Tasks.Parallel.dll /reference:C:\Users\roman\.nuget\packages\microsoft.netcore.app.ref\8.0.24\ref\net8.0\System.Threading.Thread.dll /reference:C:\Users\roman\.nuget\packages\microsoft.netcore.app.ref\8.0.24\ref\net8.0\System.Threading.ThreadPool.dll /reference:C:\Users\roman\.nuget\packages\microsoft.netcore.app.ref\8.0.24\ref\net8.0\System.Threading.Timer.dll /reference:C:\Users\roman\.nuget\packages\microsoft.netcore.app.ref\8.0.24\ref\net8.0\System.Transactions.dll /reference:C:\Users\roman\.nuget\packages\microsoft.netcore.app.ref\8.0.24\ref\net8.0\System.Transactions.Local.dll /reference:C:\Users\roman\.nuget\packages\microsoft.netcore.app.ref\8.0.24\ref\net8.0\System.ValueTuple.dll /reference:C:\Users\roman\.nuget\packages\microsoft.netcore.app.ref\8.0.24\ref\net8.0\System.Web.dll /reference:C:\Users\roman\.nuget\packages\microsoft.netcore.app.ref\8.0.24\ref\net8.0\System.Web.HttpUtility.dll /reference:C:\Users\roman\.nuget\packages\microsoft.netcore.app.ref\8.0.24\ref\net8.0\System.Windows.dll /reference:C:\Users\roman\.nuget\packages\microsoft.windowsdesktop.app.ref\8.0.24\ref\net8.0\System.Windows.Extensions.dll /reference:C:\Users\roman\.nuget\packages\microsoft.windowsdesktop.app.ref\8.0.24\ref\net8.0\System.Windows.Forms.Design.dll /reference:C:\Users\roman\.nuget\packages\microsoft.windowsdesktop.app.ref\8.0.24\ref\net8.0\System.Windows.Forms.Design.Editors.dll /reference:C:\Users\roman\.nuget\packages\microsoft.windowsdesktop.app.ref\8.0.24\ref\net8.0\System.Windows.Forms.dll /reference:C:\Users\roman\.nuget\packages\microsoft.windowsdesktop.app.ref\8.0.24\ref\net8.0\System.Windows.Forms.Primitives.dll /reference:C:\Users\roman\.nuget\packages\microsoft.netcore.app.ref\8.0.24\ref\net8.0\System.Xml.dll /reference:C:\Users\roman\.nuget\packages\microsoft.netcore.app.ref\8.0.24\ref\net8.0\System.Xml.Linq.dll /reference:C:\Users\roman\.nuget\packages\microsoft.netcore.app.ref\8.0.24\ref\net8.0\System.Xml.ReaderWriter.dll /reference:C:\Users\roman\.nuget\packages\microsoft.netcore.app.ref\8.0.24\ref\net8.0\System.Xml.Serialization.dll /reference:C:\Users\roman\.nuget\packages\microsoft.netcore.app.ref\8.0.24\ref\net8.0\System.Xml.XDocument.dll /reference:C:\Users\roman\.nuget\packages\microsoft.netcore.app.ref\8.0.24\ref\net8.0\System.Xml.XmlDocument.dll /reference:C:\Users\roman\.nuget\packages\microsoft.netcore.app.ref\8.0.24\ref\net8.0\System.Xml.XmlSerializer.dll /reference:C:\Users\roman\.nuget\packages\microsoft.netcore.app.ref\8.0.24\ref\net8.0\System.Xml.XPath.dll /reference:C:\Users\roman\.nuget\packages\microsoft.netcore.app.ref\8.0.24\ref\net8.0\System.Xml.XPath.XDocument.dll /reference:C:\Users\roman\.nuget\packages\microsoft.netcore.app.ref\8.0.24\ref\net8.0\WindowsBase.dll /debug+ /debug:full /filealign:512 /optimize- /out:obj\x64\Debug\net8.0-windows\win-x64\SFR.dll /refout:obj\x64\Debug\net8.0-windows\win-x64\refint\SFR.dll /resource:obj\x64\Debug\net8.0-windows\win-x64\SFR.Properties.Resources.resources /target:exe /warnaserror- /utf8output /win32icon:icon.ico /deterministic+ /sourcelink:obj\x64\Debug\net8.0-windows\win-x64\SFR.sourcelink.json /langversion:latest /embed:"obj\x64\Debug\net8.0-windows\win-x64\.NETCoreApp,Version=v8.0.AssemblyAttributes.cs" /analyzerconfig:C:\Users\roman\source\repos\ec22761\SFR\.editorconfig /analyzerconfig:obj\x64\Debug\net8.0-windows\win-x64\SFR.GeneratedMSBuildEditorConfig.editorconfig /analyzerconfig:"C:\Program Files\dotnet\sdk\10.0.103\Sdks\Microsoft.NET.Sdk\analyzers\build\config\analysislevel_8_default.globalconfig" /analyzer:"C:\Program Files\dotnet\sdk\10.0.103\Sdks\Microsoft.NET.Sdk\targets\..\analyzers\Microsoft.CodeAnalysis.CSharp.NetAnalyzers.dll" /analyzer:"C:\Program Files\dotnet\sdk\10.0.103\Sdks\Microsoft.NET.Sdk\targets\..\analyzers\Microsoft.CodeAnalysis.NetAnalyzers.dll" /analyzer:C:\Users\roman\.nuget\packages\microsoft.netcore.app.ref\8.0.24\analyzers/dotnet/cs/Microsoft.Interop.ComInterfaceGenerator.dll /analyzer:C:\Users\roman\.nuget\packages\microsoft.netcore.app.ref\8.0.24\analyzers/dotnet/cs/Microsoft.Interop.JavaScript.JSImportGenerator.dll /analyzer:C:\Users\roman\.nuget\packages\microsoft.netcore.app.ref\8.0.24\analyzers/dotnet/cs/Microsoft.Interop.LibraryImportGenerator.dll /analyzer:C:\Users\roman\.nuget\packages\microsoft.netcore.app.ref\8.0.24\analyzers/dotnet/cs/Microsoft.Interop.SourceGeneration.dll /analyzer:C:\Users\roman\.nuget\packages\microsoft.netcore.app.ref\8.0.24\analyzers/dotnet/cs/System.Text.Json.SourceGeneration.dll /analyzer:C:\Users\roman\.nuget\packages\microsoft.netcore.app.ref\8.0.24\analyzers/dotnet/cs/System.Text.RegularExpressions.Generator.dll /analyzer:C:\Users\roman\.nuget\packages\microsoft.windowsdesktop.app.ref\8.0.24\analyzers/dotnet/System.Windows.Forms.Analyzers.dll /analyzer:C:\Users\roman\.nuget\packages\microsoft.windowsdesktop.app.ref\8.0.24\analyzers/dotnet/cs/System.Windows.Forms.Analyzers.CSharp.dll API\Engine.cs Bootstrap\AnimationHandler.cs Bootstrap\Assets.cs Debug\QuickStartup.cs Editor\MapToken.cs Fighter\AnimHandler.cs Fighter\DevHandler.cs Fighter\ExtendedPlayer.cs Fighter\GadgetHandler.cs Fighter\GoreHandler.cs Fighter\InputHandler.cs Fighter\Jetpacks\GenericJetpack.cs Fighter\Jetpacks\Gunpack.cs Fighter\Jetpacks\Jetpack.cs Fighter\Jetpacks\JetpackEditor.cs Fighter\Jetpacks\JetpackHandler.cs Fighter\Jetpacks\JetpackState.cs Fighter\Jetpacks\JetpackType.cs Fighter\NameIconHandler.cs Fighter\PlayerHandler.cs Fighter\ReviveHandler.cs Fighter\StatusBarHandler.cs Game\CommandHandler.cs Game\EnvironmentDestructionHandler.cs Game\WorldHandler.cs Helper\ExtendedMath.cs Helper\Extensions.cs Helper\Logger.cs Misc\Globals.cs Misc\Tweaks.cs Objects\AirStrikeHandler.cs Objects\Animal\ObjectAnimal.cs Objects\Animal\ObjectFroggy.cs Objects\Animal\ObjectMonkey.cs Objects\ObjectAirStrikePlane.cs Objects\ObjectAirStrikeThrown.cs Objects\ObjectCaltropThrown.cs Objects\ObjectCannon.cs Objects\ObjectClaymoreThrown.cs Objects\ObjectCrossbowBolt.cs Objects\ObjectCrushingDebris.cs Objects\ObjectDoor.cs Objects\ObjectFragGrenadeThrown.cs Objects\ObjectHead.cs Objects\ObjectImpactGrenadeThrown.cs Objects\ObjectInvisibleBlockWeak.cs Objects\ObjectMimicMineThrown.cs Objects\ObjectPirateItemGiver.cs Objects\ObjectPirateShip.cs Objects\ObjectPortableTurret.cs Objects\ObjectsHandler.cs Objects\ObjectShowStopperThrown.cs Objects\ObjectSnowballThrown.cs Objects\ObjectStickyBombThrown.cs Objects\ObjectStickyProjectile.cs Program.cs Projectiles\Database.cs Projectiles\IExtendedProjectile.cs Projectiles\ProjectileBarrett.cs Projectiles\ProjectileBlunderbuss.cs Projectiles\ProjectileBunkerBuster.cs Projectiles\ProjectileCannon.cs Projectiles\ProjectileCrossbow.cs Projectiles\ProjectileDoubleBarrel.cs Projectiles\ProjectileFlintlock.cs Projectiles\ProjectileMinigun.cs Projectiles\ProjectileMusket.cs Projectiles\ProjectileNailGun.cs Projectiles\ProjectileQuad.cs Projectiles\ProjectileRCM.cs Projectiles\ProjectileRivetGun.cs Projectiles\ProjectileRivetShrapnel.cs Projectiles\ProjectileTeslaRifle.cs Projectiles\ProjectileUnkemptHarold.cs Projectiles\ProjectileWinchester.cs Properties\AssemblyInfo.cs Properties\Resources.Designer.cs Sync\Generic\DataType.cs Sync\Generic\GenericData.cs Sync\Generic\GenericServerData.cs Sync\Generic\SyncFlag.cs Sync\SyncHandler.cs UI\CreditsPanel.cs UI\MainMenu.cs UI\MenuItemLabel.cs Weapons\Database.cs Weapons\Handguns\Anaconda.cs Weapons\Handguns\Flintlock.cs Weapons\Handguns\NailGun.cs Weapons\Handguns\StickyLauncher.cs Weapons\Handguns\UnkemptHarold.cs Weapons\IExtendedWeapon.cs Weapons\ISharpMelee.cs Weapons\Makeshift\Brick.cs Weapons\Makeshift\Broom.cs Weapons\Makeshift\CannonBall.cs Weapons\Melee\Blade.cs Weapons\Melee\Caber.cs Weapons\Melee\Crowbar.cs Weapons\Melee\Greatsword.cs Weapons\Melee\Morningstar.cs Weapons\Melee\ParryingDagger.cs Weapons\Melee\Poleaxe.cs Weapons\Melee\Rapier.cs Weapons\Melee\RiotShield.cs Weapons\Melee\Scythe.cs Weapons\Melee\Sledgehammer.cs Weapons\Melee\Switchblade.cs Weapons\Others\AdrenalineBoost.cs Weapons\Others\CannonKit.cs Weapons\Others\Defib.cs Weapons\Others\Gunpack.cs Weapons\Others\HealthPouch.cs Weapons\Others\Jetpack.cs Weapons\Others\JetpackEditor.cs Weapons\Others\LeapBoost.cs Weapons\Others\PortableTurret.cs Weapons\Others\ShrinkBoost.cs Weapons\Others\SpectrumAnalyzer.cs Weapons\Rifles\AA12.cs Weapons\Rifles\AK47.cs Weapons\Rifles\Barrett.cs Weapons\Rifles\Blunderbuss.cs Weapons\Rifles\Crossbow.cs Weapons\Rifles\DoubleBarrel.cs Weapons\Rifles\HandCannon.cs Weapons\Rifles\JunkCannon.cs Weapons\Rifles\Minigun.cs Weapons\Rifles\Musket.cs Weapons\Rifles\QuadLauncher.cs Weapons\Rifles\RCM.cs Weapons\Rifles\RivetGun.cs Weapons\Rifles\TeslaRifle.cs Weapons\Rifles\Winchester.cs Weapons\Thrown\AirStrike.cs Weapons\Thrown\AirStrikeDetonator.cs Weapons\Thrown\Caltrops.cs Weapons\Thrown\Claymore.cs Weapons\Thrown\FragGrenade.cs Weapons\Thrown\ImpactGrenade.cs Weapons\Thrown\MimicMine.cs Weapons\Thrown\ShowStopper.cs Weapons\Thrown\Snowball.cs Weapons\Thrown\StickyBomb.cs ..\SharedAssemblyInfo.cs "obj\x64\Debug\net8.0-windows\win-x64\.NETCoreApp,Version=v8.0.AssemblyAttributes.cs" /warnaserror+:NU1605,SYSLIB0011
  Compilation request SFR (net8.0-windows), PathToTool=C:\Program Files\dotnet\sdk\10.0.103\Roslyn\binfx\..\bincore\csc.exe
  CommandLine = ' /noconfig'
  BuildResponseFile = '/sdkpath:C:\Windows\Microsoft.NET\Framework64\v4.0.30319\ /unsafe- /checked- /nowarn:1701,1702,CA1416,1701,1702 /fullpaths /nostdlib+ /platform:x64 /errorreport:prompt /warn:8 /define:DEBUG;TRACE;DEBUG;NET;NET8_0;NETCOREAPP;WINDOWS;WINDOWS7_0;NET5_0_OR_GREATER;NET6_0_OR_GREATER;NET7_0_OR_GREATER;NET8_0_OR_GREATER;NETCOREAPP3_0_OR_GREATER;NETCOREAPP3_1_OR_GREATER;WINDOWS7_0_OR_GREATER /main:SFR.Program /highentropyva+ /reference:C:\Users\roman\.nuget\packages\lib.harmony\2.3.6\lib\net8.0\0Harmony.dll /reference:C:\Users\roman\.nuget\packages\microsoft.windowsdesktop.app.ref\8.0.24\ref\net8.0\Accessibility.dll /reference:C:\Users\roman\source\repos\ec22761\SFR\SFD\Box2D.XNA.dll /reference:C:\Users\roman\source\repos\ec22761\SFR\SFD\FNA.dll /reference:C:\Users\roman\.nuget\packages\microsoft.netcore.app.ref\8.0.24\ref\net8.0\Microsoft.CSharp.dll /reference:C:\Users\roman\.nuget\packages\microsoft.netcore.app.ref\8.0.24\ref\net8.0\Microsoft.VisualBasic.Core.dll /reference:C:\Users\roman\.nuget\packages\microsoft.windowsdesktop.app.ref\8.0.24\ref\net8.0\Microsoft.VisualBasic.dll /reference:C:\Users\roman\.nuget\packages\microsoft.windowsdesktop.app.ref\8.0.24\ref\net8.0\Microsoft.VisualBasic.Forms.dll /reference:C:\Users\roman\.nuget\packages\microsoft.netcore.app.ref\8.0.24\ref\net8.0\Microsoft.Win32.Primitives.dll /reference:C:\Users\roman\.nuget\packages\microsoft.windowsdesktop.app.ref\8.0.24\ref\net8.0\Microsoft.Win32.Registry.AccessControl.dll /reference:C:\Users\roman\.nuget\packages\microsoft.netcore.app.ref\8.0.24\ref\net8.0\Microsoft.Win32.Registry.dll /reference:C:\Users\roman\.nuget\packages\microsoft.windowsdesktop.app.ref\8.0.24\ref\net8.0\Microsoft.Win32.SystemEvents.dll /reference:C:\Users\roman\.nuget\packages\microsoft.netcore.app.ref\8.0.24\ref\net8.0\mscorlib.dll /reference:C:\Users\roman\.nuget\packages\microsoft.netcore.app.ref\8.0.24\ref\net8.0\netstandard.dll /reference:C:\Users\roman\source\repos\ec22761\SFR\SFD\SFD.GameScriptInterface.dll /reference:C:\Users\roman\source\repos\ec22761\SFR\SFD\SFD.ScriptEngine.dll /reference:C:\Users\roman\source\repos\ec22761\SFR\SFD\SteamLayer.dll /reference:"C:\Users\roman\source\repos\ec22761\SFR\SFD\Superfighters Deluxe.pub.dll" /reference:C:\Users\roman\.nuget\packages\microsoft.netcore.app.ref\8.0.24\ref\net8.0\System.AppContext.dll /reference:C:\Users\roman\.nuget\packages\microsoft.netcore.app.ref\8.0.24\ref\net8.0\System.Buffers.dll /reference:C:\Users\roman\.nuget\packages\microsoft.windowsdesktop.app.ref\8.0.24\ref\net8.0\System.CodeDom.dll /reference:C:\Users\roman\.nuget\packages\microsoft.netcore.app.ref\8.0.24\ref\net8.0\System.Collections.Concurrent.dll /reference:C:\Users\roman\.nuget\packages\microsoft.netcore.app.ref\8.0.24\ref\net8.0\System.Collections.dll /reference:C:\Users\roman\.nuget\packages\microsoft.netcore.app.ref\8.0.24\ref\net8.0\System.Collections.Immutable.dll /reference:C:\Users\roman\.nuget\packages\microsoft.netcore.app.ref\8.0.24\ref\net8.0\System.Collections.NonGeneric.dll /reference:C:\Users\roman\.nuget\packages\microsoft.netcore.app.ref\8.0.24\ref\net8.0\System.Collections.Specialized.dll /reference:C:\Users\roman\.nuget\packages\microsoft.netcore.app.ref\8.0.24\ref\net8.0\System.ComponentModel.Annotations.dll /reference:C:\Users\roman\.nuget\packages\microsoft.netcore.app.ref\8.0.24\ref\net8.0\System.ComponentModel.DataAnnotations.dll /reference:C:\Users\roman\.nuget\packages\microsoft.netcore.app.ref\8.0.24\ref\net8.0\System.ComponentModel.dll /reference:C:\Users\roman\.nuget\packages\microsoft.netcore.app.ref\8.0.24\ref\net8.0\System.ComponentModel.EventBasedAsync.dll /reference:C:\Users\roman\.nuget\packages\microsoft.netcore.app.ref\8.0.24\ref\net8.0\System.ComponentModel.Primitives.dll /reference:C:\Users\roman\.nuget\packages\microsoft.netcore.app.ref\8.0.24\ref\net8.0\System.ComponentModel.TypeConverter.dll /reference:C:\Users\roman\.nuget\packages\microsoft.windowsdesktop.app.ref\8.0.24\ref\net8.0\System.Configuration.ConfigurationManager.dll /reference:C:\Users\roman\.nuget\packages\microsoft.netcore.app.ref\8.0.24\ref\net8.0\System.Configuration.dll /reference:C:\Users\roman\.nuget\packages\microsoft.netcore.app.ref\8.0.24\ref\net8.0\System.Console.dll /reference:C:\Users\roman\.nuget\packages\microsoft.netcore.app.ref\8.0.24\ref\net8.0\System.Core.dll /reference:C:\Users\roman\.nuget\packages\microsoft.netcore.app.ref\8.0.24\ref\net8.0\System.Data.Common.dll /reference:C:\Users\roman\.nuget\packages\microsoft.netcore.app.ref\8.0.24\ref\net8.0\System.Data.DataSetExtensions.dll /reference:C:\Users\roman\.nuget\packages\microsoft.netcore.app.ref\8.0.24\ref\net8.0\System.Data.dll /reference:C:\Users\roman\.nuget\packages\microsoft.windowsdesktop.app.ref\8.0.24\ref\net8.0\System.Design.dll /reference:C:\Users\roman\.nuget\packages\microsoft.netcore.app.ref\8.0.24\ref\net8.0\System.Diagnostics.Contracts.dll /reference:C:\Users\roman\.nuget\packages\microsoft.netcore.app.ref\8.0.24\ref\net8.0\System.Diagnostics.Debug.dll /reference:C:\Users\roman\.nuget\packages\microsoft.netcore.app.ref\8.0.24\ref\net8.0\System.Diagnostics.DiagnosticSource.dll /reference:C:\Users\roman\.nuget\packages\microsoft.windowsdesktop.app.ref\8.0.24\ref\net8.0\System.Diagnostics.EventLog.dll /reference:C:\Users\roman\.nuget\packages\microsoft.netcore.app.ref\8.0.24\ref\net8.0\System.Diagnostics.FileVersionInfo.dll /reference:C:\Users\roman\.nuget\packages\microsoft.windowsdesktop.app.ref\8.0.24\ref\net8.0\System.Diagnostics.PerformanceCounter.dll /reference:C:\Users\roman\.nuget\packages\microsoft.netcore.app.ref\8.0.24\ref\net8.0\System.Diagnostics.Process.dll /reference:C:\Users\roman\.nuget\packages\microsoft.netcore.app.ref\8.0.24\ref\net8.0\System.Diagnostics.StackTrace.dll /reference:C:\Users\roman\.nuget\packages\microsoft.netcore.app.ref\8.0.24\ref\net8.0\System.Diagnostics.TextWriterTraceListener.dll /reference:C:\Users\roman\.nuget\packages\microsoft.netcore.app.ref\8.0.24\ref\net8.0\System.Diagnostics.Tools.dll /reference:C:\Users\roman\.nuget\packages\microsoft.netcore.app.ref\8.0.24\ref\net8.0\System.Diagnostics.TraceSource.dll /reference:C:\Users\roman\.nuget\packages\microsoft.netcore.app.ref\8.0.24\ref\net8.0\System.Diagnostics.Tracing.dll /reference:C:\Users\roman\.nuget\packages\microsoft.windowsdesktop.app.ref\8.0.24\ref\net8.0\System.DirectoryServices.dll /reference:C:\Users\roman\.nuget\packages\microsoft.netcore.app.ref\8.0.24\ref\net8.0\System.dll /reference:C:\Users\roman\.nuget\packages\microsoft.windowsdesktop.app.ref\8.0.24\ref\net8.0\System.Drawing.Common.dll /reference:C:\Users\roman\.nuget\packages\microsoft.windowsdesktop.app.ref\8.0.24\ref\net8.0\System.Drawing.Design.dll /reference:C:\Users\roman\.nuget\packages\microsoft.windowsdesktop.app.ref\8.0.24\ref\net8.0\System.Drawing.dll /reference:C:\Users\roman\.nuget\packages\microsoft.netcore.app.ref\8.0.24\ref\net8.0\System.Drawing.Primitives.dll /reference:C:\Users\roman\.nuget\packages\microsoft.netcore.app.ref\8.0.24\ref\net8.0\System.Dynamic.Runtime.dll /reference:C:\Users\roman\.nuget\packages\microsoft.netcore.app.ref\8.0.24\ref\net8.0\System.Formats.Asn1.dll /reference:C:\Users\roman\.nuget\packages\microsoft.netcore.app.ref\8.0.24\ref\net8.0\System.Formats.Tar.dll /reference:C:\Users\roman\.nuget\packages\microsoft.netcore.app.ref\8.0.24\ref\net8.0\System.Globalization.Calendars.dll /reference:C:\Users\roman\.nuget\packages\microsoft.netcore.app.ref\8.0.24\ref\net8.0\System.Globalization.dll /reference:C:\Users\roman\.nuget\packages\microsoft.netcore.app.ref\8.0.24\ref\net8.0\System.Globalization.Extensions.dll /reference:C:\Users\roman\.nuget\packages\microsoft.netcore.app.ref\8.0.24\ref\net8.0\System.IO.Compression.Brotli.dll /reference:C:\Users\roman\.nuget\packages\microsoft.netcore.app.ref\8.0.24\ref\net8.0\System.IO.Compression.dll /reference:C:\Users\roman\.nuget\packages\microsoft.netcore.app.ref\8.0.24\ref\net8.0\System.IO.Compression.FileSystem.dll /reference:C:\Users\roman\.nuget\packages\microsoft.netcore.app.ref\8.0.24\ref\net8.0\System.IO.Compression.ZipFile.dll /reference:C:\Users\roman\.nuget\packages\microsoft.netcore.app.ref\8.0.24\ref\net8.0\System.IO.dll /reference:C:\Users\roman\.nuget\packages\microsoft.netcore.app.ref\8.0.24\ref\net8.0\System.IO.FileSystem.AccessControl.dll /reference:C:\Users\roman\.nuget\packages\microsoft.netcore.app.ref\8.0.24\ref\net8.0\System.IO.FileSystem.dll /reference:C:\Users\roman\.nuget\packages\microsoft.netcore.app.ref\8.0.24\ref\net8.0\System.IO.FileSystem.DriveInfo.dll /reference:C:\Users\roman\.nuget\packages\microsoft.netcore.app.ref\8.0.24\ref\net8.0\System.IO.FileSystem.Primitives.dll /reference:C:\Users\roman\.nuget\packages\microsoft.netcore.app.ref\8.0.24\ref\net8.0\System.IO.FileSystem.Watcher.dll /reference:C:\Users\roman\.nuget\packages\microsoft.netcore.app.ref\8.0.24\ref\net8.0\System.IO.IsolatedStorage.dll /reference:C:\Users\roman\.nuget\packages\microsoft.netcore.app.ref\8.0.24\ref\net8.0\System.IO.MemoryMappedFiles.dll /reference:C:\Users\roman\.nuget\packages\microsoft.windowsdesktop.app.ref\8.0.24\ref\net8.0\System.IO.Packaging.dll /reference:C:\Users\roman\.nuget\packages\microsoft.netcore.app.ref\8.0.24\ref\net8.0\System.IO.Pipes.AccessControl.dll /reference:C:\Users\roman\.nuget\packages\microsoft.netcore.app.ref\8.0.24\ref\net8.0\System.IO.Pipes.dll /reference:C:\Users\roman\.nuget\packages\microsoft.netcore.app.ref\8.0.24\ref\net8.0\System.IO.UnmanagedMemoryStream.dll /reference:C:\Users\roman\.nuget\packages\microsoft.netcore.app.ref\8.0.24\ref\net8.0\System.Linq.dll /reference:C:\Users\roman\.nuget\packages\microsoft.netcore.app.ref\8.0.24\ref\net8.0\System.Linq.Expressions.dll /reference:C:\Users\roman\.nuget\packages\microsoft.netcore.app.ref\8.0.24\ref\net8.0\System.Linq.Parallel.dll /reference:C:\Users\roman\.nuget\packages\microsoft.netcore.app.ref\8.0.24\ref\net8.0\System.Linq.Queryable.dll /reference:C:\Users\roman\.nuget\packages\microsoft.netcore.app.ref\8.0.24\ref\net8.0\System.Memory.dll /reference:C:\Users\roman\.nuget\packages\microsoft.netcore.app.ref\8.0.24\ref\net8.0\System.Net.dll /reference:C:\Users\roman\.nuget\packages\microsoft.netcore.app.ref\8.0.24\ref\net8.0\System.Net.Http.dll /reference:C:\Users\roman\.nuget\packages\microsoft.netcore.app.ref\8.0.24\ref\net8.0\System.Net.Http.Json.dll /reference:C:\Users\roman\.nuget\packages\microsoft.netcore.app.ref\8.0.24\ref\net8.0\System.Net.HttpListener.dll /reference:C:\Users\roman\.nuget\packages\microsoft.netcore.app.ref\8.0.24\ref\net8.0\System.Net.Mail.dll /reference:C:\Users\roman\.nuget\packages\microsoft.netcore.app.ref\8.0.24\ref\net8.0\System.Net.NameResolution.dll /reference:C:\Users\roman\.nuget\packages\microsoft.netcore.app.ref\8.0.24\ref\net8.0\System.Net.NetworkInformation.dll /reference:C:\Users\roman\.nuget\packages\microsoft.netcore.app.ref\8.0.24\ref\net8.0\System.Net.Ping.dll /reference:C:\Users\roman\.nuget\packages\microsoft.netcore.app.ref\8.0.24\ref\net8.0\System.Net.Primitives.dll /reference:C:\Users\roman\.nuget\packages\microsoft.netcore.app.ref\8.0.24\ref\net8.0\System.Net.Quic.dll /reference:C:\Users\roman\.nuget\packages\microsoft.netcore.app.ref\8.0.24\ref\net8.0\System.Net.Requests.dll /reference:C:\Users\roman\.nuget\packages\microsoft.netcore.app.ref\8.0.24\ref\net8.0\System.Net.Security.dll /reference:C:\Users\roman\.nuget\packages\microsoft.netcore.app.ref\8.0.24\ref\net8.0\System.Net.ServicePoint.dll /reference:C:\Users\roman\.nuget\packages\microsoft.netcore.app.ref\8.0.24\ref\net8.0\System.Net.Sockets.dll /reference:C:\Users\roman\.nuget\packages\microsoft.netcore.app.ref\8.0.24\ref\net8.0\System.Net.WebClient.dll /reference:C:\Users\roman\.nuget\packages\microsoft.netcore.app.ref\8.0.24\ref\net8.0\System.Net.WebHeaderCollection.dll /reference:C:\Users\roman\.nuget\packages\microsoft.netcore.app.ref\8.0.24\ref\net8.0\System.Net.WebProxy.dll /reference:C:\Users\roman\.nuget\packages\microsoft.netcore.app.ref\8.0.24\ref\net8.0\System.Net.WebSockets.Client.dll /reference:C:\Users\roman\.nuget\packages\microsoft.netcore.app.ref\8.0.24\ref\net8.0\System.Net.WebSockets.dll /reference:C:\Users\roman\.nuget\packages\microsoft.netcore.app.ref\8.0.24\ref\net8.0\System.Numerics.dll /reference:C:\Users\roman\.nuget\packages\microsoft.netcore.app.ref\8.0.24\ref\net8.0\System.Numerics.Vectors.dll /reference:C:\Users\roman\.nuget\packages\microsoft.netcore.app.ref\8.0.24\ref\net8.0\System.ObjectModel.dll /reference:C:\Users\roman\.nuget\packages\microsoft.netcore.app.ref\8.0.24\ref\net8.0\System.Reflection.DispatchProxy.dll /reference:C:\Users\roman\.nuget\packages\microsoft.netcore.app.ref\8.0.24\ref\net8.0\System.Reflection.dll /reference:C:\Users\roman\.nuget\packages\microsoft.netcore.app.ref\8.0.24\ref\net8.0\System.Reflection.Emit.dll /reference:C:\Users\roman\.nuget\packages\microsoft.netcore.app.ref\8.0.24\ref\net8.0\System.Reflection.Emit.ILGeneration.dll /reference:C:\Users\roman\.nuget\packages\microsoft.netcore.app.ref\8.0.24\ref\net8.0\System.Reflection.Emit.Lightweight.dll /reference:C:\Users\roman\.nuget\packages\microsoft.netcore.app.ref\8.0.24\ref\net8.0\System.Reflection.Extensions.dll /reference:C:\Users\roman\.nuget\packages\microsoft.netcore.app.ref\8.0.24\ref\net8.0\System.Reflection.Metadata.dll /reference:C:\Users\roman\.nuget\packages\microsoft.netcore.app.ref\8.0.24\ref\net8.0\System.Reflection.Primitives.dll /reference:C:\Users\roman\.nuget\packages\microsoft.netcore.app.ref\8.0.24\ref\net8.0\System.Reflection.TypeExtensions.dll /reference:C:\Users\roman\.nuget\packages\microsoft.windowsdesktop.app.ref\8.0.24\ref\net8.0\System.Resources.Extensions.dll /reference:C:\Users\roman\.nuget\packages\microsoft.netcore.app.ref\8.0.24\ref\net8.0\System.Resources.Reader.dll /reference:C:\Users\roman\.nuget\packages\microsoft.netcore.app.ref\8.0.24\ref\net8.0\System.Resources.ResourceManager.dll /reference:C:\Users\roman\.nuget\packages\microsoft.netcore.app.ref\8.0.24\ref\net8.0\System.Resources.Writer.dll /reference:C:\Users\roman\.nuget\packages\microsoft.netcore.app.ref\8.0.24\ref\net8.0\System.Runtime.CompilerServices.Unsafe.dll /reference:C:\Users\roman\.nuget\packages\microsoft.netcore.app.ref\8.0.24\ref\net8.0\System.Runtime.CompilerServices.VisualC.dll /reference:C:\Users\roman\.nuget\packages\microsoft.netcore.app.ref\8.0.24\ref\net8.0\System.Runtime.dll /reference:C:\Users\roman\.nuget\packages\microsoft.netcore.app.ref\8.0.24\ref\net8.0\System.Runtime.Extensions.dll /reference:C:\Users\roman\.nuget\packages\microsoft.netcore.app.ref\8.0.24\ref\net8.0\System.Runtime.Handles.dll /reference:C:\Users\roman\.nuget\packages\microsoft.netcore.app.ref\8.0.24\ref\net8.0\System.Runtime.InteropServices.dll /reference:C:\Users\roman\.nuget\packages\microsoft.netcore.app.ref\8.0.24\ref\net8.0\System.Runtime.InteropServices.JavaScript.dll /reference:C:\Users\roman\.nuget\packages\microsoft.netcore.app.ref\8.0.24\ref\net8.0\System.Runtime.InteropServices.RuntimeInformation.dll /reference:C:\Users\roman\.nuget\packages\microsoft.netcore.app.ref\8.0.24\ref\net8.0\System.Runtime.Intrinsics.dll /reference:C:\Users\roman\.nuget\packages\microsoft.netcore.app.ref\8.0.24\ref\net8.0\System.Runtime.Loader.dll /reference:C:\Users\roman\.nuget\packages\microsoft.netcore.app.ref\8.0.24\ref\net8.0\System.Runtime.Numerics.dll /reference:C:\Users\roman\.nuget\packages\microsoft.netcore.app.ref\8.0.24\ref\net8.0\System.Runtime.Serialization.dll /reference:C:\Users\roman\.nuget\packages\microsoft.netcore.app.ref\8.0.24\ref\net8.0\System.Runtime.Serialization.Formatters.dll /reference:C:\Users\roman\.nuget\packages\microsoft.netcore.app.ref\8.0.24\ref\net8.0\System.Runtime.Serialization.Json.dll /reference:C:\Users\roman\.nuget\packages\microsoft.netcore.app.ref\8.0.24\ref\net8.0\System.Runtime.Serialization.Primitives.dll /reference:C:\Users\roman\.nuget\packages\microsoft.netcore.app.ref\8.0.24\ref\net8.0\System.Runtime.Serialization.Xml.dll /reference:C:\Users\roman\.nuget\packages\microsoft.netcore.app.ref\8.0.24\ref\net8.0\System.Security.AccessControl.dll /reference:C:\Users\roman\.nuget\packages\microsoft.netcore.app.ref\8.0.24\ref\net8.0\System.Security.Claims.dll /reference:C:\Users\roman\.nuget\packages\microsoft.netcore.app.ref\8.0.24\ref\net8.0\System.Security.Cryptography.Algorithms.dll /reference:C:\Users\roman\.nuget\packages\microsoft.netcore.app.ref\8.0.24\ref\net8.0\System.Security.Cryptography.Cng.dll /reference:C:\Users\roman\.nuget\packages\microsoft.netcore.app.ref\8.0.24\ref\net8.0\System.Security.Cryptography.Csp.dll /reference:C:\Users\roman\.nuget\packages\microsoft.netcore.app.ref\8.0.24\ref\net8.0\System.Security.Cryptography.dll /reference:C:\Users\roman\.nuget\packages\microsoft.netcore.app.ref\8.0.24\ref\net8.0\System.Security.Cryptography.Encoding.dll /reference:C:\Users\roman\.nuget\packages\microsoft.netcore.app.ref\8.0.24\ref\net8.0\System.Security.Cryptography.OpenSsl.dll /reference:C:\Users\roman\.nuget\packages\microsoft.windowsdesktop.app.ref\8.0.24\ref\net8.0\System.Security.Cryptography.Pkcs.dll /reference:C:\Users\roman\.nuget\packages\microsoft.netcore.app.ref\8.0.24\ref\net8.0\System.Security.Cryptography.Primitives.dll /reference:C:\Users\roman\.nuget\packages\microsoft.windowsdesktop.app.ref\8.0.24\ref\net8.0\System.Security.Cryptography.ProtectedData.dll /reference:C:\Users\roman\.nuget\packages\microsoft.netcore.app.ref\8.0.24\ref\net8.0\System.Security.Cryptography.X509Certificates.dll /reference:C:\Users\roman\.nuget\packages\microsoft.windowsdesktop.app.ref\8.0.24\ref\net8.0\System.Security.Cryptography.Xml.dll /reference:C:\Users\roman\.nuget\packages\microsoft.netcore.app.ref\8.0.24\ref\net8.0\System.Security.dll /reference:C:\Users\roman\.nuget\packages\microsoft.windowsdesktop.app.ref\8.0.24\ref\net8.0\System.Security.Permissions.dll /reference:C:\Users\roman\.nuget\packages\microsoft.netcore.app.ref\8.0.24\ref\net8.0\System.Security.Principal.dll /reference:C:\Users\roman\.nuget\packages\microsoft.netcore.app.ref\8.0.24\ref\net8.0\System.Security.Principal.Windows.dll /reference:C:\Users\roman\.nuget\packages\microsoft.netcore.app.ref\8.0.24\ref\net8.0\System.Security.SecureString.dll /reference:C:\Users\roman\.nuget\packages\microsoft.netcore.app.ref\8.0.24\ref\net8.0\System.ServiceModel.Web.dll /reference:C:\Users\roman\.nuget\packages\microsoft.netcore.app.ref\8.0.24\ref\net8.0\System.ServiceProcess.dll /reference:C:\Users\roman\.nuget\packages\microsoft.netcore.app.ref\8.0.24\ref\net8.0\System.Text.Encoding.CodePages.dll /reference:C:\Users\roman\.nuget\packages\microsoft.netcore.app.ref\8.0.24\ref\net8.0\System.Text.Encoding.dll /reference:C:\Users\roman\.nuget\packages\microsoft.netcore.app.ref\8.0.24\ref\net8.0\System.Text.Encoding.Extensions.dll /reference:C:\Users\roman\.nuget\packages\microsoft.netcore.app.ref\8.0.24\ref\net8.0\System.Text.Encodings.Web.dll /reference:C:\Users\roman\.nuget\packages\microsoft.netcore.app.ref\8.0.24\ref\net8.0\System.Text.Json.dll /reference:C:\Users\roman\.nuget\packages\microsoft.netcore.app.ref\8.0.24\ref\net8.0\System.Text.RegularExpressions.dll /reference:C:\Users\roman\.nuget\packages\microsoft.windowsdesktop.app.ref\8.0.24\ref\net8.0\System.Threading.AccessControl.dll /reference:C:\Users\roman\.nuget\packages\microsoft.netcore.app.ref\8.0.24\ref\net8.0\System.Threading.Channels.dll /reference:C:\Users\roman\.nuget\packages\microsoft.netcore.app.ref\8.0.24\ref\net8.0\System.Threading.dll /reference:C:\Users\roman\.nuget\packages\microsoft.netcore.app.ref\8.0.24\ref\net8.0\System.Threading.Overlapped.dll /reference:C:\Users\roman\.nuget\packages\microsoft.netcore.app.ref\8.0.24\ref\net8.0\System.Threading.Tasks.Dataflow.dll /reference:C:\Users\roman\.nuget\packages\microsoft.netcore.app.ref\8.0.24\ref\net8.0\System.Threading.Tasks.dll /reference:C:\Users\roman\.nuget\packages\microsoft.netcore.app.ref\8.0.24\ref\net8.0\System.Threading.Tasks.Extensions.dll /reference:C:\Users\roman\.nuget\packages\microsoft.netcore.app.ref\8.0.24\ref\net8.0\System.Threading.Tasks.Parallel.dll /reference:C:\Users\roman\.nuget\packages\microsoft.netcore.app.ref\8.0.24\ref\net8.0\System.Threading.Thread.dll /reference:C:\Users\roman\.nuget\packages\microsoft.netcore.app.ref\8.0.24\ref\net8.0\System.Threading.ThreadPool.dll /reference:C:\Users\roman\.nuget\packages\microsoft.netcore.app.ref\8.0.24\ref\net8.0\System.Threading.Timer.dll /reference:C:\Users\roman\.nuget\packages\microsoft.netcore.app.ref\8.0.24\ref\net8.0\System.Transactions.dll /reference:C:\Users\roman\.nuget\packages\microsoft.netcore.app.ref\8.0.24\ref\net8.0\System.Transactions.Local.dll /reference:C:\Users\roman\.nuget\packages\microsoft.netcore.app.ref\8.0.24\ref\net8.0\System.ValueTuple.dll /reference:C:\Users\roman\.nuget\packages\microsoft.netcore.app.ref\8.0.24\ref\net8.0\System.Web.dll /reference:C:\Users\roman\.nuget\packages\microsoft.netcore.app.ref\8.0.24\ref\net8.0\System.Web.HttpUtility.dll /reference:C:\Users\roman\.nuget\packages\microsoft.netcore.app.ref\8.0.24\ref\net8.0\System.Windows.dll /reference:C:\Users\roman\.nuget\packages\microsoft.windowsdesktop.app.ref\8.0.24\ref\net8.0\System.Windows.Extensions.dll /reference:C:\Users\roman\.nuget\packages\microsoft.windowsdesktop.app.ref\8.0.24\ref\net8.0\System.Windows.Forms.Design.dll /reference:C:\Users\roman\.nuget\packages\microsoft.windowsdesktop.app.ref\8.0.24\ref\net8.0\System.Windows.Forms.Design.Editors.dll /reference:C:\Users\roman\.nuget\packages\microsoft.windowsdesktop.app.ref\8.0.24\ref\net8.0\System.Windows.Forms.dll /reference:C:\Users\roman\.nuget\packages\microsoft.windowsdesktop.app.ref\8.0.24\ref\net8.0\System.Windows.Forms.Primitives.dll /reference:C:\Users\roman\.nuget\packages\microsoft.netcore.app.ref\8.0.24\ref\net8.0\System.Xml.dll /reference:C:\Users\roman\.nuget\packages\microsoft.netcore.app.ref\8.0.24\ref\net8.0\System.Xml.Linq.dll /reference:C:\Users\roman\.nuget\packages\microsoft.netcore.app.ref\8.0.24\ref\net8.0\System.Xml.ReaderWriter.dll /reference:C:\Users\roman\.nuget\packages\microsoft.netcore.app.ref\8.0.24\ref\net8.0\System.Xml.Serialization.dll /reference:C:\Users\roman\.nuget\packages\microsoft.netcore.app.ref\8.0.24\ref\net8.0\System.Xml.XDocument.dll /reference:C:\Users\roman\.nuget\packages\microsoft.netcore.app.ref\8.0.24\ref\net8.0\System.Xml.XmlDocument.dll /reference:C:\Users\roman\.nuget\packages\microsoft.netcore.app.ref\8.0.24\ref\net8.0\System.Xml.XmlSerializer.dll /reference:C:\Users\roman\.nuget\packages\microsoft.netcore.app.ref\8.0.24\ref\net8.0\System.Xml.XPath.dll /reference:C:\Users\roman\.nuget\packages\microsoft.netcore.app.ref\8.0.24\ref\net8.0\System.Xml.XPath.XDocument.dll /reference:C:\Users\roman\.nuget\packages\microsoft.netcore.app.ref\8.0.24\ref\net8.0\WindowsBase.dll /debug+ /debug:full /filealign:512 /optimize- /out:obj\x64\Debug\net8.0-windows\win-x64\SFR.dll /refout:obj\x64\Debug\net8.0-windows\win-x64\refint\SFR.dll /resource:obj\x64\Debug\net8.0-windows\win-x64\SFR.Properties.Resources.resources /target:exe /warnaserror- /utf8output /win32icon:icon.ico /deterministic+ /sourcelink:obj\x64\Debug\net8.0-windows\win-x64\SFR.sourcelink.json /langversion:latest /embed:"obj\x64\Debug\net8.0-windows\win-x64\.NETCoreApp,Version=v8.0.AssemblyAttributes.cs" /analyzerconfig:C:\Users\roman\source\repos\ec22761\SFR\.editorconfig /analyzerconfig:obj\x64\Debug\net8.0-windows\win-x64\SFR.GeneratedMSBuildEditorConfig.editorconfig /analyzerconfig:"C:\Program Files\dotnet\sdk\10.0.103\Sdks\Microsoft.NET.Sdk\analyzers\build\config\analysislevel_8_default.globalconfig" /analyzer:"C:\Program Files\dotnet\sdk\10.0.103\Sdks\Microsoft.NET.Sdk\targets\..\analyzers\Microsoft.CodeAnalysis.CSharp.NetAnalyzers.dll" /analyzer:"C:\Program Files\dotnet\sdk\10.0.103\Sdks\Microsoft.NET.Sdk\targets\..\analyzers\Microsoft.CodeAnalysis.NetAnalyzers.dll" /analyzer:C:\Users\roman\.nuget\packages\microsoft.netcore.app.ref\8.0.24\analyzers/dotnet/cs/Microsoft.Interop.ComInterfaceGenerator.dll /analyzer:C:\Users\roman\.nuget\packages\microsoft.netcore.app.ref\8.0.24\analyzers/dotnet/cs/Microsoft.Interop.JavaScript.JSImportGenerator.dll /analyzer:C:\Users\roman\.nuget\packages\microsoft.netcore.app.ref\8.0.24\analyzers/dotnet/cs/Microsoft.Interop.LibraryImportGenerator.dll /analyzer:C:\Users\roman\.nuget\packages\microsoft.netcore.app.ref\8.0.24\analyzers/dotnet/cs/Microsoft.Interop.SourceGeneration.dll /analyzer:C:\Users\roman\.nuget\packages\microsoft.netcore.app.ref\8.0.24\analyzers/dotnet/cs/System.Text.Json.SourceGeneration.dll /analyzer:C:\Users\roman\.nuget\packages\microsoft.netcore.app.ref\8.0.24\analyzers/dotnet/cs/System.Text.RegularExpressions.Generator.dll /analyzer:C:\Users\roman\.nuget\packages\microsoft.windowsdesktop.app.ref\8.0.24\analyzers/dotnet/System.Windows.Forms.Analyzers.dll /analyzer:C:\Users\roman\.nuget\packages\microsoft.windowsdesktop.app.ref\8.0.24\analyzers/dotnet/cs/System.Windows.Forms.Analyzers.CSharp.dll API\Engine.cs Bootstrap\AnimationHandler.cs Bootstrap\Assets.cs Debug\QuickStartup.cs Editor\MapToken.cs Fighter\AnimHandler.cs Fighter\DevHandler.cs Fighter\ExtendedPlayer.cs Fighter\GadgetHandler.cs Fighter\GoreHandler.cs Fighter\InputHandler.cs Fighter\Jetpacks\GenericJetpack.cs Fighter\Jetpacks\Gunpack.cs Fighter\Jetpacks\Jetpack.cs Fighter\Jetpacks\JetpackEditor.cs Fighter\Jetpacks\JetpackHandler.cs Fighter\Jetpacks\JetpackState.cs Fighter\Jetpacks\JetpackType.cs Fighter\NameIconHandler.cs Fighter\PlayerHandler.cs Fighter\ReviveHandler.cs Fighter\StatusBarHandler.cs Game\CommandHandler.cs Game\EnvironmentDestructionHandler.cs Game\WorldHandler.cs Helper\ExtendedMath.cs Helper\Extensions.cs Helper\Logger.cs Misc\Globals.cs Misc\Tweaks.cs Objects\AirStrikeHandler.cs Objects\Animal\ObjectAnimal.cs Objects\Animal\ObjectFroggy.cs Objects\Animal\ObjectMonkey.cs Objects\ObjectAirStrikePlane.cs Objects\ObjectAirStrikeThrown.cs Objects\ObjectCaltropThrown.cs Objects\ObjectCannon.cs Objects\ObjectClaymoreThrown.cs Objects\ObjectCrossbowBolt.cs Objects\ObjectCrushingDebris.cs Objects\ObjectDoor.cs Objects\ObjectFragGrenadeThrown.cs Objects\ObjectHead.cs Objects\ObjectImpactGrenadeThrown.cs Objects\ObjectInvisibleBlockWeak.cs Objects\ObjectMimicMineThrown.cs Objects\ObjectPirateItemGiver.cs Objects\ObjectPirateShip.cs Objects\ObjectPortableTurret.cs Objects\ObjectsHandler.cs Objects\ObjectShowStopperThrown.cs Objects\ObjectSnowballThrown.cs Objects\ObjectStickyBombThrown.cs Objects\ObjectStickyProjectile.cs Program.cs Projectiles\Database.cs Projectiles\IExtendedProjectile.cs Projectiles\ProjectileBarrett.cs Projectiles\ProjectileBlunderbuss.cs Projectiles\ProjectileBunkerBuster.cs Projectiles\ProjectileCannon.cs Projectiles\ProjectileCrossbow.cs Projectiles\ProjectileDoubleBarrel.cs Projectiles\ProjectileFlintlock.cs Projectiles\ProjectileMinigun.cs Projectiles\ProjectileMusket.cs Projectiles\ProjectileNailGun.cs Projectiles\ProjectileQuad.cs Projectiles\ProjectileRCM.cs Projectiles\ProjectileRivetGun.cs Projectiles\ProjectileRivetShrapnel.cs Projectiles\ProjectileTeslaRifle.cs Projectiles\ProjectileUnkemptHarold.cs Projectiles\ProjectileWinchester.cs Properties\AssemblyInfo.cs Properties\Resources.Designer.cs Sync\Generic\DataType.cs Sync\Generic\GenericData.cs Sync\Generic\GenericServerData.cs Sync\Generic\SyncFlag.cs Sync\SyncHandler.cs UI\CreditsPanel.cs UI\MainMenu.cs UI\MenuItemLabel.cs Weapons\Database.cs Weapons\Handguns\Anaconda.cs Weapons\Handguns\Flintlock.cs Weapons\Handguns\NailGun.cs Weapons\Handguns\StickyLauncher.cs Weapons\Handguns\UnkemptHarold.cs Weapons\IExtendedWeapon.cs Weapons\ISharpMelee.cs Weapons\Makeshift\Brick.cs Weapons\Makeshift\Broom.cs Weapons\Makeshift\CannonBall.cs Weapons\Melee\Blade.cs Weapons\Melee\Caber.cs Weapons\Melee\Crowbar.cs Weapons\Melee\Greatsword.cs Weapons\Melee\Morningstar.cs Weapons\Melee\ParryingDagger.cs Weapons\Melee\Poleaxe.cs Weapons\Melee\Rapier.cs Weapons\Melee\RiotShield.cs Weapons\Melee\Scythe.cs Weapons\Melee\Sledgehammer.cs Weapons\Melee\Switchblade.cs Weapons\Others\AdrenalineBoost.cs Weapons\Others\CannonKit.cs Weapons\Others\Defib.cs Weapons\Others\Gunpack.cs Weapons\Others\HealthPouch.cs Weapons\Others\Jetpack.cs Weapons\Others\JetpackEditor.cs Weapons\Others\LeapBoost.cs Weapons\Others\PortableTurret.cs Weapons\Others\ShrinkBoost.cs Weapons\Others\SpectrumAnalyzer.cs Weapons\Rifles\AA12.cs Weapons\Rifles\AK47.cs Weapons\Rifles\Barrett.cs Weapons\Rifles\Blunderbuss.cs Weapons\Rifles\Crossbow.cs Weapons\Rifles\DoubleBarrel.cs Weapons\Rifles\HandCannon.cs Weapons\Rifles\JunkCannon.cs Weapons\Rifles\Minigun.cs Weapons\Rifles\Musket.cs Weapons\Rifles\QuadLauncher.cs Weapons\Rifles\RCM.cs Weapons\Rifles\RivetGun.cs Weapons\Rifles\TeslaRifle.cs Weapons\Rifles\Winchester.cs Weapons\Thrown\AirStrike.cs Weapons\Thrown\AirStrikeDetonator.cs Weapons\Thrown\Caltrops.cs Weapons\Thrown\Claymore.cs Weapons\Thrown\FragGrenade.cs Weapons\Thrown\ImpactGrenade.cs Weapons\Thrown\MimicMine.cs Weapons\Thrown\ShowStopper.cs Weapons\Thrown\Snowball.cs Weapons\Thrown\StickyBomb.cs ..\SharedAssemblyInfo.cs "obj\x64\Debug\net8.0-windows\win-x64\.NETCoreApp,Version=v8.0.AssemblyAttributes.cs" /warnaserror+:NU1605,SYSLIB0011'
  Attempt to open named pipe 'BldDyVx8JmGBHJcxiMej8UssgFC_jXwGIpm5JMMW1bw'
  Attempt to connect named pipe 'BldDyVx8JmGBHJcxiMej8UssgFC_jXwGIpm5JMMW1bw'
  Named pipe 'BldDyVx8JmGBHJcxiMej8UssgFC_jXwGIpm5JMMW1bw' connected
  Begin writing request for SFR (net8.0-windows)
  End writing request for SFR (net8.0-windows)
  Begin reading response for SFR (net8.0-windows)
  End reading response for SFR (net8.0-windows)
  CompilerServer: server - server processed compilation - SFR (net8.0-windows)
_CopyFilesMarkedCopyLocal:
  Copying file from "C:\Users\roman\.nuget\packages\microsoft.netcore.app.runtime.win-x64\8.0.24\runtimes\win-x64\lib\net8.0\Microsoft.CSharp.dll" to "C:\Users\roman\source\repos\ec22761\SFR\SFR\bin\x64\Debug\net8.0-windows\win-x64\Microsoft.CSharp.dll".
  Copying file from "C:\Users\roman\.nuget\packages\microsoft.netcore.app.runtime.win-x64\8.0.24\runtimes\win-x64\lib\net8.0\Microsoft.Win32.Registry.dll" to "C:\Users\roman\source\repos\ec22761\SFR\SFR\bin\x64\Debug\net8.0-windows\win-x64\Microsoft.Win32.Registry.dll".
  Copying file from "C:\Users\roman\.nuget\packages\microsoft.netcore.app.runtime.win-x64\8.0.24\runtimes\win-x64\lib\net8.0\System.AppContext.dll" to "C:\Users\roman\source\repos\ec22761\SFR\SFR\bin\x64\Debug\net8.0-windows\win-x64\System.AppContext.dll".
  Copying file from "C:\Users\roman\.nuget\packages\microsoft.netcore.app.runtime.win-x64\8.0.24\runtimes\win-x64\lib\net8.0\Microsoft.VisualBasic.Core.dll" to "C:\Users\roman\source\repos\ec22761\SFR\SFR\bin\x64\Debug\net8.0-windows\win-x64\Microsoft.VisualBasic.Core.dll".
  Copying file from "C:\Users\roman\.nuget\packages\lib.harmony\2.3.6\lib\net8.0\0Harmony.dll" to "C:\Users\roman\source\repos\ec22761\SFR\SFR\bin\x64\Debug\net8.0-windows\win-x64\0Harmony.dll".
  Copying file from "C:\Users\roman\.nuget\packages\microsoft.netcore.app.runtime.win-x64\8.0.24\runtimes\win-x64\lib\net8.0\Microsoft.Win32.Primitives.dll" to "C:\Users\roman\source\repos\ec22761\SFR\SFR\bin\x64\Debug\net8.0-windows\win-x64\Microsoft.Win32.Primitives.dll".
  Copying file from "C:\Users\roman\.nuget\packages\microsoft.netcore.app.runtime.win-x64\8.0.24\runtimes\win-x64\lib\net8.0\System.Buffers.dll" to "C:\Users\roman\source\repos\ec22761\SFR\SFR\bin\x64\Debug\net8.0-windows\win-x64\System.Buffers.dll".
  Copying file from "C:\Users\roman\.nuget\packages\microsoft.netcore.app.runtime.win-x64\8.0.24\runtimes\win-x64\lib\net8.0\System.Collections.Concurrent.dll" to "C:\Users\roman\source\repos\ec22761\SFR\SFR\bin\x64\Debug\net8.0-windows\win-x64\System.Collections.Concurrent.dll".
  Copying file from "C:\Users\roman\.nuget\packages\microsoft.netcore.app.runtime.win-x64\8.0.24\runtimes\win-x64\lib\net8.0\System.Collections.Immutable.dll" to "C:\Users\roman\source\repos\ec22761\SFR\SFR\bin\x64\Debug\net8.0-windows\win-x64\System.Collections.Immutable.dll".
  Copying file from "C:\Users\roman\.nuget\packages\microsoft.netcore.app.runtime.win-x64\8.0.24\runtimes\win-x64\lib\net8.0\System.Collections.NonGeneric.dll" to "C:\Users\roman\source\repos\ec22761\SFR\SFR\bin\x64\Debug\net8.0-windows\win-x64\System.Collections.NonGeneric.dll".
  Copying file from "C:\Users\roman\.nuget\packages\microsoft.netcore.app.runtime.win-x64\8.0.24\runtimes\win-x64\lib\net8.0\System.Collections.Specialized.dll" to "C:\Users\roman\source\repos\ec22761\SFR\SFR\bin\x64\Debug\net8.0-windows\win-x64\System.Collections.Specialized.dll".
  Copying file from "C:\Users\roman\.nuget\packages\microsoft.netcore.app.runtime.win-x64\8.0.24\runtimes\win-x64\lib\net8.0\System.Collections.dll" to "C:\Users\roman\source\repos\ec22761\SFR\SFR\bin\x64\Debug\net8.0-windows\win-x64\System.Collections.dll".
  Copying file from "C:\Users\roman\.nuget\packages\microsoft.netcore.app.runtime.win-x64\8.0.24\runtimes\win-x64\lib\net8.0\System.ComponentModel.Annotations.dll" to "C:\Users\roman\source\repos\ec22761\SFR\SFR\bin\x64\Debug\net8.0-windows\win-x64\System.ComponentModel.Annotations.dll".
  Copying file from "C:\Users\roman\.nuget\packages\microsoft.netcore.app.runtime.win-x64\8.0.24\runtimes\win-x64\lib\net8.0\System.ComponentModel.DataAnnotations.dll" to "C:\Users\roman\source\repos\ec22761\SFR\SFR\bin\x64\Debug\net8.0-windows\win-x64\System.ComponentModel.DataAnnotations.dll".
  Copying file from "C:\Users\roman\.nuget\packages\microsoft.netcore.app.runtime.win-x64\8.0.24\runtimes\win-x64\lib\net8.0\System.ComponentModel.EventBasedAsync.dll" to "C:\Users\roman\source\repos\ec22761\SFR\SFR\bin\x64\Debug\net8.0-windows\win-x64\System.ComponentModel.EventBasedAsync.dll".
  Copying file from "C:\Users\roman\.nuget\packages\microsoft.netcore.app.runtime.win-x64\8.0.24\runtimes\win-x64\lib\net8.0\System.ComponentModel.Primitives.dll" to "C:\Users\roman\source\repos\ec22761\SFR\SFR\bin\x64\Debug\net8.0-windows\win-x64\System.ComponentModel.Primitives.dll".
  Copying file from "C:\Users\roman\.nuget\packages\microsoft.netcore.app.runtime.win-x64\8.0.24\runtimes\win-x64\lib\net8.0\System.ComponentModel.TypeConverter.dll" to "C:\Users\roman\source\repos\ec22761\SFR\SFR\bin\x64\Debug\net8.0-windows\win-x64\System.ComponentModel.TypeConverter.dll".
  Copying file from "C:\Users\roman\.nuget\packages\microsoft.netcore.app.runtime.win-x64\8.0.24\runtimes\win-x64\lib\net8.0\System.ComponentModel.dll" to "C:\Users\roman\source\repos\ec22761\SFR\SFR\bin\x64\Debug\net8.0-windows\win-x64\System.ComponentModel.dll".
  Copying file from "C:\Users\roman\.nuget\packages\microsoft.netcore.app.runtime.win-x64\8.0.24\runtimes\win-x64\lib\net8.0\System.Configuration.dll" to "C:\Users\roman\source\repos\ec22761\SFR\SFR\bin\x64\Debug\net8.0-windows\win-x64\System.Configuration.dll".
  Copying file from "C:\Users\roman\.nuget\packages\microsoft.netcore.app.runtime.win-x64\8.0.24\runtimes\win-x64\lib\net8.0\System.Console.dll" to "C:\Users\roman\source\repos\ec22761\SFR\SFR\bin\x64\Debug\net8.0-windows\win-x64\System.Console.dll".
  Copying file from "C:\Users\roman\.nuget\packages\microsoft.netcore.app.runtime.win-x64\8.0.24\runtimes\win-x64\lib\net8.0\System.Core.dll" to "C:\Users\roman\source\repos\ec22761\SFR\SFR\bin\x64\Debug\net8.0-windows\win-x64\System.Core.dll".
  Copying file from "C:\Users\roman\.nuget\packages\microsoft.netcore.app.runtime.win-x64\8.0.24\runtimes\win-x64\lib\net8.0\System.Data.Common.dll" to "C:\Users\roman\source\repos\ec22761\SFR\SFR\bin\x64\Debug\net8.0-windows\win-x64\System.Data.Common.dll".
  Copying file from "C:\Users\roman\.nuget\packages\microsoft.netcore.app.runtime.win-x64\8.0.24\runtimes\win-x64\lib\net8.0\System.Data.DataSetExtensions.dll" to "C:\Users\roman\source\repos\ec22761\SFR\SFR\bin\x64\Debug\net8.0-windows\win-x64\System.Data.DataSetExtensions.dll".
  Copying file from "C:\Users\roman\.nuget\packages\microsoft.netcore.app.runtime.win-x64\8.0.24\runtimes\win-x64\lib\net8.0\System.Data.dll" to "C:\Users\roman\source\repos\ec22761\SFR\SFR\bin\x64\Debug\net8.0-windows\win-x64\System.Data.dll".
  Copying file from "C:\Users\roman\.nuget\packages\microsoft.netcore.app.runtime.win-x64\8.0.24\runtimes\win-x64\lib\net8.0\System.Diagnostics.Contracts.dll" to "C:\Users\roman\source\repos\ec22761\SFR\SFR\bin\x64\Debug\net8.0-windows\win-x64\System.Diagnostics.Contracts.dll".
  Copying file from "C:\Users\roman\.nuget\packages\microsoft.netcore.app.runtime.win-x64\8.0.24\runtimes\win-x64\lib\net8.0\System.Diagnostics.Debug.dll" to "C:\Users\roman\source\repos\ec22761\SFR\SFR\bin\x64\Debug\net8.0-windows\win-x64\System.Diagnostics.Debug.dll".
  Copying file from "C:\Users\roman\.nuget\packages\microsoft.netcore.app.runtime.win-x64\8.0.24\runtimes\win-x64\lib\net8.0\System.Diagnostics.DiagnosticSource.dll" to "C:\Users\roman\source\repos\ec22761\SFR\SFR\bin\x64\Debug\net8.0-windows\win-x64\System.Diagnostics.DiagnosticSource.dll".
  Copying file from "C:\Users\roman\.nuget\packages\microsoft.netcore.app.runtime.win-x64\8.0.24\runtimes\win-x64\lib\net8.0\System.Diagnostics.FileVersionInfo.dll" to "C:\Users\roman\source\repos\ec22761\SFR\SFR\bin\x64\Debug\net8.0-windows\win-x64\System.Diagnostics.FileVersionInfo.dll".
  Copying file from "C:\Users\roman\.nuget\packages\microsoft.netcore.app.runtime.win-x64\8.0.24\runtimes\win-x64\lib\net8.0\System.Diagnostics.Process.dll" to "C:\Users\roman\source\repos\ec22761\SFR\SFR\bin\x64\Debug\net8.0-windows\win-x64\System.Diagnostics.Process.dll".
  Copying file from "C:\Users\roman\.nuget\packages\microsoft.netcore.app.runtime.win-x64\8.0.24\runtimes\win-x64\lib\net8.0\System.Diagnostics.StackTrace.dll" to "C:\Users\roman\source\repos\ec22761\SFR\SFR\bin\x64\Debug\net8.0-windows\win-x64\System.Diagnostics.StackTrace.dll".
  Copying file from "C:\Users\roman\.nuget\packages\microsoft.netcore.app.runtime.win-x64\8.0.24\runtimes\win-x64\lib\net8.0\System.Diagnostics.TextWriterTraceListener.dll" to "C:\Users\roman\source\repos\ec22761\SFR\SFR\bin\x64\Debug\net8.0-windows\win-x64\System.Diagnostics.TextWriterTraceListener.dll".
  Copying file from "C:\Users\roman\.nuget\packages\microsoft.netcore.app.runtime.win-x64\8.0.24\runtimes\win-x64\lib\net8.0\System.Diagnostics.Tools.dll" to "C:\Users\roman\source\repos\ec22761\SFR\SFR\bin\x64\Debug\net8.0-windows\win-x64\System.Diagnostics.Tools.dll".
  Copying file from "C:\Users\roman\.nuget\packages\microsoft.netcore.app.runtime.win-x64\8.0.24\runtimes\win-x64\lib\net8.0\System.Diagnostics.TraceSource.dll" to "C:\Users\roman\source\repos\ec22761\SFR\SFR\bin\x64\Debug\net8.0-windows\win-x64\System.Diagnostics.TraceSource.dll".
  Copying file from "C:\Users\roman\.nuget\packages\microsoft.netcore.app.runtime.win-x64\8.0.24\runtimes\win-x64\lib\net8.0\System.Diagnostics.Tracing.dll" to "C:\Users\roman\source\repos\ec22761\SFR\SFR\bin\x64\Debug\net8.0-windows\win-x64\System.Diagnostics.Tracing.dll".
  Copying file from "C:\Users\roman\.nuget\packages\microsoft.netcore.app.runtime.win-x64\8.0.24\runtimes\win-x64\lib\net8.0\System.Drawing.Primitives.dll" to "C:\Users\roman\source\repos\ec22761\SFR\SFR\bin\x64\Debug\net8.0-windows\win-x64\System.Drawing.Primitives.dll".
  Copying file from "C:\Users\roman\.nuget\packages\microsoft.netcore.app.runtime.win-x64\8.0.24\runtimes\win-x64\lib\net8.0\System.Dynamic.Runtime.dll" to "C:\Users\roman\source\repos\ec22761\SFR\SFR\bin\x64\Debug\net8.0-windows\win-x64\System.Dynamic.Runtime.dll".
  Copying file from "C:\Users\roman\.nuget\packages\microsoft.netcore.app.runtime.win-x64\8.0.24\runtimes\win-x64\lib\net8.0\System.Formats.Asn1.dll" to "C:\Users\roman\source\repos\ec22761\SFR\SFR\bin\x64\Debug\net8.0-windows\win-x64\System.Formats.Asn1.dll".
  Copying file from "C:\Users\roman\.nuget\packages\microsoft.netcore.app.runtime.win-x64\8.0.24\runtimes\win-x64\lib\net8.0\System.Formats.Tar.dll" to "C:\Users\roman\source\repos\ec22761\SFR\SFR\bin\x64\Debug\net8.0-windows\win-x64\System.Formats.Tar.dll".
  Copying file from "C:\Users\roman\.nuget\packages\microsoft.netcore.app.runtime.win-x64\8.0.24\runtimes\win-x64\lib\net8.0\System.Globalization.Calendars.dll" to "C:\Users\roman\source\repos\ec22761\SFR\SFR\bin\x64\Debug\net8.0-windows\win-x64\System.Globalization.Calendars.dll".
  Copying file from "C:\Users\roman\.nuget\packages\microsoft.netcore.app.runtime.win-x64\8.0.24\runtimes\win-x64\lib\net8.0\System.Globalization.Extensions.dll" to "C:\Users\roman\source\repos\ec22761\SFR\SFR\bin\x64\Debug\net8.0-windows\win-x64\System.Globalization.Extensions.dll".
  Copying file from "C:\Users\roman\.nuget\packages\microsoft.netcore.app.runtime.win-x64\8.0.24\runtimes\win-x64\lib\net8.0\System.Globalization.dll" to "C:\Users\roman\source\repos\ec22761\SFR\SFR\bin\x64\Debug\net8.0-windows\win-x64\System.Globalization.dll".
  Copying file from "C:\Users\roman\.nuget\packages\microsoft.netcore.app.runtime.win-x64\8.0.24\runtimes\win-x64\lib\net8.0\System.IO.Compression.Brotli.dll" to "C:\Users\roman\source\repos\ec22761\SFR\SFR\bin\x64\Debug\net8.0-windows\win-x64\System.IO.Compression.Brotli.dll".
  Copying file from "C:\Users\roman\.nuget\packages\microsoft.netcore.app.runtime.win-x64\8.0.24\runtimes\win-x64\lib\net8.0\System.IO.Compression.FileSystem.dll" to "C:\Users\roman\source\repos\ec22761\SFR\SFR\bin\x64\Debug\net8.0-windows\win-x64\System.IO.Compression.FileSystem.dll".
  Copying file from "C:\Users\roman\.nuget\packages\microsoft.netcore.app.runtime.win-x64\8.0.24\runtimes\win-x64\lib\net8.0\System.IO.Compression.ZipFile.dll" to "C:\Users\roman\source\repos\ec22761\SFR\SFR\bin\x64\Debug\net8.0-windows\win-x64\System.IO.Compression.ZipFile.dll".
  Copying file from "C:\Users\roman\.nuget\packages\microsoft.netcore.app.runtime.win-x64\8.0.24\runtimes\win-x64\lib\net8.0\System.IO.Compression.dll" to "C:\Users\roman\source\repos\ec22761\SFR\SFR\bin\x64\Debug\net8.0-windows\win-x64\System.IO.Compression.dll".
  Copying file from "C:\Users\roman\.nuget\packages\microsoft.netcore.app.runtime.win-x64\8.0.24\runtimes\win-x64\lib\net8.0\System.IO.FileSystem.AccessControl.dll" to "C:\Users\roman\source\repos\ec22761\SFR\SFR\bin\x64\Debug\net8.0-windows\win-x64\System.IO.FileSystem.AccessControl.dll".
  Copying file from "C:\Users\roman\.nuget\packages\microsoft.netcore.app.runtime.win-x64\8.0.24\runtimes\win-x64\lib\net8.0\System.IO.FileSystem.DriveInfo.dll" to "C:\Users\roman\source\repos\ec22761\SFR\SFR\bin\x64\Debug\net8.0-windows\win-x64\System.IO.FileSystem.DriveInfo.dll".
  Copying file from "C:\Users\roman\.nuget\packages\microsoft.netcore.app.runtime.win-x64\8.0.24\runtimes\win-x64\lib\net8.0\System.IO.FileSystem.Primitives.dll" to "C:\Users\roman\source\repos\ec22761\SFR\SFR\bin\x64\Debug\net8.0-windows\win-x64\System.IO.FileSystem.Primitives.dll".
  Copying file from "C:\Users\roman\.nuget\packages\microsoft.netcore.app.runtime.win-x64\8.0.24\runtimes\win-x64\lib\net8.0\System.IO.FileSystem.Watcher.dll" to "C:\Users\roman\source\repos\ec22761\SFR\SFR\bin\x64\Debug\net8.0-windows\win-x64\System.IO.FileSystem.Watcher.dll".
  Copying file from "C:\Users\roman\.nuget\packages\microsoft.netcore.app.runtime.win-x64\8.0.24\runtimes\win-x64\lib\net8.0\System.IO.FileSystem.dll" to "C:\Users\roman\source\repos\ec22761\SFR\SFR\bin\x64\Debug\net8.0-windows\win-x64\System.IO.FileSystem.dll".
  Copying file from "C:\Users\roman\.nuget\packages\microsoft.netcore.app.runtime.win-x64\8.0.24\runtimes\win-x64\lib\net8.0\System.IO.IsolatedStorage.dll" to "C:\Users\roman\source\repos\ec22761\SFR\SFR\bin\x64\Debug\net8.0-windows\win-x64\System.IO.IsolatedStorage.dll".
  Copying file from "C:\Users\roman\.nuget\packages\microsoft.netcore.app.runtime.win-x64\8.0.24\runtimes\win-x64\lib\net8.0\System.IO.MemoryMappedFiles.dll" to "C:\Users\roman\source\repos\ec22761\SFR\SFR\bin\x64\Debug\net8.0-windows\win-x64\System.IO.MemoryMappedFiles.dll".
  Copying file from "C:\Users\roman\.nuget\packages\microsoft.netcore.app.runtime.win-x64\8.0.24\runtimes\win-x64\lib\net8.0\System.IO.Pipes.AccessControl.dll" to "C:\Users\roman\source\repos\ec22761\SFR\SFR\bin\x64\Debug\net8.0-windows\win-x64\System.IO.Pipes.AccessControl.dll".
  Copying file from "C:\Users\roman\.nuget\packages\microsoft.netcore.app.runtime.win-x64\8.0.24\runtimes\win-x64\lib\net8.0\System.IO.Pipes.dll" to "C:\Users\roman\source\repos\ec22761\SFR\SFR\bin\x64\Debug\net8.0-windows\win-x64\System.IO.Pipes.dll".
  Copying file from "C:\Users\roman\.nuget\packages\microsoft.netcore.app.runtime.win-x64\8.0.24\runtimes\win-x64\lib\net8.0\System.IO.UnmanagedMemoryStream.dll" to "C:\Users\roman\source\repos\ec22761\SFR\SFR\bin\x64\Debug\net8.0-windows\win-x64\System.IO.UnmanagedMemoryStream.dll".
  Copying file from "C:\Users\roman\.nuget\packages\microsoft.netcore.app.runtime.win-x64\8.0.24\runtimes\win-x64\lib\net8.0\System.IO.dll" to "C:\Users\roman\source\repos\ec22761\SFR\SFR\bin\x64\Debug\net8.0-windows\win-x64\System.IO.dll".
  Copying file from "C:\Users\roman\.nuget\packages\microsoft.netcore.app.runtime.win-x64\8.0.24\runtimes\win-x64\lib\net8.0\System.Linq.Expressions.dll" to "C:\Users\roman\source\repos\ec22761\SFR\SFR\bin\x64\Debug\net8.0-windows\win-x64\System.Linq.Expressions.dll".
  Copying file from "C:\Users\roman\.nuget\packages\microsoft.netcore.app.runtime.win-x64\8.0.24\runtimes\win-x64\lib\net8.0\System.Linq.Parallel.dll" to "C:\Users\roman\source\repos\ec22761\SFR\SFR\bin\x64\Debug\net8.0-windows\win-x64\System.Linq.Parallel.dll".
  Copying file from "C:\Users\roman\.nuget\packages\microsoft.netcore.app.runtime.win-x64\8.0.24\runtimes\win-x64\lib\net8.0\System.Linq.Queryable.dll" to "C:\Users\roman\source\repos\ec22761\SFR\SFR\bin\x64\Debug\net8.0-windows\win-x64\System.Linq.Queryable.dll".
  Copying file from "C:\Users\roman\.nuget\packages\microsoft.netcore.app.runtime.win-x64\8.0.24\runtimes\win-x64\lib\net8.0\System.Linq.dll" to "C:\Users\roman\source\repos\ec22761\SFR\SFR\bin\x64\Debug\net8.0-windows\win-x64\System.Linq.dll".
  Copying file from "C:\Users\roman\.nuget\packages\microsoft.netcore.app.runtime.win-x64\8.0.24\runtimes\win-x64\lib\net8.0\System.Memory.dll" to "C:\Users\roman\source\repos\ec22761\SFR\SFR\bin\x64\Debug\net8.0-windows\win-x64\System.Memory.dll".
  Copying file from "C:\Users\roman\.nuget\packages\microsoft.netcore.app.runtime.win-x64\8.0.24\runtimes\win-x64\lib\net8.0\System.Net.Http.Json.dll" to "C:\Users\roman\source\repos\ec22761\SFR\SFR\bin\x64\Debug\net8.0-windows\win-x64\System.Net.Http.Json.dll".
  Copying file from "C:\Users\roman\.nuget\packages\microsoft.netcore.app.runtime.win-x64\8.0.24\runtimes\win-x64\lib\net8.0\System.Net.Http.dll" to "C:\Users\roman\source\repos\ec22761\SFR\SFR\bin\x64\Debug\net8.0-windows\win-x64\System.Net.Http.dll".
  Copying file from "C:\Users\roman\.nuget\packages\microsoft.netcore.app.runtime.win-x64\8.0.24\runtimes\win-x64\lib\net8.0\System.Net.HttpListener.dll" to "C:\Users\roman\source\repos\ec22761\SFR\SFR\bin\x64\Debug\net8.0-windows\win-x64\System.Net.HttpListener.dll".
  Copying file from "C:\Users\roman\.nuget\packages\microsoft.netcore.app.runtime.win-x64\8.0.24\runtimes\win-x64\lib\net8.0\System.Net.Mail.dll" to "C:\Users\roman\source\repos\ec22761\SFR\SFR\bin\x64\Debug\net8.0-windows\win-x64\System.Net.Mail.dll".
  Copying file from "C:\Users\roman\.nuget\packages\microsoft.netcore.app.runtime.win-x64\8.0.24\runtimes\win-x64\lib\net8.0\System.Net.NetworkInformation.dll" to "C:\Users\roman\source\repos\ec22761\SFR\SFR\bin\x64\Debug\net8.0-windows\win-x64\System.Net.NetworkInformation.dll".
  Copying file from "C:\Users\roman\.nuget\packages\microsoft.netcore.app.runtime.win-x64\8.0.24\runtimes\win-x64\lib\net8.0\System.Net.NameResolution.dll" to "C:\Users\roman\source\repos\ec22761\SFR\SFR\bin\x64\Debug\net8.0-windows\win-x64\System.Net.NameResolution.dll".
  Copying file from "C:\Users\roman\.nuget\packages\microsoft.netcore.app.runtime.win-x64\8.0.24\runtimes\win-x64\lib\net8.0\System.Net.Ping.dll" to "C:\Users\roman\source\repos\ec22761\SFR\SFR\bin\x64\Debug\net8.0-windows\win-x64\System.Net.Ping.dll".
  Copying file from "C:\Users\roman\.nuget\packages\microsoft.netcore.app.runtime.win-x64\8.0.24\runtimes\win-x64\lib\net8.0\System.Net.Primitives.dll" to "C:\Users\roman\source\repos\ec22761\SFR\SFR\bin\x64\Debug\net8.0-windows\win-x64\System.Net.Primitives.dll".
  Copying file from "C:\Users\roman\.nuget\packages\microsoft.netcore.app.runtime.win-x64\8.0.24\runtimes\win-x64\lib\net8.0\System.Net.Quic.dll" to "C:\Users\roman\source\repos\ec22761\SFR\SFR\bin\x64\Debug\net8.0-windows\win-x64\System.Net.Quic.dll".
  Copying file from "C:\Users\roman\.nuget\packages\microsoft.netcore.app.runtime.win-x64\8.0.24\runtimes\win-x64\lib\net8.0\System.Net.Security.dll" to "C:\Users\roman\source\repos\ec22761\SFR\SFR\bin\x64\Debug\net8.0-windows\win-x64\System.Net.Security.dll".
  Copying file from "C:\Users\roman\.nuget\packages\microsoft.netcore.app.runtime.win-x64\8.0.24\runtimes\win-x64\lib\net8.0\System.Net.Requests.dll" to "C:\Users\roman\source\repos\ec22761\SFR\SFR\bin\x64\Debug\net8.0-windows\win-x64\System.Net.Requests.dll".
  Copying file from "C:\Users\roman\.nuget\packages\microsoft.netcore.app.runtime.win-x64\8.0.24\runtimes\win-x64\lib\net8.0\System.Net.ServicePoint.dll" to "C:\Users\roman\source\repos\ec22761\SFR\SFR\bin\x64\Debug\net8.0-windows\win-x64\System.Net.ServicePoint.dll".
  Copying file from "C:\Users\roman\.nuget\packages\microsoft.netcore.app.runtime.win-x64\8.0.24\runtimes\win-x64\lib\net8.0\System.Net.Sockets.dll" to "C:\Users\roman\source\repos\ec22761\SFR\SFR\bin\x64\Debug\net8.0-windows\win-x64\System.Net.Sockets.dll".
  Copying file from "C:\Users\roman\.nuget\packages\microsoft.netcore.app.runtime.win-x64\8.0.24\runtimes\win-x64\lib\net8.0\System.Net.WebClient.dll" to "C:\Users\roman\source\repos\ec22761\SFR\SFR\bin\x64\Debug\net8.0-windows\win-x64\System.Net.WebClient.dll".
  Copying file from "C:\Users\roman\.nuget\packages\microsoft.netcore.app.runtime.win-x64\8.0.24\runtimes\win-x64\lib\net8.0\System.Net.WebHeaderCollection.dll" to "C:\Users\roman\source\repos\ec22761\SFR\SFR\bin\x64\Debug\net8.0-windows\win-x64\System.Net.WebHeaderCollection.dll".
  Copying file from "C:\Users\roman\.nuget\packages\microsoft.netcore.app.runtime.win-x64\8.0.24\runtimes\win-x64\lib\net8.0\System.Net.WebProxy.dll" to "C:\Users\roman\source\repos\ec22761\SFR\SFR\bin\x64\Debug\net8.0-windows\win-x64\System.Net.WebProxy.dll".
  Copying file from "C:\Users\roman\.nuget\packages\microsoft.netcore.app.runtime.win-x64\8.0.24\runtimes\win-x64\lib\net8.0\System.Net.WebSockets.Client.dll" to "C:\Users\roman\source\repos\ec22761\SFR\SFR\bin\x64\Debug\net8.0-windows\win-x64\System.Net.WebSockets.Client.dll".
  Copying file from "C:\Users\roman\.nuget\packages\microsoft.netcore.app.runtime.win-x64\8.0.24\runtimes\win-x64\lib\net8.0\System.Net.WebSockets.dll" to "C:\Users\roman\source\repos\ec22761\SFR\SFR\bin\x64\Debug\net8.0-windows\win-x64\System.Net.WebSockets.dll".
  Copying file from "C:\Users\roman\.nuget\packages\microsoft.netcore.app.runtime.win-x64\8.0.24\runtimes\win-x64\lib\net8.0\System.Net.dll" to "C:\Users\roman\source\repos\ec22761\SFR\SFR\bin\x64\Debug\net8.0-windows\win-x64\System.Net.dll".
  Copying file from "C:\Users\roman\.nuget\packages\microsoft.netcore.app.runtime.win-x64\8.0.24\runtimes\win-x64\lib\net8.0\System.Numerics.Vectors.dll" to "C:\Users\roman\source\repos\ec22761\SFR\SFR\bin\x64\Debug\net8.0-windows\win-x64\System.Numerics.Vectors.dll".
  Copying file from "C:\Users\roman\.nuget\packages\microsoft.netcore.app.runtime.win-x64\8.0.24\runtimes\win-x64\lib\net8.0\System.Numerics.dll" to "C:\Users\roman\source\repos\ec22761\SFR\SFR\bin\x64\Debug\net8.0-windows\win-x64\System.Numerics.dll".
  Copying file from "C:\Users\roman\.nuget\packages\microsoft.netcore.app.runtime.win-x64\8.0.24\runtimes\win-x64\lib\net8.0\System.ObjectModel.dll" to "C:\Users\roman\source\repos\ec22761\SFR\SFR\bin\x64\Debug\net8.0-windows\win-x64\System.ObjectModel.dll".
  Copying file from "C:\Users\roman\.nuget\packages\microsoft.netcore.app.runtime.win-x64\8.0.24\runtimes\win-x64\lib\net8.0\System.Private.CoreLib.dll" to "C:\Users\roman\source\repos\ec22761\SFR\SFR\bin\x64\Debug\net8.0-windows\win-x64\System.Private.CoreLib.dll".
  Copying file from "C:\Users\roman\.nuget\packages\microsoft.netcore.app.runtime.win-x64\8.0.24\runtimes\win-x64\lib\net8.0\System.Private.DataContractSerialization.dll" to "C:\Users\roman\source\repos\ec22761\SFR\SFR\bin\x64\Debug\net8.0-windows\win-x64\System.Private.DataContractSerialization.dll".
  Copying file from "C:\Users\roman\.nuget\packages\microsoft.netcore.app.runtime.win-x64\8.0.24\runtimes\win-x64\lib\net8.0\System.Private.Xml.Linq.dll" to "C:\Users\roman\source\repos\ec22761\SFR\SFR\bin\x64\Debug\net8.0-windows\win-x64\System.Private.Xml.Linq.dll".
  Copying file from "C:\Users\roman\.nuget\packages\microsoft.netcore.app.runtime.win-x64\8.0.24\runtimes\win-x64\lib\net8.0\System.Private.Uri.dll" to "C:\Users\roman\source\repos\ec22761\SFR\SFR\bin\x64\Debug\net8.0-windows\win-x64\System.Private.Uri.dll".
  Copying file from "C:\Users\roman\.nuget\packages\microsoft.netcore.app.runtime.win-x64\8.0.24\runtimes\win-x64\lib\net8.0\System.Private.Xml.dll" to "C:\Users\roman\source\repos\ec22761\SFR\SFR\bin\x64\Debug\net8.0-windows\win-x64\System.Private.Xml.dll".
  Copying file from "C:\Users\roman\.nuget\packages\microsoft.netcore.app.runtime.win-x64\8.0.24\runtimes\win-x64\lib\net8.0\System.Reflection.DispatchProxy.dll" to "C:\Users\roman\source\repos\ec22761\SFR\SFR\bin\x64\Debug\net8.0-windows\win-x64\System.Reflection.DispatchProxy.dll".
  Copying file from "C:\Users\roman\.nuget\packages\microsoft.netcore.app.runtime.win-x64\8.0.24\runtimes\win-x64\lib\net8.0\System.Reflection.Emit.ILGeneration.dll" to "C:\Users\roman\source\repos\ec22761\SFR\SFR\bin\x64\Debug\net8.0-windows\win-x64\System.Reflection.Emit.ILGeneration.dll".
  Copying file from "C:\Users\roman\.nuget\packages\microsoft.netcore.app.runtime.win-x64\8.0.24\runtimes\win-x64\lib\net8.0\System.Reflection.Emit.Lightweight.dll" to "C:\Users\roman\source\repos\ec22761\SFR\SFR\bin\x64\Debug\net8.0-windows\win-x64\System.Reflection.Emit.Lightweight.dll".
  Copying file from "C:\Users\roman\.nuget\packages\microsoft.netcore.app.runtime.win-x64\8.0.24\runtimes\win-x64\lib\net8.0\System.Reflection.Emit.dll" to "C:\Users\roman\source\repos\ec22761\SFR\SFR\bin\x64\Debug\net8.0-windows\win-x64\System.Reflection.Emit.dll".
  Copying file from "C:\Users\roman\.nuget\packages\microsoft.netcore.app.runtime.win-x64\8.0.24\runtimes\win-x64\lib\net8.0\System.Reflection.Extensions.dll" to "C:\Users\roman\source\repos\ec22761\SFR\SFR\bin\x64\Debug\net8.0-windows\win-x64\System.Reflection.Extensions.dll".
  Copying file from "C:\Users\roman\.nuget\packages\microsoft.netcore.app.runtime.win-x64\8.0.24\runtimes\win-x64\lib\net8.0\System.Reflection.Metadata.dll" to "C:\Users\roman\source\repos\ec22761\SFR\SFR\bin\x64\Debug\net8.0-windows\win-x64\System.Reflection.Metadata.dll".
  Copying file from "C:\Users\roman\.nuget\packages\microsoft.netcore.app.runtime.win-x64\8.0.24\runtimes\win-x64\lib\net8.0\System.Reflection.Primitives.dll" to "C:\Users\roman\source\repos\ec22761\SFR\SFR\bin\x64\Debug\net8.0-windows\win-x64\System.Reflection.Primitives.dll".
  Copying file from "C:\Users\roman\.nuget\packages\microsoft.netcore.app.runtime.win-x64\8.0.24\runtimes\win-x64\lib\net8.0\System.Reflection.TypeExtensions.dll" to "C:\Users\roman\source\repos\ec22761\SFR\SFR\bin\x64\Debug\net8.0-windows\win-x64\System.Reflection.TypeExtensions.dll".
  Copying file from "C:\Users\roman\.nuget\packages\microsoft.netcore.app.runtime.win-x64\8.0.24\runtimes\win-x64\lib\net8.0\System.Reflection.dll" to "C:\Users\roman\source\repos\ec22761\SFR\SFR\bin\x64\Debug\net8.0-windows\win-x64\System.Reflection.dll".
  Copying file from "C:\Users\roman\.nuget\packages\microsoft.netcore.app.runtime.win-x64\8.0.24\runtimes\win-x64\lib\net8.0\System.Resources.Reader.dll" to "C:\Users\roman\source\repos\ec22761\SFR\SFR\bin\x64\Debug\net8.0-windows\win-x64\System.Resources.Reader.dll".
  Copying file from "C:\Users\roman\.nuget\packages\microsoft.netcore.app.runtime.win-x64\8.0.24\runtimes\win-x64\lib\net8.0\System.Resources.ResourceManager.dll" to "C:\Users\roman\source\repos\ec22761\SFR\SFR\bin\x64\Debug\net8.0-windows\win-x64\System.Resources.ResourceManager.dll".
  Copying file from "C:\Users\roman\.nuget\packages\microsoft.netcore.app.runtime.win-x64\8.0.24\runtimes\win-x64\lib\net8.0\System.Resources.Writer.dll" to "C:\Users\roman\source\repos\ec22761\SFR\SFR\bin\x64\Debug\net8.0-windows\win-x64\System.Resources.Writer.dll".
  Copying file from "C:\Users\roman\.nuget\packages\microsoft.netcore.app.runtime.win-x64\8.0.24\runtimes\win-x64\lib\net8.0\System.Runtime.CompilerServices.Unsafe.dll" to "C:\Users\roman\source\repos\ec22761\SFR\SFR\bin\x64\Debug\net8.0-windows\win-x64\System.Runtime.CompilerServices.Unsafe.dll".
  Copying file from "C:\Users\roman\.nuget\packages\microsoft.netcore.app.runtime.win-x64\8.0.24\runtimes\win-x64\lib\net8.0\System.Runtime.CompilerServices.VisualC.dll" to "C:\Users\roman\source\repos\ec22761\SFR\SFR\bin\x64\Debug\net8.0-windows\win-x64\System.Runtime.CompilerServices.VisualC.dll".
  Copying file from "C:\Users\roman\.nuget\packages\microsoft.netcore.app.runtime.win-x64\8.0.24\runtimes\win-x64\lib\net8.0\System.Runtime.Extensions.dll" to "C:\Users\roman\source\repos\ec22761\SFR\SFR\bin\x64\Debug\net8.0-windows\win-x64\System.Runtime.Extensions.dll".
  Copying file from "C:\Users\roman\.nuget\packages\microsoft.netcore.app.runtime.win-x64\8.0.24\runtimes\win-x64\lib\net8.0\System.Runtime.Handles.dll" to "C:\Users\roman\source\repos\ec22761\SFR\SFR\bin\x64\Debug\net8.0-windows\win-x64\System.Runtime.Handles.dll".
  Copying file from "C:\Users\roman\.nuget\packages\microsoft.netcore.app.runtime.win-x64\8.0.24\runtimes\win-x64\lib\net8.0\System.Runtime.InteropServices.JavaScript.dll" to "C:\Users\roman\source\repos\ec22761\SFR\SFR\bin\x64\Debug\net8.0-windows\win-x64\System.Runtime.InteropServices.JavaScript.dll".
  Copying file from "C:\Users\roman\.nuget\packages\microsoft.netcore.app.runtime.win-x64\8.0.24\runtimes\win-x64\lib\net8.0\System.Runtime.InteropServices.RuntimeInformation.dll" to "C:\Users\roman\source\repos\ec22761\SFR\SFR\bin\x64\Debug\net8.0-windows\win-x64\System.Runtime.InteropServices.RuntimeInformation.dll".
  Copying file from "C:\Users\roman\.nuget\packages\microsoft.netcore.app.runtime.win-x64\8.0.24\runtimes\win-x64\lib\net8.0\System.Runtime.InteropServices.dll" to "C:\Users\roman\source\repos\ec22761\SFR\SFR\bin\x64\Debug\net8.0-windows\win-x64\System.Runtime.InteropServices.dll".
  Copying file from "C:\Users\roman\.nuget\packages\microsoft.netcore.app.runtime.win-x64\8.0.24\runtimes\win-x64\lib\net8.0\System.Runtime.Intrinsics.dll" to "C:\Users\roman\source\repos\ec22761\SFR\SFR\bin\x64\Debug\net8.0-windows\win-x64\System.Runtime.Intrinsics.dll".
  Copying file from "C:\Users\roman\.nuget\packages\microsoft.netcore.app.runtime.win-x64\8.0.24\runtimes\win-x64\lib\net8.0\System.Runtime.Loader.dll" to "C:\Users\roman\source\repos\ec22761\SFR\SFR\bin\x64\Debug\net8.0-windows\win-x64\System.Runtime.Loader.dll".
  Copying file from "C:\Users\roman\.nuget\packages\microsoft.netcore.app.runtime.win-x64\8.0.24\runtimes\win-x64\lib\net8.0\System.Runtime.Numerics.dll" to "C:\Users\roman\source\repos\ec22761\SFR\SFR\bin\x64\Debug\net8.0-windows\win-x64\System.Runtime.Numerics.dll".
  Copying file from "C:\Users\roman\.nuget\packages\microsoft.netcore.app.runtime.win-x64\8.0.24\runtimes\win-x64\lib\net8.0\System.Runtime.Serialization.Formatters.dll" to "C:\Users\roman\source\repos\ec22761\SFR\SFR\bin\x64\Debug\net8.0-windows\win-x64\System.Runtime.Serialization.Formatters.dll".
  Copying file from "C:\Users\roman\.nuget\packages\microsoft.netcore.app.runtime.win-x64\8.0.24\runtimes\win-x64\lib\net8.0\System.Runtime.Serialization.Json.dll" to "C:\Users\roman\source\repos\ec22761\SFR\SFR\bin\x64\Debug\net8.0-windows\win-x64\System.Runtime.Serialization.Json.dll".
  Copying file from "C:\Users\roman\.nuget\packages\microsoft.netcore.app.runtime.win-x64\8.0.24\runtimes\win-x64\lib\net8.0\System.Runtime.Serialization.Primitives.dll" to "C:\Users\roman\source\repos\ec22761\SFR\SFR\bin\x64\Debug\net8.0-windows\win-x64\System.Runtime.Serialization.Primitives.dll".
  Copying file from "C:\Users\roman\.nuget\packages\microsoft.netcore.app.runtime.win-x64\8.0.24\runtimes\win-x64\lib\net8.0\System.Runtime.Serialization.Xml.dll" to "C:\Users\roman\source\repos\ec22761\SFR\SFR\bin\x64\Debug\net8.0-windows\win-x64\System.Runtime.Serialization.Xml.dll".
  Copying file from "C:\Users\roman\.nuget\packages\microsoft.netcore.app.runtime.win-x64\8.0.24\runtimes\win-x64\lib\net8.0\System.Runtime.Serialization.dll" to "C:\Users\roman\source\repos\ec22761\SFR\SFR\bin\x64\Debug\net8.0-windows\win-x64\System.Runtime.Serialization.dll".
  Copying file from "C:\Users\roman\.nuget\packages\microsoft.netcore.app.runtime.win-x64\8.0.24\runtimes\win-x64\lib\net8.0\System.Runtime.dll" to "C:\Users\roman\source\repos\ec22761\SFR\SFR\bin\x64\Debug\net8.0-windows\win-x64\System.Runtime.dll".
  Copying file from "C:\Users\roman\.nuget\packages\microsoft.netcore.app.runtime.win-x64\8.0.24\runtimes\win-x64\lib\net8.0\System.Security.AccessControl.dll" to "C:\Users\roman\source\repos\ec22761\SFR\SFR\bin\x64\Debug\net8.0-windows\win-x64\System.Security.AccessControl.dll".
  Copying file from "C:\Users\roman\.nuget\packages\microsoft.netcore.app.runtime.win-x64\8.0.24\runtimes\win-x64\lib\net8.0\System.Security.Claims.dll" to "C:\Users\roman\source\repos\ec22761\SFR\SFR\bin\x64\Debug\net8.0-windows\win-x64\System.Security.Claims.dll".
  Copying file from "C:\Users\roman\.nuget\packages\microsoft.netcore.app.runtime.win-x64\8.0.24\runtimes\win-x64\lib\net8.0\System.Security.Cryptography.Algorithms.dll" to "C:\Users\roman\source\repos\ec22761\SFR\SFR\bin\x64\Debug\net8.0-windows\win-x64\System.Security.Cryptography.Algorithms.dll".
  Copying file from "C:\Users\roman\.nuget\packages\microsoft.netcore.app.runtime.win-x64\8.0.24\runtimes\win-x64\lib\net8.0\System.Security.Cryptography.Cng.dll" to "C:\Users\roman\source\repos\ec22761\SFR\SFR\bin\x64\Debug\net8.0-windows\win-x64\System.Security.Cryptography.Cng.dll".
  Copying file from "C:\Users\roman\.nuget\packages\microsoft.netcore.app.runtime.win-x64\8.0.24\runtimes\win-x64\lib\net8.0\System.Security.Cryptography.Csp.dll" to "C:\Users\roman\source\repos\ec22761\SFR\SFR\bin\x64\Debug\net8.0-windows\win-x64\System.Security.Cryptography.Csp.dll".
  Copying file from "C:\Users\roman\.nuget\packages\microsoft.netcore.app.runtime.win-x64\8.0.24\runtimes\win-x64\lib\net8.0\System.Security.Cryptography.Encoding.dll" to "C:\Users\roman\source\repos\ec22761\SFR\SFR\bin\x64\Debug\net8.0-windows\win-x64\System.Security.Cryptography.Encoding.dll".
  Copying file from "C:\Users\roman\.nuget\packages\microsoft.netcore.app.runtime.win-x64\8.0.24\runtimes\win-x64\lib\net8.0\System.Security.Cryptography.OpenSsl.dll" to "C:\Users\roman\source\repos\ec22761\SFR\SFR\bin\x64\Debug\net8.0-windows\win-x64\System.Security.Cryptography.OpenSsl.dll".
  Copying file from "C:\Users\roman\.nuget\packages\microsoft.netcore.app.runtime.win-x64\8.0.24\runtimes\win-x64\lib\net8.0\System.Security.Cryptography.Primitives.dll" to "C:\Users\roman\source\repos\ec22761\SFR\SFR\bin\x64\Debug\net8.0-windows\win-x64\System.Security.Cryptography.Primitives.dll".
  Copying file from "C:\Users\roman\.nuget\packages\microsoft.netcore.app.runtime.win-x64\8.0.24\runtimes\win-x64\lib\net8.0\System.Security.Cryptography.X509Certificates.dll" to "C:\Users\roman\source\repos\ec22761\SFR\SFR\bin\x64\Debug\net8.0-windows\win-x64\System.Security.Cryptography.X509Certificates.dll".
  Copying file from "C:\Users\roman\.nuget\packages\microsoft.netcore.app.runtime.win-x64\8.0.24\runtimes\win-x64\lib\net8.0\System.Security.Cryptography.dll" to "C:\Users\roman\source\repos\ec22761\SFR\SFR\bin\x64\Debug\net8.0-windows\win-x64\System.Security.Cryptography.dll".
  Copying file from "C:\Users\roman\.nuget\packages\microsoft.netcore.app.runtime.win-x64\8.0.24\runtimes\win-x64\lib\net8.0\System.Security.Principal.Windows.dll" to "C:\Users\roman\source\repos\ec22761\SFR\SFR\bin\x64\Debug\net8.0-windows\win-x64\System.Security.Principal.Windows.dll".
  Copying file from "C:\Users\roman\.nuget\packages\microsoft.netcore.app.runtime.win-x64\8.0.24\runtimes\win-x64\lib\net8.0\System.Security.Principal.dll" to "C:\Users\roman\source\repos\ec22761\SFR\SFR\bin\x64\Debug\net8.0-windows\win-x64\System.Security.Principal.dll".
  Copying file from "C:\Users\roman\.nuget\packages\microsoft.netcore.app.runtime.win-x64\8.0.24\runtimes\win-x64\lib\net8.0\System.Security.SecureString.dll" to "C:\Users\roman\source\repos\ec22761\SFR\SFR\bin\x64\Debug\net8.0-windows\win-x64\System.Security.SecureString.dll".
  Copying file from "C:\Users\roman\.nuget\packages\microsoft.netcore.app.runtime.win-x64\8.0.24\runtimes\win-x64\lib\net8.0\System.Security.dll" to "C:\Users\roman\source\repos\ec22761\SFR\SFR\bin\x64\Debug\net8.0-windows\win-x64\System.Security.dll".
  Copying file from "C:\Users\roman\.nuget\packages\microsoft.netcore.app.runtime.win-x64\8.0.24\runtimes\win-x64\lib\net8.0\System.ServiceModel.Web.dll" to "C:\Users\roman\source\repos\ec22761\SFR\SFR\bin\x64\Debug\net8.0-windows\win-x64\System.ServiceModel.Web.dll".
  Copying file from "C:\Users\roman\.nuget\packages\microsoft.netcore.app.runtime.win-x64\8.0.24\runtimes\win-x64\lib\net8.0\System.ServiceProcess.dll" to "C:\Users\roman\source\repos\ec22761\SFR\SFR\bin\x64\Debug\net8.0-windows\win-x64\System.ServiceProcess.dll".
  Copying file from "C:\Users\roman\.nuget\packages\microsoft.netcore.app.runtime.win-x64\8.0.24\runtimes\win-x64\lib\net8.0\System.Text.Encoding.CodePages.dll" to "C:\Users\roman\source\repos\ec22761\SFR\SFR\bin\x64\Debug\net8.0-windows\win-x64\System.Text.Encoding.CodePages.dll".
  Copying file from "C:\Users\roman\.nuget\packages\microsoft.netcore.app.runtime.win-x64\8.0.24\runtimes\win-x64\lib\net8.0\System.Text.Encoding.dll" to "C:\Users\roman\source\repos\ec22761\SFR\SFR\bin\x64\Debug\net8.0-windows\win-x64\System.Text.Encoding.dll".
  Copying file from "C:\Users\roman\.nuget\packages\microsoft.netcore.app.runtime.win-x64\8.0.24\runtimes\win-x64\lib\net8.0\System.Text.Encodings.Web.dll" to "C:\Users\roman\source\repos\ec22761\SFR\SFR\bin\x64\Debug\net8.0-windows\win-x64\System.Text.Encodings.Web.dll".
  Copying file from "C:\Users\roman\.nuget\packages\microsoft.netcore.app.runtime.win-x64\8.0.24\runtimes\win-x64\lib\net8.0\System.Text.Encoding.Extensions.dll" to "C:\Users\roman\source\repos\ec22761\SFR\SFR\bin\x64\Debug\net8.0-windows\win-x64\System.Text.Encoding.Extensions.dll".
  Copying file from "C:\Users\roman\.nuget\packages\microsoft.netcore.app.runtime.win-x64\8.0.24\runtimes\win-x64\lib\net8.0\System.Text.Json.dll" to "C:\Users\roman\source\repos\ec22761\SFR\SFR\bin\x64\Debug\net8.0-windows\win-x64\System.Text.Json.dll".
  Copying file from "C:\Users\roman\.nuget\packages\microsoft.netcore.app.runtime.win-x64\8.0.24\runtimes\win-x64\lib\net8.0\System.Text.RegularExpressions.dll" to "C:\Users\roman\source\repos\ec22761\SFR\SFR\bin\x64\Debug\net8.0-windows\win-x64\System.Text.RegularExpressions.dll".
  Copying file from "C:\Users\roman\.nuget\packages\microsoft.netcore.app.runtime.win-x64\8.0.24\runtimes\win-x64\lib\net8.0\System.Threading.Channels.dll" to "C:\Users\roman\source\repos\ec22761\SFR\SFR\bin\x64\Debug\net8.0-windows\win-x64\System.Threading.Channels.dll".
  Copying file from "C:\Users\roman\.nuget\packages\microsoft.netcore.app.runtime.win-x64\8.0.24\runtimes\win-x64\lib\net8.0\System.Threading.Tasks.Dataflow.dll" to "C:\Users\roman\source\repos\ec22761\SFR\SFR\bin\x64\Debug\net8.0-windows\win-x64\System.Threading.Tasks.Dataflow.dll".
  Copying file from "C:\Users\roman\.nuget\packages\microsoft.netcore.app.runtime.win-x64\8.0.24\runtimes\win-x64\lib\net8.0\System.Threading.Overlapped.dll" to "C:\Users\roman\source\repos\ec22761\SFR\SFR\bin\x64\Debug\net8.0-windows\win-x64\System.Threading.Overlapped.dll".
  Copying file from "C:\Users\roman\.nuget\packages\microsoft.netcore.app.runtime.win-x64\8.0.24\runtimes\win-x64\lib\net8.0\System.Threading.Tasks.Extensions.dll" to "C:\Users\roman\source\repos\ec22761\SFR\SFR\bin\x64\Debug\net8.0-windows\win-x64\System.Threading.Tasks.Extensions.dll".
  Copying file from "C:\Users\roman\.nuget\packages\microsoft.netcore.app.runtime.win-x64\8.0.24\runtimes\win-x64\lib\net8.0\System.Threading.Tasks.dll" to "C:\Users\roman\source\repos\ec22761\SFR\SFR\bin\x64\Debug\net8.0-windows\win-x64\System.Threading.Tasks.dll".
  Copying file from "C:\Users\roman\.nuget\packages\microsoft.netcore.app.runtime.win-x64\8.0.24\runtimes\win-x64\lib\net8.0\System.Threading.Tasks.Parallel.dll" to "C:\Users\roman\source\repos\ec22761\SFR\SFR\bin\x64\Debug\net8.0-windows\win-x64\System.Threading.Tasks.Parallel.dll".
  Copying file from "C:\Users\roman\.nuget\packages\microsoft.netcore.app.runtime.win-x64\8.0.24\runtimes\win-x64\lib\net8.0\System.Threading.ThreadPool.dll" to "C:\Users\roman\source\repos\ec22761\SFR\SFR\bin\x64\Debug\net8.0-windows\win-x64\System.Threading.ThreadPool.dll".
  Copying file from "C:\Users\roman\.nuget\packages\microsoft.netcore.app.runtime.win-x64\8.0.24\runtimes\win-x64\lib\net8.0\System.Threading.Timer.dll" to "C:\Users\roman\source\repos\ec22761\SFR\SFR\bin\x64\Debug\net8.0-windows\win-x64\System.Threading.Timer.dll".
  Copying file from "C:\Users\roman\.nuget\packages\microsoft.netcore.app.runtime.win-x64\8.0.24\runtimes\win-x64\lib\net8.0\System.Threading.dll" to "C:\Users\roman\source\repos\ec22761\SFR\SFR\bin\x64\Debug\net8.0-windows\win-x64\System.Threading.dll".
  Copying file from "C:\Users\roman\.nuget\packages\microsoft.netcore.app.runtime.win-x64\8.0.24\runtimes\win-x64\lib\net8.0\System.Threading.Thread.dll" to "C:\Users\roman\source\repos\ec22761\SFR\SFR\bin\x64\Debug\net8.0-windows\win-x64\System.Threading.Thread.dll".
  Copying file from "C:\Users\roman\.nuget\packages\microsoft.netcore.app.runtime.win-x64\8.0.24\runtimes\win-x64\lib\net8.0\System.Transactions.Local.dll" to "C:\Users\roman\source\repos\ec22761\SFR\SFR\bin\x64\Debug\net8.0-windows\win-x64\System.Transactions.Local.dll".
  Copying file from "C:\Users\roman\.nuget\packages\microsoft.netcore.app.runtime.win-x64\8.0.24\runtimes\win-x64\lib\net8.0\System.Transactions.dll" to "C:\Users\roman\source\repos\ec22761\SFR\SFR\bin\x64\Debug\net8.0-windows\win-x64\System.Transactions.dll".
  Copying file from "C:\Users\roman\.nuget\packages\microsoft.netcore.app.runtime.win-x64\8.0.24\runtimes\win-x64\lib\net8.0\System.ValueTuple.dll" to "C:\Users\roman\source\repos\ec22761\SFR\SFR\bin\x64\Debug\net8.0-windows\win-x64\System.ValueTuple.dll".
  Copying file from "C:\Users\roman\.nuget\packages\microsoft.netcore.app.runtime.win-x64\8.0.24\runtimes\win-x64\lib\net8.0\System.Web.HttpUtility.dll" to "C:\Users\roman\source\repos\ec22761\SFR\SFR\bin\x64\Debug\net8.0-windows\win-x64\System.Web.HttpUtility.dll".
  Copying file from "C:\Users\roman\.nuget\packages\microsoft.netcore.app.runtime.win-x64\8.0.24\runtimes\win-x64\lib\net8.0\System.Web.dll" to "C:\Users\roman\source\repos\ec22761\SFR\SFR\bin\x64\Debug\net8.0-windows\win-x64\System.Web.dll".
  Copying file from "C:\Users\roman\.nuget\packages\microsoft.netcore.app.runtime.win-x64\8.0.24\runtimes\win-x64\lib\net8.0\System.Windows.dll" to "C:\Users\roman\source\repos\ec22761\SFR\SFR\bin\x64\Debug\net8.0-windows\win-x64\System.Windows.dll".
  Copying file from "C:\Users\roman\.nuget\packages\microsoft.netcore.app.runtime.win-x64\8.0.24\runtimes\win-x64\lib\net8.0\System.Xml.Linq.dll" to "C:\Users\roman\source\repos\ec22761\SFR\SFR\bin\x64\Debug\net8.0-windows\win-x64\System.Xml.Linq.dll".
  Copying file from "C:\Users\roman\.nuget\packages\microsoft.netcore.app.runtime.win-x64\8.0.24\runtimes\win-x64\lib\net8.0\System.Xml.ReaderWriter.dll" to "C:\Users\roman\source\repos\ec22761\SFR\SFR\bin\x64\Debug\net8.0-windows\win-x64\System.Xml.ReaderWriter.dll".
  Copying file from "C:\Users\roman\.nuget\packages\microsoft.netcore.app.runtime.win-x64\8.0.24\runtimes\win-x64\lib\net8.0\System.Xml.Serialization.dll" to "C:\Users\roman\source\repos\ec22761\SFR\SFR\bin\x64\Debug\net8.0-windows\win-x64\System.Xml.Serialization.dll".
  Copying file from "C:\Users\roman\.nuget\packages\microsoft.netcore.app.runtime.win-x64\8.0.24\runtimes\win-x64\lib\net8.0\System.Xml.XDocument.dll" to "C:\Users\roman\source\repos\ec22761\SFR\SFR\bin\x64\Debug\net8.0-windows\win-x64\System.Xml.XDocument.dll".
  Copying file from "C:\Users\roman\.nuget\packages\microsoft.netcore.app.runtime.win-x64\8.0.24\runtimes\win-x64\lib\net8.0\System.Xml.XPath.XDocument.dll" to "C:\Users\roman\source\repos\ec22761\SFR\SFR\bin\x64\Debug\net8.0-windows\win-x64\System.Xml.XPath.XDocument.dll".
  Copying file from "C:\Users\roman\.nuget\packages\microsoft.netcore.app.runtime.win-x64\8.0.24\runtimes\win-x64\lib\net8.0\System.Xml.XPath.dll" to "C:\Users\roman\source\repos\ec22761\SFR\SFR\bin\x64\Debug\net8.0-windows\win-x64\System.Xml.XPath.dll".
  Copying file from "C:\Users\roman\.nuget\packages\microsoft.netcore.app.runtime.win-x64\8.0.24\runtimes\win-x64\lib\net8.0\System.Xml.XmlDocument.dll" to "C:\Users\roman\source\repos\ec22761\SFR\SFR\bin\x64\Debug\net8.0-windows\win-x64\System.Xml.XmlDocument.dll".
  Copying file from "C:\Users\roman\.nuget\packages\microsoft.netcore.app.runtime.win-x64\8.0.24\runtimes\win-x64\lib\net8.0\System.Xml.XmlSerializer.dll" to "C:\Users\roman\source\repos\ec22761\SFR\SFR\bin\x64\Debug\net8.0-windows\win-x64\System.Xml.XmlSerializer.dll".
  Copying file from "C:\Users\roman\.nuget\packages\microsoft.netcore.app.runtime.win-x64\8.0.24\runtimes\win-x64\lib\net8.0\System.Xml.dll" to "C:\Users\roman\source\repos\ec22761\SFR\SFR\bin\x64\Debug\net8.0-windows\win-x64\System.Xml.dll".
  Copying file from "C:\Users\roman\.nuget\packages\microsoft.netcore.app.runtime.win-x64\8.0.24\runtimes\win-x64\lib\net8.0\System.dll" to "C:\Users\roman\source\repos\ec22761\SFR\SFR\bin\x64\Debug\net8.0-windows\win-x64\System.dll".
  Copying file from "C:\Users\roman\.nuget\packages\microsoft.netcore.app.runtime.win-x64\8.0.24\runtimes\win-x64\lib\net8.0\mscorlib.dll" to "C:\Users\roman\source\repos\ec22761\SFR\SFR\bin\x64\Debug\net8.0-windows\win-x64\mscorlib.dll".
  Copying file from "C:\Users\roman\.nuget\packages\microsoft.netcore.app.runtime.win-x64\8.0.24\runtimes\win-x64\lib\net8.0\netstandard.dll" to "C:\Users\roman\source\repos\ec22761\SFR\SFR\bin\x64\Debug\net8.0-windows\win-x64\netstandard.dll".
  Copying file from "C:\Users\roman\.nuget\packages\microsoft.windowsdesktop.app.runtime.win-x64\8.0.24\runtimes\win-x64\lib\net8.0\Accessibility.dll" to "C:\Users\roman\source\repos\ec22761\SFR\SFR\bin\x64\Debug\net8.0-windows\win-x64\Accessibility.dll".
  Copying file from "C:\Users\roman\.nuget\packages\microsoft.windowsdesktop.app.runtime.win-x64\8.0.24\runtimes\win-x64\lib\net8.0\DirectWriteForwarder.dll" to "C:\Users\roman\source\repos\ec22761\SFR\SFR\bin\x64\Debug\net8.0-windows\win-x64\DirectWriteForwarder.dll".
  Copying file from "C:\Users\roman\.nuget\packages\microsoft.windowsdesktop.app.runtime.win-x64\8.0.24\runtimes\win-x64\lib\net8.0\Microsoft.VisualBasic.Forms.dll" to "C:\Users\roman\source\repos\ec22761\SFR\SFR\bin\x64\Debug\net8.0-windows\win-x64\Microsoft.VisualBasic.Forms.dll".
  Copying file from "C:\Users\roman\.nuget\packages\microsoft.windowsdesktop.app.runtime.win-x64\8.0.24\runtimes\win-x64\lib\net8.0\Microsoft.VisualBasic.dll" to "C:\Users\roman\source\repos\ec22761\SFR\SFR\bin\x64\Debug\net8.0-windows\win-x64\Microsoft.VisualBasic.dll".
  Copying file from "C:\Users\roman\.nuget\packages\microsoft.windowsdesktop.app.runtime.win-x64\8.0.24\runtimes\win-x64\lib\net8.0\Microsoft.Win32.Registry.AccessControl.dll" to "C:\Users\roman\source\repos\ec22761\SFR\SFR\bin\x64\Debug\net8.0-windows\win-x64\Microsoft.Win32.Registry.AccessControl.dll".
  Copying file from "C:\Users\roman\.nuget\packages\microsoft.windowsdesktop.app.runtime.win-x64\8.0.24\runtimes\win-x64\lib\net8.0\Microsoft.Win32.SystemEvents.dll" to "C:\Users\roman\source\repos\ec22761\SFR\SFR\bin\x64\Debug\net8.0-windows\win-x64\Microsoft.Win32.SystemEvents.dll".
  Copying file from "C:\Users\roman\.nuget\packages\microsoft.windowsdesktop.app.runtime.win-x64\8.0.24\runtimes\win-x64\lib\net8.0\PresentationCore.dll" to "C:\Users\roman\source\repos\ec22761\SFR\SFR\bin\x64\Debug\net8.0-windows\win-x64\PresentationCore.dll".
  Copying file from "C:\Users\roman\.nuget\packages\microsoft.windowsdesktop.app.runtime.win-x64\8.0.24\runtimes\win-x64\lib\net8.0\PresentationFramework-SystemCore.dll" to "C:\Users\roman\source\repos\ec22761\SFR\SFR\bin\x64\Debug\net8.0-windows\win-x64\PresentationFramework-SystemCore.dll".
  Copying file from "C:\Users\roman\.nuget\packages\microsoft.windowsdesktop.app.runtime.win-x64\8.0.24\runtimes\win-x64\lib\net8.0\PresentationFramework-SystemData.dll" to "C:\Users\roman\source\repos\ec22761\SFR\SFR\bin\x64\Debug\net8.0-windows\win-x64\PresentationFramework-SystemData.dll".
  Copying file from "C:\Users\roman\.nuget\packages\microsoft.windowsdesktop.app.runtime.win-x64\8.0.24\runtimes\win-x64\lib\net8.0\PresentationFramework-SystemDrawing.dll" to "C:\Users\roman\source\repos\ec22761\SFR\SFR\bin\x64\Debug\net8.0-windows\win-x64\PresentationFramework-SystemDrawing.dll".
  Copying file from "C:\Users\roman\.nuget\packages\microsoft.windowsdesktop.app.runtime.win-x64\8.0.24\runtimes\win-x64\lib\net8.0\PresentationFramework-SystemXml.dll" to "C:\Users\roman\source\repos\ec22761\SFR\SFR\bin\x64\Debug\net8.0-windows\win-x64\PresentationFramework-SystemXml.dll".
  Copying file from "C:\Users\roman\.nuget\packages\microsoft.windowsdesktop.app.runtime.win-x64\8.0.24\runtimes\win-x64\lib\net8.0\PresentationFramework-SystemXmlLinq.dll" to "C:\Users\roman\source\repos\ec22761\SFR\SFR\bin\x64\Debug\net8.0-windows\win-x64\PresentationFramework-SystemXmlLinq.dll".
  Copying file from "C:\Users\roman\.nuget\packages\microsoft.windowsdesktop.app.runtime.win-x64\8.0.24\runtimes\win-x64\lib\net8.0\PresentationFramework.Aero.dll" to "C:\Users\roman\source\repos\ec22761\SFR\SFR\bin\x64\Debug\net8.0-windows\win-x64\PresentationFramework.Aero.dll".
  Copying file from "C:\Users\roman\.nuget\packages\microsoft.windowsdesktop.app.runtime.win-x64\8.0.24\runtimes\win-x64\lib\net8.0\PresentationFramework.Aero2.dll" to "C:\Users\roman\source\repos\ec22761\SFR\SFR\bin\x64\Debug\net8.0-windows\win-x64\PresentationFramework.Aero2.dll".
  Copying file from "C:\Users\roman\.nuget\packages\microsoft.windowsdesktop.app.runtime.win-x64\8.0.24\runtimes\win-x64\lib\net8.0\PresentationFramework.Classic.dll" to "C:\Users\roman\source\repos\ec22761\SFR\SFR\bin\x64\Debug\net8.0-windows\win-x64\PresentationFramework.Classic.dll".
  Copying file from "C:\Users\roman\.nuget\packages\microsoft.windowsdesktop.app.runtime.win-x64\8.0.24\runtimes\win-x64\lib\net8.0\PresentationFramework.AeroLite.dll" to "C:\Users\roman\source\repos\ec22761\SFR\SFR\bin\x64\Debug\net8.0-windows\win-x64\PresentationFramework.AeroLite.dll".
  Copying file from "C:\Users\roman\.nuget\packages\microsoft.windowsdesktop.app.runtime.win-x64\8.0.24\runtimes\win-x64\lib\net8.0\PresentationFramework.Luna.dll" to "C:\Users\roman\source\repos\ec22761\SFR\SFR\bin\x64\Debug\net8.0-windows\win-x64\PresentationFramework.Luna.dll".
  Copying file from "C:\Users\roman\.nuget\packages\microsoft.windowsdesktop.app.runtime.win-x64\8.0.24\runtimes\win-x64\lib\net8.0\PresentationFramework.Royale.dll" to "C:\Users\roman\source\repos\ec22761\SFR\SFR\bin\x64\Debug\net8.0-windows\win-x64\PresentationFramework.Royale.dll".
  Copying file from "C:\Users\roman\.nuget\packages\microsoft.windowsdesktop.app.runtime.win-x64\8.0.24\runtimes\win-x64\lib\net8.0\PresentationFramework.dll" to "C:\Users\roman\source\repos\ec22761\SFR\SFR\bin\x64\Debug\net8.0-windows\win-x64\PresentationFramework.dll".
  Copying file from "C:\Users\roman\.nuget\packages\microsoft.windowsdesktop.app.runtime.win-x64\8.0.24\runtimes\win-x64\lib\net8.0\PresentationUI.dll" to "C:\Users\roman\source\repos\ec22761\SFR\SFR\bin\x64\Debug\net8.0-windows\win-x64\PresentationUI.dll".
  Copying file from "C:\Users\roman\.nuget\packages\microsoft.windowsdesktop.app.runtime.win-x64\8.0.24\runtimes\win-x64\lib\net8.0\ReachFramework.dll" to "C:\Users\roman\source\repos\ec22761\SFR\SFR\bin\x64\Debug\net8.0-windows\win-x64\ReachFramework.dll".
  Copying file from "C:\Users\roman\.nuget\packages\microsoft.windowsdesktop.app.runtime.win-x64\8.0.24\runtimes\win-x64\lib\net8.0\System.CodeDom.dll" to "C:\Users\roman\source\repos\ec22761\SFR\SFR\bin\x64\Debug\net8.0-windows\win-x64\System.CodeDom.dll".
  Copying file from "C:\Users\roman\.nuget\packages\microsoft.windowsdesktop.app.runtime.win-x64\8.0.24\runtimes\win-x64\lib\net8.0\System.Configuration.ConfigurationManager.dll" to "C:\Users\roman\source\repos\ec22761\SFR\SFR\bin\x64\Debug\net8.0-windows\win-x64\System.Configuration.ConfigurationManager.dll".
  Copying file from "C:\Users\roman\.nuget\packages\microsoft.windowsdesktop.app.runtime.win-x64\8.0.24\runtimes\win-x64\lib\net8.0\System.Design.dll" to "C:\Users\roman\source\repos\ec22761\SFR\SFR\bin\x64\Debug\net8.0-windows\win-x64\System.Design.dll".
  Copying file from "C:\Users\roman\.nuget\packages\microsoft.windowsdesktop.app.runtime.win-x64\8.0.24\runtimes\win-x64\lib\net8.0\System.Diagnostics.EventLog.Messages.dll" to "C:\Users\roman\source\repos\ec22761\SFR\SFR\bin\x64\Debug\net8.0-windows\win-x64\System.Diagnostics.EventLog.Messages.dll".
  Copying file from "C:\Users\roman\.nuget\packages\microsoft.windowsdesktop.app.runtime.win-x64\8.0.24\runtimes\win-x64\lib\net8.0\System.DirectoryServices.dll" to "C:\Users\roman\source\repos\ec22761\SFR\SFR\bin\x64\Debug\net8.0-windows\win-x64\System.DirectoryServices.dll".
  Copying file from "C:\Users\roman\.nuget\packages\microsoft.windowsdesktop.app.runtime.win-x64\8.0.24\runtimes\win-x64\lib\net8.0\System.Diagnostics.EventLog.dll" to "C:\Users\roman\source\repos\ec22761\SFR\SFR\bin\x64\Debug\net8.0-windows\win-x64\System.Diagnostics.EventLog.dll".
  Copying file from "C:\Users\roman\.nuget\packages\microsoft.windowsdesktop.app.runtime.win-x64\8.0.24\runtimes\win-x64\lib\net8.0\System.Drawing.Common.dll" to "C:\Users\roman\source\repos\ec22761\SFR\SFR\bin\x64\Debug\net8.0-windows\win-x64\System.Drawing.Common.dll".
  Copying file from "C:\Users\roman\.nuget\packages\microsoft.windowsdesktop.app.runtime.win-x64\8.0.24\runtimes\win-x64\lib\net8.0\System.Diagnostics.PerformanceCounter.dll" to "C:\Users\roman\source\repos\ec22761\SFR\SFR\bin\x64\Debug\net8.0-windows\win-x64\System.Diagnostics.PerformanceCounter.dll".
  Copying file from "C:\Users\roman\.nuget\packages\microsoft.windowsdesktop.app.runtime.win-x64\8.0.24\runtimes\win-x64\lib\net8.0\System.Drawing.Design.dll" to "C:\Users\roman\source\repos\ec22761\SFR\SFR\bin\x64\Debug\net8.0-windows\win-x64\System.Drawing.Design.dll".
  Copying file from "C:\Users\roman\.nuget\packages\microsoft.windowsdesktop.app.runtime.win-x64\8.0.24\runtimes\win-x64\lib\net8.0\System.Drawing.dll" to "C:\Users\roman\source\repos\ec22761\SFR\SFR\bin\x64\Debug\net8.0-windows\win-x64\System.Drawing.dll".
  Copying file from "C:\Users\roman\.nuget\packages\microsoft.windowsdesktop.app.runtime.win-x64\8.0.24\runtimes\win-x64\lib\net8.0\System.IO.Packaging.dll" to "C:\Users\roman\source\repos\ec22761\SFR\SFR\bin\x64\Debug\net8.0-windows\win-x64\System.IO.Packaging.dll".
  Copying file from "C:\Users\roman\.nuget\packages\microsoft.windowsdesktop.app.runtime.win-x64\8.0.24\runtimes\win-x64\lib\net8.0\System.Printing.dll" to "C:\Users\roman\source\repos\ec22761\SFR\SFR\bin\x64\Debug\net8.0-windows\win-x64\System.Printing.dll".
  Copying file from "C:\Users\roman\.nuget\packages\microsoft.windowsdesktop.app.runtime.win-x64\8.0.24\runtimes\win-x64\lib\net8.0\System.Resources.Extensions.dll" to "C:\Users\roman\source\repos\ec22761\SFR\SFR\bin\x64\Debug\net8.0-windows\win-x64\System.Resources.Extensions.dll".
  Copying file from "C:\Users\roman\.nuget\packages\microsoft.windowsdesktop.app.runtime.win-x64\8.0.24\runtimes\win-x64\lib\net8.0\System.Security.Cryptography.Pkcs.dll" to "C:\Users\roman\source\repos\ec22761\SFR\SFR\bin\x64\Debug\net8.0-windows\win-x64\System.Security.Cryptography.Pkcs.dll".
  Copying file from "C:\Users\roman\.nuget\packages\microsoft.windowsdesktop.app.runtime.win-x64\8.0.24\runtimes\win-x64\lib\net8.0\System.Security.Cryptography.ProtectedData.dll" to "C:\Users\roman\source\repos\ec22761\SFR\SFR\bin\x64\Debug\net8.0-windows\win-x64\System.Security.Cryptography.ProtectedData.dll".
  Copying file from "C:\Users\roman\.nuget\packages\microsoft.windowsdesktop.app.runtime.win-x64\8.0.24\runtimes\win-x64\lib\net8.0\System.Security.Cryptography.Xml.dll" to "C:\Users\roman\source\repos\ec22761\SFR\SFR\bin\x64\Debug\net8.0-windows\win-x64\System.Security.Cryptography.Xml.dll".
  Copying file from "C:\Users\roman\.nuget\packages\microsoft.windowsdesktop.app.runtime.win-x64\8.0.24\runtimes\win-x64\lib\net8.0\System.Security.Permissions.dll" to "C:\Users\roman\source\repos\ec22761\SFR\SFR\bin\x64\Debug\net8.0-windows\win-x64\System.Security.Permissions.dll".
  Copying file from "C:\Users\roman\.nuget\packages\microsoft.windowsdesktop.app.runtime.win-x64\8.0.24\runtimes\win-x64\lib\net8.0\System.Threading.AccessControl.dll" to "C:\Users\roman\source\repos\ec22761\SFR\SFR\bin\x64\Debug\net8.0-windows\win-x64\System.Threading.AccessControl.dll".
  Copying file from "C:\Users\roman\.nuget\packages\microsoft.windowsdesktop.app.runtime.win-x64\8.0.24\runtimes\win-x64\lib\net8.0\System.Windows.Controls.Ribbon.dll" to "C:\Users\roman\source\repos\ec22761\SFR\SFR\bin\x64\Debug\net8.0-windows\win-x64\System.Windows.Controls.Ribbon.dll".
  Copying file from "C:\Users\roman\.nuget\packages\microsoft.windowsdesktop.app.runtime.win-x64\8.0.24\runtimes\win-x64\lib\net8.0\System.Windows.Extensions.dll" to "C:\Users\roman\source\repos\ec22761\SFR\SFR\bin\x64\Debug\net8.0-windows\win-x64\System.Windows.Extensions.dll".
  Copying file from "C:\Users\roman\.nuget\packages\microsoft.windowsdesktop.app.runtime.win-x64\8.0.24\runtimes\win-x64\lib\net8.0\System.Windows.Forms.Design.Editors.dll" to "C:\Users\roman\source\repos\ec22761\SFR\SFR\bin\x64\Debug\net8.0-windows\win-x64\System.Windows.Forms.Design.Editors.dll".
  Copying file from "C:\Users\roman\.nuget\packages\microsoft.windowsdesktop.app.runtime.win-x64\8.0.24\runtimes\win-x64\lib\net8.0\System.Windows.Forms.Design.dll" to "C:\Users\roman\source\repos\ec22761\SFR\SFR\bin\x64\Debug\net8.0-windows\win-x64\System.Windows.Forms.Design.dll".
  Copying file from "C:\Users\roman\.nuget\packages\microsoft.windowsdesktop.app.runtime.win-x64\8.0.24\runtimes\win-x64\lib\net8.0\System.Windows.Forms.Primitives.dll" to "C:\Users\roman\source\repos\ec22761\SFR\SFR\bin\x64\Debug\net8.0-windows\win-x64\System.Windows.Forms.Primitives.dll".
  Copying file from "C:\Users\roman\.nuget\packages\microsoft.windowsdesktop.app.runtime.win-x64\8.0.24\runtimes\win-x64\lib\net8.0\System.Windows.Forms.dll" to "C:\Users\roman\source\repos\ec22761\SFR\SFR\bin\x64\Debug\net8.0-windows\win-x64\System.Windows.Forms.dll".
  Copying file from "C:\Users\roman\.nuget\packages\microsoft.windowsdesktop.app.runtime.win-x64\8.0.24\runtimes\win-x64\lib\net8.0\System.Windows.Input.Manipulations.dll" to "C:\Users\roman\source\repos\ec22761\SFR\SFR\bin\x64\Debug\net8.0-windows\win-x64\System.Windows.Input.Manipulations.dll".
  Copying file from "C:\Users\roman\.nuget\packages\microsoft.windowsdesktop.app.runtime.win-x64\8.0.24\runtimes\win-x64\lib\net8.0\System.Windows.Presentation.dll" to "C:\Users\roman\source\repos\ec22761\SFR\SFR\bin\x64\Debug\net8.0-windows\win-x64\System.Windows.Presentation.dll".
  Copying file from "C:\Users\roman\.nuget\packages\microsoft.windowsdesktop.app.runtime.win-x64\8.0.24\runtimes\win-x64\lib\net8.0\System.Xaml.dll" to "C:\Users\roman\source\repos\ec22761\SFR\SFR\bin\x64\Debug\net8.0-windows\win-x64\System.Xaml.dll".
  Copying file from "C:\Users\roman\.nuget\packages\microsoft.windowsdesktop.app.runtime.win-x64\8.0.24\runtimes\win-x64\lib\net8.0\UIAutomationClient.dll" to "C:\Users\roman\source\repos\ec22761\SFR\SFR\bin\x64\Debug\net8.0-windows\win-x64\UIAutomationClient.dll".
  Copying file from "C:\Users\roman\.nuget\packages\microsoft.windowsdesktop.app.runtime.win-x64\8.0.24\runtimes\win-x64\lib\net8.0\UIAutomationClientSideProviders.dll" to "C:\Users\roman\source\repos\ec22761\SFR\SFR\bin\x64\Debug\net8.0-windows\win-x64\UIAutomationClientSideProviders.dll".
  Copying file from "C:\Users\roman\.nuget\packages\microsoft.windowsdesktop.app.runtime.win-x64\8.0.24\runtimes\win-x64\lib\net8.0\UIAutomationProvider.dll" to "C:\Users\roman\source\repos\ec22761\SFR\SFR\bin\x64\Debug\net8.0-windows\win-x64\UIAutomationProvider.dll".
  Copying file from "C:\Users\roman\.nuget\packages\microsoft.windowsdesktop.app.runtime.win-x64\8.0.24\runtimes\win-x64\lib\net8.0\UIAutomationTypes.dll" to "C:\Users\roman\source\repos\ec22761\SFR\SFR\bin\x64\Debug\net8.0-windows\win-x64\UIAutomationTypes.dll".
  Copying file from "C:\Users\roman\.nuget\packages\microsoft.windowsdesktop.app.runtime.win-x64\8.0.24\runtimes\win-x64\lib\net8.0\WindowsBase.dll" to "C:\Users\roman\source\repos\ec22761\SFR\SFR\bin\x64\Debug\net8.0-windows\win-x64\WindowsBase.dll".
  Copying file from "C:\Users\roman\.nuget\packages\microsoft.windowsdesktop.app.runtime.win-x64\8.0.24\runtimes\win-x64\lib\net8.0\WindowsFormsIntegration.dll" to "C:\Users\roman\source\repos\ec22761\SFR\SFR\bin\x64\Debug\net8.0-windows\win-x64\WindowsFormsIntegration.dll".
  Copying file from "C:\Users\roman\.nuget\packages\microsoft.netcore.app.runtime.win-x64\8.0.24\runtimes\win-x64\native\Microsoft.DiaSymReader.Native.amd64.dll" to "C:\Users\roman\source\repos\ec22761\SFR\SFR\bin\x64\Debug\net8.0-windows\win-x64\Microsoft.DiaSymReader.Native.amd64.dll".
  Copying file from "C:\Users\roman\.nuget\packages\microsoft.netcore.app.runtime.win-x64\8.0.24\runtimes\win-x64\native\System.IO.Compression.Native.dll" to "C:\Users\roman\source\repos\ec22761\SFR\SFR\bin\x64\Debug\net8.0-windows\win-x64\System.IO.Compression.Native.dll".
  Copying file from "C:\Users\roman\.nuget\packages\microsoft.netcore.app.runtime.win-x64\8.0.24\runtimes\win-x64\native\clretwrc.dll" to "C:\Users\roman\source\repos\ec22761\SFR\SFR\bin\x64\Debug\net8.0-windows\win-x64\clretwrc.dll".
  Copying file from "C:\Users\roman\.nuget\packages\microsoft.netcore.app.runtime.win-x64\8.0.24\runtimes\win-x64\native\clrgc.dll" to "C:\Users\roman\source\repos\ec22761\SFR\SFR\bin\x64\Debug\net8.0-windows\win-x64\clrgc.dll".
  Copying file from "C:\Users\roman\.nuget\packages\microsoft.netcore.app.runtime.win-x64\8.0.24\runtimes\win-x64\native\clrjit.dll" to "C:\Users\roman\source\repos\ec22761\SFR\SFR\bin\x64\Debug\net8.0-windows\win-x64\clrjit.dll".
  Copying file from "C:\Users\roman\.nuget\packages\microsoft.netcore.app.runtime.win-x64\8.0.24\runtimes\win-x64\native\createdump.exe" to "C:\Users\roman\source\repos\ec22761\SFR\SFR\bin\x64\Debug\net8.0-windows\win-x64\createdump.exe".
  Copying file from "C:\Users\roman\.nuget\packages\microsoft.netcore.app.runtime.win-x64\8.0.24\runtimes\win-x64\native\coreclr.dll" to "C:\Users\roman\source\repos\ec22761\SFR\SFR\bin\x64\Debug\net8.0-windows\win-x64\coreclr.dll".
  Copying file from "C:\Users\roman\.nuget\packages\microsoft.netcore.app.runtime.win-x64\8.0.24\runtimes\win-x64\native\hostfxr.dll" to "C:\Users\roman\source\repos\ec22761\SFR\SFR\bin\x64\Debug\net8.0-windows\win-x64\hostfxr.dll".
  Copying file from "C:\Users\roman\.nuget\packages\microsoft.netcore.app.runtime.win-x64\8.0.24\runtimes\win-x64\native\hostpolicy.dll" to "C:\Users\roman\source\repos\ec22761\SFR\SFR\bin\x64\Debug\net8.0-windows\win-x64\hostpolicy.dll".
  Copying file from "C:\Users\roman\.nuget\packages\microsoft.netcore.app.runtime.win-x64\8.0.24\runtimes\win-x64\native\mscordaccore.dll" to "C:\Users\roman\source\repos\ec22761\SFR\SFR\bin\x64\Debug\net8.0-windows\win-x64\mscordaccore.dll".
  Copying file from "C:\Users\roman\.nuget\packages\microsoft.netcore.app.runtime.win-x64\8.0.24\runtimes\win-x64\native\mscordaccore_amd64_amd64_8.0.2426.7010.dll" to "C:\Users\roman\source\repos\ec22761\SFR\SFR\bin\x64\Debug\net8.0-windows\win-x64\mscordaccore_amd64_amd64_8.0.2426.7010.dll".
  Copying file from "C:\Users\roman\.nuget\packages\microsoft.netcore.app.runtime.win-x64\8.0.24\runtimes\win-x64\native\mscordbi.dll" to "C:\Users\roman\source\repos\ec22761\SFR\SFR\bin\x64\Debug\net8.0-windows\win-x64\mscordbi.dll".
  Copying file from "C:\Users\roman\.nuget\packages\microsoft.netcore.app.runtime.win-x64\8.0.24\runtimes\win-x64\native\mscorrc.dll" to "C:\Users\roman\source\repos\ec22761\SFR\SFR\bin\x64\Debug\net8.0-windows\win-x64\mscorrc.dll".
  Copying file from "C:\Users\roman\.nuget\packages\microsoft.netcore.app.runtime.win-x64\8.0.24\runtimes\win-x64\native\msquic.dll" to "C:\Users\roman\source\repos\ec22761\SFR\SFR\bin\x64\Debug\net8.0-windows\win-x64\msquic.dll".
  Copying file from "C:\Users\roman\.nuget\packages\microsoft.windowsdesktop.app.runtime.win-x64\8.0.24\runtimes\win-x64\native\D3DCompiler_47_cor3.dll" to "C:\Users\roman\source\repos\ec22761\SFR\SFR\bin\x64\Debug\net8.0-windows\win-x64\D3DCompiler_47_cor3.dll".
  Copying file from "C:\Users\roman\.nuget\packages\microsoft.windowsdesktop.app.runtime.win-x64\8.0.24\runtimes\win-x64\native\PenImc_cor3.dll" to "C:\Users\roman\source\repos\ec22761\SFR\SFR\bin\x64\Debug\net8.0-windows\win-x64\PenImc_cor3.dll".
  Copying file from "C:\Users\roman\.nuget\packages\microsoft.windowsdesktop.app.runtime.win-x64\8.0.24\runtimes\win-x64\native\PresentationNative_cor3.dll" to "C:\Users\roman\source\repos\ec22761\SFR\SFR\bin\x64\Debug\net8.0-windows\win-x64\PresentationNative_cor3.dll".
  Copying file from "C:\Users\roman\.nuget\packages\microsoft.windowsdesktop.app.runtime.win-x64\8.0.24\runtimes\win-x64\native\vcruntime140_cor3.dll" to "C:\Users\roman\source\repos\ec22761\SFR\SFR\bin\x64\Debug\net8.0-windows\win-x64\vcruntime140_cor3.dll".
  Copying file from "C:\Users\roman\.nuget\packages\microsoft.windowsdesktop.app.runtime.win-x64\8.0.24\runtimes\win-x64\native\wpfgfx_cor3.dll" to "C:\Users\roman\source\repos\ec22761\SFR\SFR\bin\x64\Debug\net8.0-windows\win-x64\wpfgfx_cor3.dll".
  Copying file from "C:\Users\roman\.nuget\packages\microsoft.windowsdesktop.app.runtime.win-x64\8.0.24\runtimes\win-x64\lib\net8.0\cs\Microsoft.VisualBasic.Forms.resources.dll" to "C:\Users\roman\source\repos\ec22761\SFR\SFR\bin\x64\Debug\net8.0-windows\win-x64\cs\Microsoft.VisualBasic.Forms.resources.dll".
  Copying file from "C:\Users\roman\.nuget\packages\microsoft.windowsdesktop.app.runtime.win-x64\8.0.24\runtimes\win-x64\lib\net8.0\cs\PresentationCore.resources.dll" to "C:\Users\roman\source\repos\ec22761\SFR\SFR\bin\x64\Debug\net8.0-windows\win-x64\cs\PresentationCore.resources.dll".
  Copying file from "C:\Users\roman\.nuget\packages\microsoft.windowsdesktop.app.runtime.win-x64\8.0.24\runtimes\win-x64\lib\net8.0\cs\PresentationFramework.resources.dll" to "C:\Users\roman\source\repos\ec22761\SFR\SFR\bin\x64\Debug\net8.0-windows\win-x64\cs\PresentationFramework.resources.dll".
  Copying file from "C:\Users\roman\.nuget\packages\microsoft.windowsdesktop.app.runtime.win-x64\8.0.24\runtimes\win-x64\lib\net8.0\cs\PresentationUI.resources.dll" to "C:\Users\roman\source\repos\ec22761\SFR\SFR\bin\x64\Debug\net8.0-windows\win-x64\cs\PresentationUI.resources.dll".
  Copying file from "C:\Users\roman\.nuget\packages\microsoft.windowsdesktop.app.runtime.win-x64\8.0.24\runtimes\win-x64\lib\net8.0\cs\ReachFramework.resources.dll" to "C:\Users\roman\source\repos\ec22761\SFR\SFR\bin\x64\Debug\net8.0-windows\win-x64\cs\ReachFramework.resources.dll".
  Copying file from "C:\Users\roman\.nuget\packages\microsoft.windowsdesktop.app.runtime.win-x64\8.0.24\runtimes\win-x64\lib\net8.0\cs\System.Windows.Controls.Ribbon.resources.dll" to "C:\Users\roman\source\repos\ec22761\SFR\SFR\bin\x64\Debug\net8.0-windows\win-x64\cs\System.Windows.Controls.Ribbon.resources.dll".
  Copying file from "C:\Users\roman\.nuget\packages\microsoft.windowsdesktop.app.runtime.win-x64\8.0.24\runtimes\win-x64\lib\net8.0\cs\System.Windows.Forms.Primitives.resources.dll" to "C:\Users\roman\source\repos\ec22761\SFR\SFR\bin\x64\Debug\net8.0-windows\win-x64\cs\System.Windows.Forms.Primitives.resources.dll".
  Copying file from "C:\Users\roman\.nuget\packages\microsoft.windowsdesktop.app.runtime.win-x64\8.0.24\runtimes\win-x64\lib\net8.0\cs\System.Windows.Forms.resources.dll" to "C:\Users\roman\source\repos\ec22761\SFR\SFR\bin\x64\Debug\net8.0-windows\win-x64\cs\System.Windows.Forms.resources.dll".
  Copying file from "C:\Users\roman\.nuget\packages\microsoft.windowsdesktop.app.runtime.win-x64\8.0.24\runtimes\win-x64\lib\net8.0\cs\System.Windows.Input.Manipulations.resources.dll" to "C:\Users\roman\source\repos\ec22761\SFR\SFR\bin\x64\Debug\net8.0-windows\win-x64\cs\System.Windows.Input.Manipulations.resources.dll".
  Copying file from "C:\Users\roman\.nuget\packages\microsoft.windowsdesktop.app.runtime.win-x64\8.0.24\runtimes\win-x64\lib\net8.0\cs\System.Windows.Forms.Design.resources.dll" to "C:\Users\roman\source\repos\ec22761\SFR\SFR\bin\x64\Debug\net8.0-windows\win-x64\cs\System.Windows.Forms.Design.resources.dll".
  Copying file from "C:\Users\roman\.nuget\packages\microsoft.windowsdesktop.app.runtime.win-x64\8.0.24\runtimes\win-x64\lib\net8.0\cs\System.Xaml.resources.dll" to "C:\Users\roman\source\repos\ec22761\SFR\SFR\bin\x64\Debug\net8.0-windows\win-x64\cs\System.Xaml.resources.dll".
  Copying file from "C:\Users\roman\.nuget\packages\microsoft.windowsdesktop.app.runtime.win-x64\8.0.24\runtimes\win-x64\lib\net8.0\cs\UIAutomationClient.resources.dll" to "C:\Users\roman\source\repos\ec22761\SFR\SFR\bin\x64\Debug\net8.0-windows\win-x64\cs\UIAutomationClient.resources.dll".
  Copying file from "C:\Users\roman\.nuget\packages\microsoft.windowsdesktop.app.runtime.win-x64\8.0.24\runtimes\win-x64\lib\net8.0\cs\UIAutomationClientSideProviders.resources.dll" to "C:\Users\roman\source\repos\ec22761\SFR\SFR\bin\x64\Debug\net8.0-windows\win-x64\cs\UIAutomationClientSideProviders.resources.dll".
  Copying file from "C:\Users\roman\.nuget\packages\microsoft.windowsdesktop.app.runtime.win-x64\8.0.24\runtimes\win-x64\lib\net8.0\cs\UIAutomationProvider.resources.dll" to "C:\Users\roman\source\repos\ec22761\SFR\SFR\bin\x64\Debug\net8.0-windows\win-x64\cs\UIAutomationProvider.resources.dll".
  Copying file from "C:\Users\roman\.nuget\packages\microsoft.windowsdesktop.app.runtime.win-x64\8.0.24\runtimes\win-x64\lib\net8.0\cs\UIAutomationTypes.resources.dll" to "C:\Users\roman\source\repos\ec22761\SFR\SFR\bin\x64\Debug\net8.0-windows\win-x64\cs\UIAutomationTypes.resources.dll".
  Copying file from "C:\Users\roman\.nuget\packages\microsoft.windowsdesktop.app.runtime.win-x64\8.0.24\runtimes\win-x64\lib\net8.0\cs\WindowsBase.resources.dll" to "C:\Users\roman\source\repos\ec22761\SFR\SFR\bin\x64\Debug\net8.0-windows\win-x64\cs\WindowsBase.resources.dll".
  Copying file from "C:\Users\roman\.nuget\packages\microsoft.windowsdesktop.app.runtime.win-x64\8.0.24\runtimes\win-x64\lib\net8.0\de\Microsoft.VisualBasic.Forms.resources.dll" to "C:\Users\roman\source\repos\ec22761\SFR\SFR\bin\x64\Debug\net8.0-windows\win-x64\de\Microsoft.VisualBasic.Forms.resources.dll".
  Copying file from "C:\Users\roman\.nuget\packages\microsoft.windowsdesktop.app.runtime.win-x64\8.0.24\runtimes\win-x64\lib\net8.0\cs\WindowsFormsIntegration.resources.dll" to "C:\Users\roman\source\repos\ec22761\SFR\SFR\bin\x64\Debug\net8.0-windows\win-x64\cs\WindowsFormsIntegration.resources.dll".
  Copying file from "C:\Users\roman\.nuget\packages\microsoft.windowsdesktop.app.runtime.win-x64\8.0.24\runtimes\win-x64\lib\net8.0\de\PresentationCore.resources.dll" to "C:\Users\roman\source\repos\ec22761\SFR\SFR\bin\x64\Debug\net8.0-windows\win-x64\de\PresentationCore.resources.dll".
  Copying file from "C:\Users\roman\.nuget\packages\microsoft.windowsdesktop.app.runtime.win-x64\8.0.24\runtimes\win-x64\lib\net8.0\de\PresentationFramework.resources.dll" to "C:\Users\roman\source\repos\ec22761\SFR\SFR\bin\x64\Debug\net8.0-windows\win-x64\de\PresentationFramework.resources.dll".
  Copying file from "C:\Users\roman\.nuget\packages\microsoft.windowsdesktop.app.runtime.win-x64\8.0.24\runtimes\win-x64\lib\net8.0\de\PresentationUI.resources.dll" to "C:\Users\roman\source\repos\ec22761\SFR\SFR\bin\x64\Debug\net8.0-windows\win-x64\de\PresentationUI.resources.dll".
  Copying file from "C:\Users\roman\.nuget\packages\microsoft.windowsdesktop.app.runtime.win-x64\8.0.24\runtimes\win-x64\lib\net8.0\de\ReachFramework.resources.dll" to "C:\Users\roman\source\repos\ec22761\SFR\SFR\bin\x64\Debug\net8.0-windows\win-x64\de\ReachFramework.resources.dll".
  Copying file from "C:\Users\roman\.nuget\packages\microsoft.windowsdesktop.app.runtime.win-x64\8.0.24\runtimes\win-x64\lib\net8.0\de\System.Windows.Controls.Ribbon.resources.dll" to "C:\Users\roman\source\repos\ec22761\SFR\SFR\bin\x64\Debug\net8.0-windows\win-x64\de\System.Windows.Controls.Ribbon.resources.dll".
  Copying file from "C:\Users\roman\.nuget\packages\microsoft.windowsdesktop.app.runtime.win-x64\8.0.24\runtimes\win-x64\lib\net8.0\de\System.Windows.Forms.Design.resources.dll" to "C:\Users\roman\source\repos\ec22761\SFR\SFR\bin\x64\Debug\net8.0-windows\win-x64\de\System.Windows.Forms.Design.resources.dll".
  Copying file from "C:\Users\roman\.nuget\packages\microsoft.windowsdesktop.app.runtime.win-x64\8.0.24\runtimes\win-x64\lib\net8.0\de\System.Windows.Forms.Primitives.resources.dll" to "C:\Users\roman\source\repos\ec22761\SFR\SFR\bin\x64\Debug\net8.0-windows\win-x64\de\System.Windows.Forms.Primitives.resources.dll".
  Copying file from "C:\Users\roman\.nuget\packages\microsoft.windowsdesktop.app.runtime.win-x64\8.0.24\runtimes\win-x64\lib\net8.0\de\System.Windows.Forms.resources.dll" to "C:\Users\roman\source\repos\ec22761\SFR\SFR\bin\x64\Debug\net8.0-windows\win-x64\de\System.Windows.Forms.resources.dll".
  Copying file from "C:\Users\roman\.nuget\packages\microsoft.windowsdesktop.app.runtime.win-x64\8.0.24\runtimes\win-x64\lib\net8.0\de\System.Xaml.resources.dll" to "C:\Users\roman\source\repos\ec22761\SFR\SFR\bin\x64\Debug\net8.0-windows\win-x64\de\System.Xaml.resources.dll".
  Copying file from "C:\Users\roman\.nuget\packages\microsoft.windowsdesktop.app.runtime.win-x64\8.0.24\runtimes\win-x64\lib\net8.0\de\UIAutomationClient.resources.dll" to "C:\Users\roman\source\repos\ec22761\SFR\SFR\bin\x64\Debug\net8.0-windows\win-x64\de\UIAutomationClient.resources.dll".
  Copying file from "C:\Users\roman\.nuget\packages\microsoft.windowsdesktop.app.runtime.win-x64\8.0.24\runtimes\win-x64\lib\net8.0\de\UIAutomationClientSideProviders.resources.dll" to "C:\Users\roman\source\repos\ec22761\SFR\SFR\bin\x64\Debug\net8.0-windows\win-x64\de\UIAutomationClientSideProviders.resources.dll".
  Copying file from "C:\Users\roman\.nuget\packages\microsoft.windowsdesktop.app.runtime.win-x64\8.0.24\runtimes\win-x64\lib\net8.0\de\UIAutomationProvider.resources.dll" to "C:\Users\roman\source\repos\ec22761\SFR\SFR\bin\x64\Debug\net8.0-windows\win-x64\de\UIAutomationProvider.resources.dll".
  Copying file from "C:\Users\roman\.nuget\packages\microsoft.windowsdesktop.app.runtime.win-x64\8.0.24\runtimes\win-x64\lib\net8.0\de\System.Windows.Input.Manipulations.resources.dll" to "C:\Users\roman\source\repos\ec22761\SFR\SFR\bin\x64\Debug\net8.0-windows\win-x64\de\System.Windows.Input.Manipulations.resources.dll".
  Copying file from "C:\Users\roman\.nuget\packages\microsoft.windowsdesktop.app.runtime.win-x64\8.0.24\runtimes\win-x64\lib\net8.0\de\UIAutomationTypes.resources.dll" to "C:\Users\roman\source\repos\ec22761\SFR\SFR\bin\x64\Debug\net8.0-windows\win-x64\de\UIAutomationTypes.resources.dll".
  Copying file from "C:\Users\roman\.nuget\packages\microsoft.windowsdesktop.app.runtime.win-x64\8.0.24\runtimes\win-x64\lib\net8.0\de\WindowsBase.resources.dll" to "C:\Users\roman\source\repos\ec22761\SFR\SFR\bin\x64\Debug\net8.0-windows\win-x64\de\WindowsBase.resources.dll".
  Copying file from "C:\Users\roman\.nuget\packages\microsoft.windowsdesktop.app.runtime.win-x64\8.0.24\runtimes\win-x64\lib\net8.0\de\WindowsFormsIntegration.resources.dll" to "C:\Users\roman\source\repos\ec22761\SFR\SFR\bin\x64\Debug\net8.0-windows\win-x64\de\WindowsFormsIntegration.resources.dll".
  Copying file from "C:\Users\roman\.nuget\packages\microsoft.windowsdesktop.app.runtime.win-x64\8.0.24\runtimes\win-x64\lib\net8.0\es\Microsoft.VisualBasic.Forms.resources.dll" to "C:\Users\roman\source\repos\ec22761\SFR\SFR\bin\x64\Debug\net8.0-windows\win-x64\es\Microsoft.VisualBasic.Forms.resources.dll".
  Copying file from "C:\Users\roman\.nuget\packages\microsoft.windowsdesktop.app.runtime.win-x64\8.0.24\runtimes\win-x64\lib\net8.0\es\PresentationCore.resources.dll" to "C:\Users\roman\source\repos\ec22761\SFR\SFR\bin\x64\Debug\net8.0-windows\win-x64\es\PresentationCore.resources.dll".
  Copying file from "C:\Users\roman\.nuget\packages\microsoft.windowsdesktop.app.runtime.win-x64\8.0.24\runtimes\win-x64\lib\net8.0\es\PresentationFramework.resources.dll" to "C:\Users\roman\source\repos\ec22761\SFR\SFR\bin\x64\Debug\net8.0-windows\win-x64\es\PresentationFramework.resources.dll".
  Copying file from "C:\Users\roman\.nuget\packages\microsoft.windowsdesktop.app.runtime.win-x64\8.0.24\runtimes\win-x64\lib\net8.0\es\ReachFramework.resources.dll" to "C:\Users\roman\source\repos\ec22761\SFR\SFR\bin\x64\Debug\net8.0-windows\win-x64\es\ReachFramework.resources.dll".
  Copying file from "C:\Users\roman\.nuget\packages\microsoft.windowsdesktop.app.runtime.win-x64\8.0.24\runtimes\win-x64\lib\net8.0\es\PresentationUI.resources.dll" to "C:\Users\roman\source\repos\ec22761\SFR\SFR\bin\x64\Debug\net8.0-windows\win-x64\es\PresentationUI.resources.dll".
  Copying file from "C:\Users\roman\.nuget\packages\microsoft.windowsdesktop.app.runtime.win-x64\8.0.24\runtimes\win-x64\lib\net8.0\es\System.Windows.Forms.Design.resources.dll" to "C:\Users\roman\source\repos\ec22761\SFR\SFR\bin\x64\Debug\net8.0-windows\win-x64\es\System.Windows.Forms.Design.resources.dll".
  Copying file from "C:\Users\roman\.nuget\packages\microsoft.windowsdesktop.app.runtime.win-x64\8.0.24\runtimes\win-x64\lib\net8.0\es\System.Windows.Controls.Ribbon.resources.dll" to "C:\Users\roman\source\repos\ec22761\SFR\SFR\bin\x64\Debug\net8.0-windows\win-x64\es\System.Windows.Controls.Ribbon.resources.dll".
  Copying file from "C:\Users\roman\.nuget\packages\microsoft.windowsdesktop.app.runtime.win-x64\8.0.24\runtimes\win-x64\lib\net8.0\es\System.Windows.Forms.Primitives.resources.dll" to "C:\Users\roman\source\repos\ec22761\SFR\SFR\bin\x64\Debug\net8.0-windows\win-x64\es\System.Windows.Forms.Primitives.resources.dll".
  Copying file from "C:\Users\roman\.nuget\packages\microsoft.windowsdesktop.app.runtime.win-x64\8.0.24\runtimes\win-x64\lib\net8.0\es\System.Windows.Forms.resources.dll" to "C:\Users\roman\source\repos\ec22761\SFR\SFR\bin\x64\Debug\net8.0-windows\win-x64\es\System.Windows.Forms.resources.dll".
  Copying file from "C:\Users\roman\.nuget\packages\microsoft.windowsdesktop.app.runtime.win-x64\8.0.24\runtimes\win-x64\lib\net8.0\es\System.Windows.Input.Manipulations.resources.dll" to "C:\Users\roman\source\repos\ec22761\SFR\SFR\bin\x64\Debug\net8.0-windows\win-x64\es\System.Windows.Input.Manipulations.resources.dll".
  Copying file from "C:\Users\roman\.nuget\packages\microsoft.windowsdesktop.app.runtime.win-x64\8.0.24\runtimes\win-x64\lib\net8.0\es\System.Xaml.resources.dll" to "C:\Users\roman\source\repos\ec22761\SFR\SFR\bin\x64\Debug\net8.0-windows\win-x64\es\System.Xaml.resources.dll".
  Copying file from "C:\Users\roman\.nuget\packages\microsoft.windowsdesktop.app.runtime.win-x64\8.0.24\runtimes\win-x64\lib\net8.0\es\UIAutomationClient.resources.dll" to "C:\Users\roman\source\repos\ec22761\SFR\SFR\bin\x64\Debug\net8.0-windows\win-x64\es\UIAutomationClient.resources.dll".
  Copying file from "C:\Users\roman\.nuget\packages\microsoft.windowsdesktop.app.runtime.win-x64\8.0.24\runtimes\win-x64\lib\net8.0\es\UIAutomationClientSideProviders.resources.dll" to "C:\Users\roman\source\repos\ec22761\SFR\SFR\bin\x64\Debug\net8.0-windows\win-x64\es\UIAutomationClientSideProviders.resources.dll".
  Copying file from "C:\Users\roman\.nuget\packages\microsoft.windowsdesktop.app.runtime.win-x64\8.0.24\runtimes\win-x64\lib\net8.0\es\UIAutomationProvider.resources.dll" to "C:\Users\roman\source\repos\ec22761\SFR\SFR\bin\x64\Debug\net8.0-windows\win-x64\es\UIAutomationProvider.resources.dll".
  Copying file from "C:\Users\roman\.nuget\packages\microsoft.windowsdesktop.app.runtime.win-x64\8.0.24\runtimes\win-x64\lib\net8.0\es\UIAutomationTypes.resources.dll" to "C:\Users\roman\source\repos\ec22761\SFR\SFR\bin\x64\Debug\net8.0-windows\win-x64\es\UIAutomationTypes.resources.dll".
  Copying file from "C:\Users\roman\.nuget\packages\microsoft.windowsdesktop.app.runtime.win-x64\8.0.24\runtimes\win-x64\lib\net8.0\es\WindowsBase.resources.dll" to "C:\Users\roman\source\repos\ec22761\SFR\SFR\bin\x64\Debug\net8.0-windows\win-x64\es\WindowsBase.resources.dll".
  Copying file from "C:\Users\roman\.nuget\packages\microsoft.windowsdesktop.app.runtime.win-x64\8.0.24\runtimes\win-x64\lib\net8.0\es\WindowsFormsIntegration.resources.dll" to "C:\Users\roman\source\repos\ec22761\SFR\SFR\bin\x64\Debug\net8.0-windows\win-x64\es\WindowsFormsIntegration.resources.dll".
  Copying file from "C:\Users\roman\.nuget\packages\microsoft.windowsdesktop.app.runtime.win-x64\8.0.24\runtimes\win-x64\lib\net8.0\fr\Microsoft.VisualBasic.Forms.resources.dll" to "C:\Users\roman\source\repos\ec22761\SFR\SFR\bin\x64\Debug\net8.0-windows\win-x64\fr\Microsoft.VisualBasic.Forms.resources.dll".
  Copying file from "C:\Users\roman\.nuget\packages\microsoft.windowsdesktop.app.runtime.win-x64\8.0.24\runtimes\win-x64\lib\net8.0\fr\PresentationCore.resources.dll" to "C:\Users\roman\source\repos\ec22761\SFR\SFR\bin\x64\Debug\net8.0-windows\win-x64\fr\PresentationCore.resources.dll".
  Copying file from "C:\Users\roman\.nuget\packages\microsoft.windowsdesktop.app.runtime.win-x64\8.0.24\runtimes\win-x64\lib\net8.0\fr\PresentationFramework.resources.dll" to "C:\Users\roman\source\repos\ec22761\SFR\SFR\bin\x64\Debug\net8.0-windows\win-x64\fr\PresentationFramework.resources.dll".
  Copying file from "C:\Users\roman\.nuget\packages\microsoft.windowsdesktop.app.runtime.win-x64\8.0.24\runtimes\win-x64\lib\net8.0\fr\PresentationUI.resources.dll" to "C:\Users\roman\source\repos\ec22761\SFR\SFR\bin\x64\Debug\net8.0-windows\win-x64\fr\PresentationUI.resources.dll".
  Copying file from "C:\Users\roman\.nuget\packages\microsoft.windowsdesktop.app.runtime.win-x64\8.0.24\runtimes\win-x64\lib\net8.0\fr\ReachFramework.resources.dll" to "C:\Users\roman\source\repos\ec22761\SFR\SFR\bin\x64\Debug\net8.0-windows\win-x64\fr\ReachFramework.resources.dll".
  Copying file from "C:\Users\roman\.nuget\packages\microsoft.windowsdesktop.app.runtime.win-x64\8.0.24\runtimes\win-x64\lib\net8.0\fr\System.Windows.Forms.Design.resources.dll" to "C:\Users\roman\source\repos\ec22761\SFR\SFR\bin\x64\Debug\net8.0-windows\win-x64\fr\System.Windows.Forms.Design.resources.dll".
  Copying file from "C:\Users\roman\.nuget\packages\microsoft.windowsdesktop.app.runtime.win-x64\8.0.24\runtimes\win-x64\lib\net8.0\fr\System.Windows.Controls.Ribbon.resources.dll" to "C:\Users\roman\source\repos\ec22761\SFR\SFR\bin\x64\Debug\net8.0-windows\win-x64\fr\System.Windows.Controls.Ribbon.resources.dll".
  Copying file from "C:\Users\roman\.nuget\packages\microsoft.windowsdesktop.app.runtime.win-x64\8.0.24\runtimes\win-x64\lib\net8.0\fr\System.Windows.Forms.Primitives.resources.dll" to "C:\Users\roman\source\repos\ec22761\SFR\SFR\bin\x64\Debug\net8.0-windows\win-x64\fr\System.Windows.Forms.Primitives.resources.dll".
  Copying file from "C:\Users\roman\.nuget\packages\microsoft.windowsdesktop.app.runtime.win-x64\8.0.24\runtimes\win-x64\lib\net8.0\fr\System.Windows.Forms.resources.dll" to "C:\Users\roman\source\repos\ec22761\SFR\SFR\bin\x64\Debug\net8.0-windows\win-x64\fr\System.Windows.Forms.resources.dll".
  Copying file from "C:\Users\roman\.nuget\packages\microsoft.windowsdesktop.app.runtime.win-x64\8.0.24\runtimes\win-x64\lib\net8.0\fr\System.Windows.Input.Manipulations.resources.dll" to "C:\Users\roman\source\repos\ec22761\SFR\SFR\bin\x64\Debug\net8.0-windows\win-x64\fr\System.Windows.Input.Manipulations.resources.dll".
  Copying file from "C:\Users\roman\.nuget\packages\microsoft.windowsdesktop.app.runtime.win-x64\8.0.24\runtimes\win-x64\lib\net8.0\fr\System.Xaml.resources.dll" to "C:\Users\roman\source\repos\ec22761\SFR\SFR\bin\x64\Debug\net8.0-windows\win-x64\fr\System.Xaml.resources.dll".
  Copying file from "C:\Users\roman\.nuget\packages\microsoft.windowsdesktop.app.runtime.win-x64\8.0.24\runtimes\win-x64\lib\net8.0\fr\UIAutomationClient.resources.dll" to "C:\Users\roman\source\repos\ec22761\SFR\SFR\bin\x64\Debug\net8.0-windows\win-x64\fr\UIAutomationClient.resources.dll".
  Copying file from "C:\Users\roman\.nuget\packages\microsoft.windowsdesktop.app.runtime.win-x64\8.0.24\runtimes\win-x64\lib\net8.0\fr\UIAutomationClientSideProviders.resources.dll" to "C:\Users\roman\source\repos\ec22761\SFR\SFR\bin\x64\Debug\net8.0-windows\win-x64\fr\UIAutomationClientSideProviders.resources.dll".
  Copying file from "C:\Users\roman\.nuget\packages\microsoft.windowsdesktop.app.runtime.win-x64\8.0.24\runtimes\win-x64\lib\net8.0\fr\UIAutomationProvider.resources.dll" to "C:\Users\roman\source\repos\ec22761\SFR\SFR\bin\x64\Debug\net8.0-windows\win-x64\fr\UIAutomationProvider.resources.dll".
  Copying file from "C:\Users\roman\.nuget\packages\microsoft.windowsdesktop.app.runtime.win-x64\8.0.24\runtimes\win-x64\lib\net8.0\fr\UIAutomationTypes.resources.dll" to "C:\Users\roman\source\repos\ec22761\SFR\SFR\bin\x64\Debug\net8.0-windows\win-x64\fr\UIAutomationTypes.resources.dll".
  Copying file from "C:\Users\roman\.nuget\packages\microsoft.windowsdesktop.app.runtime.win-x64\8.0.24\runtimes\win-x64\lib\net8.0\fr\WindowsBase.resources.dll" to "C:\Users\roman\source\repos\ec22761\SFR\SFR\bin\x64\Debug\net8.0-windows\win-x64\fr\WindowsBase.resources.dll".
  Copying file from "C:\Users\roman\.nuget\packages\microsoft.windowsdesktop.app.runtime.win-x64\8.0.24\runtimes\win-x64\lib\net8.0\fr\WindowsFormsIntegration.resources.dll" to "C:\Users\roman\source\repos\ec22761\SFR\SFR\bin\x64\Debug\net8.0-windows\win-x64\fr\WindowsFormsIntegration.resources.dll".
  Copying file from "C:\Users\roman\.nuget\packages\microsoft.windowsdesktop.app.runtime.win-x64\8.0.24\runtimes\win-x64\lib\net8.0\it\Microsoft.VisualBasic.Forms.resources.dll" to "C:\Users\roman\source\repos\ec22761\SFR\SFR\bin\x64\Debug\net8.0-windows\win-x64\it\Microsoft.VisualBasic.Forms.resources.dll".
  Copying file from "C:\Users\roman\.nuget\packages\microsoft.windowsdesktop.app.runtime.win-x64\8.0.24\runtimes\win-x64\lib\net8.0\it\PresentationCore.resources.dll" to "C:\Users\roman\source\repos\ec22761\SFR\SFR\bin\x64\Debug\net8.0-windows\win-x64\it\PresentationCore.resources.dll".
  Copying file from "C:\Users\roman\.nuget\packages\microsoft.windowsdesktop.app.runtime.win-x64\8.0.24\runtimes\win-x64\lib\net8.0\it\PresentationFramework.resources.dll" to "C:\Users\roman\source\repos\ec22761\SFR\SFR\bin\x64\Debug\net8.0-windows\win-x64\it\PresentationFramework.resources.dll".
  Copying file from "C:\Users\roman\.nuget\packages\microsoft.windowsdesktop.app.runtime.win-x64\8.0.24\runtimes\win-x64\lib\net8.0\it\PresentationUI.resources.dll" to "C:\Users\roman\source\repos\ec22761\SFR\SFR\bin\x64\Debug\net8.0-windows\win-x64\it\PresentationUI.resources.dll".
  Copying file from "C:\Users\roman\.nuget\packages\microsoft.windowsdesktop.app.runtime.win-x64\8.0.24\runtimes\win-x64\lib\net8.0\it\ReachFramework.resources.dll" to "C:\Users\roman\source\repos\ec22761\SFR\SFR\bin\x64\Debug\net8.0-windows\win-x64\it\ReachFramework.resources.dll".
  Copying file from "C:\Users\roman\.nuget\packages\microsoft.windowsdesktop.app.runtime.win-x64\8.0.24\runtimes\win-x64\lib\net8.0\it\System.Windows.Forms.Design.resources.dll" to "C:\Users\roman\source\repos\ec22761\SFR\SFR\bin\x64\Debug\net8.0-windows\win-x64\it\System.Windows.Forms.Design.resources.dll".
  Copying file from "C:\Users\roman\.nuget\packages\microsoft.windowsdesktop.app.runtime.win-x64\8.0.24\runtimes\win-x64\lib\net8.0\it\System.Windows.Forms.Primitives.resources.dll" to "C:\Users\roman\source\repos\ec22761\SFR\SFR\bin\x64\Debug\net8.0-windows\win-x64\it\System.Windows.Forms.Primitives.resources.dll".
  Copying file from "C:\Users\roman\.nuget\packages\microsoft.windowsdesktop.app.runtime.win-x64\8.0.24\runtimes\win-x64\lib\net8.0\it\System.Windows.Controls.Ribbon.resources.dll" to "C:\Users\roman\source\repos\ec22761\SFR\SFR\bin\x64\Debug\net8.0-windows\win-x64\it\System.Windows.Controls.Ribbon.resources.dll".
  Copying file from "C:\Users\roman\.nuget\packages\microsoft.windowsdesktop.app.runtime.win-x64\8.0.24\runtimes\win-x64\lib\net8.0\it\System.Windows.Forms.resources.dll" to "C:\Users\roman\source\repos\ec22761\SFR\SFR\bin\x64\Debug\net8.0-windows\win-x64\it\System.Windows.Forms.resources.dll".
  Copying file from "C:\Users\roman\.nuget\packages\microsoft.windowsdesktop.app.runtime.win-x64\8.0.24\runtimes\win-x64\lib\net8.0\it\System.Windows.Input.Manipulations.resources.dll" to "C:\Users\roman\source\repos\ec22761\SFR\SFR\bin\x64\Debug\net8.0-windows\win-x64\it\System.Windows.Input.Manipulations.resources.dll".
  Copying file from "C:\Users\roman\.nuget\packages\microsoft.windowsdesktop.app.runtime.win-x64\8.0.24\runtimes\win-x64\lib\net8.0\it\System.Xaml.resources.dll" to "C:\Users\roman\source\repos\ec22761\SFR\SFR\bin\x64\Debug\net8.0-windows\win-x64\it\System.Xaml.resources.dll".
  Copying file from "C:\Users\roman\.nuget\packages\microsoft.windowsdesktop.app.runtime.win-x64\8.0.24\runtimes\win-x64\lib\net8.0\it\UIAutomationClient.resources.dll" to "C:\Users\roman\source\repos\ec22761\SFR\SFR\bin\x64\Debug\net8.0-windows\win-x64\it\UIAutomationClient.resources.dll".
  Copying file from "C:\Users\roman\.nuget\packages\microsoft.windowsdesktop.app.runtime.win-x64\8.0.24\runtimes\win-x64\lib\net8.0\it\UIAutomationClientSideProviders.resources.dll" to "C:\Users\roman\source\repos\ec22761\SFR\SFR\bin\x64\Debug\net8.0-windows\win-x64\it\UIAutomationClientSideProviders.resources.dll".
  Copying file from "C:\Users\roman\.nuget\packages\microsoft.windowsdesktop.app.runtime.win-x64\8.0.24\runtimes\win-x64\lib\net8.0\it\UIAutomationProvider.resources.dll" to "C:\Users\roman\source\repos\ec22761\SFR\SFR\bin\x64\Debug\net8.0-windows\win-x64\it\UIAutomationProvider.resources.dll".
  Copying file from "C:\Users\roman\.nuget\packages\microsoft.windowsdesktop.app.runtime.win-x64\8.0.24\runtimes\win-x64\lib\net8.0\it\UIAutomationTypes.resources.dll" to "C:\Users\roman\source\repos\ec22761\SFR\SFR\bin\x64\Debug\net8.0-windows\win-x64\it\UIAutomationTypes.resources.dll".
  Copying file from "C:\Users\roman\.nuget\packages\microsoft.windowsdesktop.app.runtime.win-x64\8.0.24\runtimes\win-x64\lib\net8.0\it\WindowsBase.resources.dll" to "C:\Users\roman\source\repos\ec22761\SFR\SFR\bin\x64\Debug\net8.0-windows\win-x64\it\WindowsBase.resources.dll".
  Copying file from "C:\Users\roman\.nuget\packages\microsoft.windowsdesktop.app.runtime.win-x64\8.0.24\runtimes\win-x64\lib\net8.0\it\WindowsFormsIntegration.resources.dll" to "C:\Users\roman\source\repos\ec22761\SFR\SFR\bin\x64\Debug\net8.0-windows\win-x64\it\WindowsFormsIntegration.resources.dll".
  Copying file from "C:\Users\roman\.nuget\packages\microsoft.windowsdesktop.app.runtime.win-x64\8.0.24\runtimes\win-x64\lib\net8.0\ja\Microsoft.VisualBasic.Forms.resources.dll" to "C:\Users\roman\source\repos\ec22761\SFR\SFR\bin\x64\Debug\net8.0-windows\win-x64\ja\Microsoft.VisualBasic.Forms.resources.dll".
  Copying file from "C:\Users\roman\.nuget\packages\microsoft.windowsdesktop.app.runtime.win-x64\8.0.24\runtimes\win-x64\lib\net8.0\ja\PresentationCore.resources.dll" to "C:\Users\roman\source\repos\ec22761\SFR\SFR\bin\x64\Debug\net8.0-windows\win-x64\ja\PresentationCore.resources.dll".
  Copying file from "C:\Users\roman\.nuget\packages\microsoft.windowsdesktop.app.runtime.win-x64\8.0.24\runtimes\win-x64\lib\net8.0\ja\PresentationFramework.resources.dll" to "C:\Users\roman\source\repos\ec22761\SFR\SFR\bin\x64\Debug\net8.0-windows\win-x64\ja\PresentationFramework.resources.dll".
  Copying file from "C:\Users\roman\.nuget\packages\microsoft.windowsdesktop.app.runtime.win-x64\8.0.24\runtimes\win-x64\lib\net8.0\ja\PresentationUI.resources.dll" to "C:\Users\roman\source\repos\ec22761\SFR\SFR\bin\x64\Debug\net8.0-windows\win-x64\ja\PresentationUI.resources.dll".
  Copying file from "C:\Users\roman\.nuget\packages\microsoft.windowsdesktop.app.runtime.win-x64\8.0.24\runtimes\win-x64\lib\net8.0\ja\ReachFramework.resources.dll" to "C:\Users\roman\source\repos\ec22761\SFR\SFR\bin\x64\Debug\net8.0-windows\win-x64\ja\ReachFramework.resources.dll".
  Copying file from "C:\Users\roman\.nuget\packages\microsoft.windowsdesktop.app.runtime.win-x64\8.0.24\runtimes\win-x64\lib\net8.0\ja\System.Windows.Controls.Ribbon.resources.dll" to "C:\Users\roman\source\repos\ec22761\SFR\SFR\bin\x64\Debug\net8.0-windows\win-x64\ja\System.Windows.Controls.Ribbon.resources.dll".
  Copying file from "C:\Users\roman\.nuget\packages\microsoft.windowsdesktop.app.runtime.win-x64\8.0.24\runtimes\win-x64\lib\net8.0\ja\System.Windows.Forms.Design.resources.dll" to "C:\Users\roman\source\repos\ec22761\SFR\SFR\bin\x64\Debug\net8.0-windows\win-x64\ja\System.Windows.Forms.Design.resources.dll".
  Copying file from "C:\Users\roman\.nuget\packages\microsoft.windowsdesktop.app.runtime.win-x64\8.0.24\runtimes\win-x64\lib\net8.0\ja\System.Windows.Forms.Primitives.resources.dll" to "C:\Users\roman\source\repos\ec22761\SFR\SFR\bin\x64\Debug\net8.0-windows\win-x64\ja\System.Windows.Forms.Primitives.resources.dll".
  Copying file from "C:\Users\roman\.nuget\packages\microsoft.windowsdesktop.app.runtime.win-x64\8.0.24\runtimes\win-x64\lib\net8.0\ja\System.Windows.Forms.resources.dll" to "C:\Users\roman\source\repos\ec22761\SFR\SFR\bin\x64\Debug\net8.0-windows\win-x64\ja\System.Windows.Forms.resources.dll".
  Copying file from "C:\Users\roman\.nuget\packages\microsoft.windowsdesktop.app.runtime.win-x64\8.0.24\runtimes\win-x64\lib\net8.0\ja\System.Windows.Input.Manipulations.resources.dll" to "C:\Users\roman\source\repos\ec22761\SFR\SFR\bin\x64\Debug\net8.0-windows\win-x64\ja\System.Windows.Input.Manipulations.resources.dll".
  Copying file from "C:\Users\roman\.nuget\packages\microsoft.windowsdesktop.app.runtime.win-x64\8.0.24\runtimes\win-x64\lib\net8.0\ja\System.Xaml.resources.dll" to "C:\Users\roman\source\repos\ec22761\SFR\SFR\bin\x64\Debug\net8.0-windows\win-x64\ja\System.Xaml.resources.dll".
  Copying file from "C:\Users\roman\.nuget\packages\microsoft.windowsdesktop.app.runtime.win-x64\8.0.24\runtimes\win-x64\lib\net8.0\ja\UIAutomationClient.resources.dll" to "C:\Users\roman\source\repos\ec22761\SFR\SFR\bin\x64\Debug\net8.0-windows\win-x64\ja\UIAutomationClient.resources.dll".
  Copying file from "C:\Users\roman\.nuget\packages\microsoft.windowsdesktop.app.runtime.win-x64\8.0.24\runtimes\win-x64\lib\net8.0\ja\UIAutomationClientSideProviders.resources.dll" to "C:\Users\roman\source\repos\ec22761\SFR\SFR\bin\x64\Debug\net8.0-windows\win-x64\ja\UIAutomationClientSideProviders.resources.dll".
  Copying file from "C:\Users\roman\.nuget\packages\microsoft.windowsdesktop.app.runtime.win-x64\8.0.24\runtimes\win-x64\lib\net8.0\ja\UIAutomationProvider.resources.dll" to "C:\Users\roman\source\repos\ec22761\SFR\SFR\bin\x64\Debug\net8.0-windows\win-x64\ja\UIAutomationProvider.resources.dll".
  Copying file from "C:\Users\roman\.nuget\packages\microsoft.windowsdesktop.app.runtime.win-x64\8.0.24\runtimes\win-x64\lib\net8.0\ja\UIAutomationTypes.resources.dll" to "C:\Users\roman\source\repos\ec22761\SFR\SFR\bin\x64\Debug\net8.0-windows\win-x64\ja\UIAutomationTypes.resources.dll".
  Copying file from "C:\Users\roman\.nuget\packages\microsoft.windowsdesktop.app.runtime.win-x64\8.0.24\runtimes\win-x64\lib\net8.0\ja\WindowsBase.resources.dll" to "C:\Users\roman\source\repos\ec22761\SFR\SFR\bin\x64\Debug\net8.0-windows\win-x64\ja\WindowsBase.resources.dll".
  Copying file from "C:\Users\roman\.nuget\packages\microsoft.windowsdesktop.app.runtime.win-x64\8.0.24\runtimes\win-x64\lib\net8.0\ja\WindowsFormsIntegration.resources.dll" to "C:\Users\roman\source\repos\ec22761\SFR\SFR\bin\x64\Debug\net8.0-windows\win-x64\ja\WindowsFormsIntegration.resources.dll".
  Copying file from "C:\Users\roman\.nuget\packages\microsoft.windowsdesktop.app.runtime.win-x64\8.0.24\runtimes\win-x64\lib\net8.0\ko\Microsoft.VisualBasic.Forms.resources.dll" to "C:\Users\roman\source\repos\ec22761\SFR\SFR\bin\x64\Debug\net8.0-windows\win-x64\ko\Microsoft.VisualBasic.Forms.resources.dll".
  Copying file from "C:\Users\roman\.nuget\packages\microsoft.windowsdesktop.app.runtime.win-x64\8.0.24\runtimes\win-x64\lib\net8.0\ko\PresentationCore.resources.dll" to "C:\Users\roman\source\repos\ec22761\SFR\SFR\bin\x64\Debug\net8.0-windows\win-x64\ko\PresentationCore.resources.dll".
  Copying file from "C:\Users\roman\.nuget\packages\microsoft.windowsdesktop.app.runtime.win-x64\8.0.24\runtimes\win-x64\lib\net8.0\ko\PresentationFramework.resources.dll" to "C:\Users\roman\source\repos\ec22761\SFR\SFR\bin\x64\Debug\net8.0-windows\win-x64\ko\PresentationFramework.resources.dll".
  Copying file from "C:\Users\roman\.nuget\packages\microsoft.windowsdesktop.app.runtime.win-x64\8.0.24\runtimes\win-x64\lib\net8.0\ko\ReachFramework.resources.dll" to "C:\Users\roman\source\repos\ec22761\SFR\SFR\bin\x64\Debug\net8.0-windows\win-x64\ko\ReachFramework.resources.dll".
  Copying file from "C:\Users\roman\.nuget\packages\microsoft.windowsdesktop.app.runtime.win-x64\8.0.24\runtimes\win-x64\lib\net8.0\ko\PresentationUI.resources.dll" to "C:\Users\roman\source\repos\ec22761\SFR\SFR\bin\x64\Debug\net8.0-windows\win-x64\ko\PresentationUI.resources.dll".
  Copying file from "C:\Users\roman\.nuget\packages\microsoft.windowsdesktop.app.runtime.win-x64\8.0.24\runtimes\win-x64\lib\net8.0\ko\System.Windows.Forms.Design.resources.dll" to "C:\Users\roman\source\repos\ec22761\SFR\SFR\bin\x64\Debug\net8.0-windows\win-x64\ko\System.Windows.Forms.Design.resources.dll".
  Copying file from "C:\Users\roman\.nuget\packages\microsoft.windowsdesktop.app.runtime.win-x64\8.0.24\runtimes\win-x64\lib\net8.0\ko\System.Windows.Controls.Ribbon.resources.dll" to "C:\Users\roman\source\repos\ec22761\SFR\SFR\bin\x64\Debug\net8.0-windows\win-x64\ko\System.Windows.Controls.Ribbon.resources.dll".
  Copying file from "C:\Users\roman\.nuget\packages\microsoft.windowsdesktop.app.runtime.win-x64\8.0.24\runtimes\win-x64\lib\net8.0\ko\System.Windows.Forms.Primitives.resources.dll" to "C:\Users\roman\source\repos\ec22761\SFR\SFR\bin\x64\Debug\net8.0-windows\win-x64\ko\System.Windows.Forms.Primitives.resources.dll".
  Copying file from "C:\Users\roman\.nuget\packages\microsoft.windowsdesktop.app.runtime.win-x64\8.0.24\runtimes\win-x64\lib\net8.0\ko\System.Windows.Forms.resources.dll" to "C:\Users\roman\source\repos\ec22761\SFR\SFR\bin\x64\Debug\net8.0-windows\win-x64\ko\System.Windows.Forms.resources.dll".
  Copying file from "C:\Users\roman\.nuget\packages\microsoft.windowsdesktop.app.runtime.win-x64\8.0.24\runtimes\win-x64\lib\net8.0\ko\System.Windows.Input.Manipulations.resources.dll" to "C:\Users\roman\source\repos\ec22761\SFR\SFR\bin\x64\Debug\net8.0-windows\win-x64\ko\System.Windows.Input.Manipulations.resources.dll".
  Copying file from "C:\Users\roman\.nuget\packages\microsoft.windowsdesktop.app.runtime.win-x64\8.0.24\runtimes\win-x64\lib\net8.0\ko\System.Xaml.resources.dll" to "C:\Users\roman\source\repos\ec22761\SFR\SFR\bin\x64\Debug\net8.0-windows\win-x64\ko\System.Xaml.resources.dll".
  Copying file from "C:\Users\roman\.nuget\packages\microsoft.windowsdesktop.app.runtime.win-x64\8.0.24\runtimes\win-x64\lib\net8.0\ko\UIAutomationClient.resources.dll" to "C:\Users\roman\source\repos\ec22761\SFR\SFR\bin\x64\Debug\net8.0-windows\win-x64\ko\UIAutomationClient.resources.dll".
  Copying file from "C:\Users\roman\.nuget\packages\microsoft.windowsdesktop.app.runtime.win-x64\8.0.24\runtimes\win-x64\lib\net8.0\ko\UIAutomationClientSideProviders.resources.dll" to "C:\Users\roman\source\repos\ec22761\SFR\SFR\bin\x64\Debug\net8.0-windows\win-x64\ko\UIAutomationClientSideProviders.resources.dll".
  Copying file from "C:\Users\roman\.nuget\packages\microsoft.windowsdesktop.app.runtime.win-x64\8.0.24\runtimes\win-x64\lib\net8.0\ko\UIAutomationProvider.resources.dll" to "C:\Users\roman\source\repos\ec22761\SFR\SFR\bin\x64\Debug\net8.0-windows\win-x64\ko\UIAutomationProvider.resources.dll".
  Copying file from "C:\Users\roman\.nuget\packages\microsoft.windowsdesktop.app.runtime.win-x64\8.0.24\runtimes\win-x64\lib\net8.0\ko\UIAutomationTypes.resources.dll" to "C:\Users\roman\source\repos\ec22761\SFR\SFR\bin\x64\Debug\net8.0-windows\win-x64\ko\UIAutomationTypes.resources.dll".
  Copying file from "C:\Users\roman\.nuget\packages\microsoft.windowsdesktop.app.runtime.win-x64\8.0.24\runtimes\win-x64\lib\net8.0\ko\WindowsBase.resources.dll" to "C:\Users\roman\source\repos\ec22761\SFR\SFR\bin\x64\Debug\net8.0-windows\win-x64\ko\WindowsBase.resources.dll".
  Copying file from "C:\Users\roman\.nuget\packages\microsoft.windowsdesktop.app.runtime.win-x64\8.0.24\runtimes\win-x64\lib\net8.0\ko\WindowsFormsIntegration.resources.dll" to "C:\Users\roman\source\repos\ec22761\SFR\SFR\bin\x64\Debug\net8.0-windows\win-x64\ko\WindowsFormsIntegration.resources.dll".
  Copying file from "C:\Users\roman\.nuget\packages\microsoft.windowsdesktop.app.runtime.win-x64\8.0.24\runtimes\win-x64\lib\net8.0\pl\Microsoft.VisualBasic.Forms.resources.dll" to "C:\Users\roman\source\repos\ec22761\SFR\SFR\bin\x64\Debug\net8.0-windows\win-x64\pl\Microsoft.VisualBasic.Forms.resources.dll".
  Copying file from "C:\Users\roman\.nuget\packages\microsoft.windowsdesktop.app.runtime.win-x64\8.0.24\runtimes\win-x64\lib\net8.0\pl\PresentationCore.resources.dll" to "C:\Users\roman\source\repos\ec22761\SFR\SFR\bin\x64\Debug\net8.0-windows\win-x64\pl\PresentationCore.resources.dll".
  Copying file from "C:\Users\roman\.nuget\packages\microsoft.windowsdesktop.app.runtime.win-x64\8.0.24\runtimes\win-x64\lib\net8.0\pl\PresentationFramework.resources.dll" to "C:\Users\roman\source\repos\ec22761\SFR\SFR\bin\x64\Debug\net8.0-windows\win-x64\pl\PresentationFramework.resources.dll".
  Copying file from "C:\Users\roman\.nuget\packages\microsoft.windowsdesktop.app.runtime.win-x64\8.0.24\runtimes\win-x64\lib\net8.0\pl\ReachFramework.resources.dll" to "C:\Users\roman\source\repos\ec22761\SFR\SFR\bin\x64\Debug\net8.0-windows\win-x64\pl\ReachFramework.resources.dll".
  Copying file from "C:\Users\roman\.nuget\packages\microsoft.windowsdesktop.app.runtime.win-x64\8.0.24\runtimes\win-x64\lib\net8.0\pl\PresentationUI.resources.dll" to "C:\Users\roman\source\repos\ec22761\SFR\SFR\bin\x64\Debug\net8.0-windows\win-x64\pl\PresentationUI.resources.dll".
  Copying file from "C:\Users\roman\.nuget\packages\microsoft.windowsdesktop.app.runtime.win-x64\8.0.24\runtimes\win-x64\lib\net8.0\pl\System.Windows.Controls.Ribbon.resources.dll" to "C:\Users\roman\source\repos\ec22761\SFR\SFR\bin\x64\Debug\net8.0-windows\win-x64\pl\System.Windows.Controls.Ribbon.resources.dll".
  Copying file from "C:\Users\roman\.nuget\packages\microsoft.windowsdesktop.app.runtime.win-x64\8.0.24\runtimes\win-x64\lib\net8.0\pl\System.Windows.Forms.Design.resources.dll" to "C:\Users\roman\source\repos\ec22761\SFR\SFR\bin\x64\Debug\net8.0-windows\win-x64\pl\System.Windows.Forms.Design.resources.dll".
  Copying file from "C:\Users\roman\.nuget\packages\microsoft.windowsdesktop.app.runtime.win-x64\8.0.24\runtimes\win-x64\lib\net8.0\pl\System.Windows.Forms.Primitives.resources.dll" to "C:\Users\roman\source\repos\ec22761\SFR\SFR\bin\x64\Debug\net8.0-windows\win-x64\pl\System.Windows.Forms.Primitives.resources.dll".
  Copying file from "C:\Users\roman\.nuget\packages\microsoft.windowsdesktop.app.runtime.win-x64\8.0.24\runtimes\win-x64\lib\net8.0\pl\System.Windows.Forms.resources.dll" to "C:\Users\roman\source\repos\ec22761\SFR\SFR\bin\x64\Debug\net8.0-windows\win-x64\pl\System.Windows.Forms.resources.dll".
  Copying file from "C:\Users\roman\.nuget\packages\microsoft.windowsdesktop.app.runtime.win-x64\8.0.24\runtimes\win-x64\lib\net8.0\pl\System.Windows.Input.Manipulations.resources.dll" to "C:\Users\roman\source\repos\ec22761\SFR\SFR\bin\x64\Debug\net8.0-windows\win-x64\pl\System.Windows.Input.Manipulations.resources.dll".
  Copying file from "C:\Users\roman\.nuget\packages\microsoft.windowsdesktop.app.runtime.win-x64\8.0.24\runtimes\win-x64\lib\net8.0\pl\System.Xaml.resources.dll" to "C:\Users\roman\source\repos\ec22761\SFR\SFR\bin\x64\Debug\net8.0-windows\win-x64\pl\System.Xaml.resources.dll".
  Copying file from "C:\Users\roman\.nuget\packages\microsoft.windowsdesktop.app.runtime.win-x64\8.0.24\runtimes\win-x64\lib\net8.0\pl\UIAutomationClient.resources.dll" to "C:\Users\roman\source\repos\ec22761\SFR\SFR\bin\x64\Debug\net8.0-windows\win-x64\pl\UIAutomationClient.resources.dll".
  Copying file from "C:\Users\roman\.nuget\packages\microsoft.windowsdesktop.app.runtime.win-x64\8.0.24\runtimes\win-x64\lib\net8.0\pl\UIAutomationClientSideProviders.resources.dll" to "C:\Users\roman\source\repos\ec22761\SFR\SFR\bin\x64\Debug\net8.0-windows\win-x64\pl\UIAutomationClientSideProviders.resources.dll".
  Copying file from "C:\Users\roman\.nuget\packages\microsoft.windowsdesktop.app.runtime.win-x64\8.0.24\runtimes\win-x64\lib\net8.0\pl\UIAutomationProvider.resources.dll" to "C:\Users\roman\source\repos\ec22761\SFR\SFR\bin\x64\Debug\net8.0-windows\win-x64\pl\UIAutomationProvider.resources.dll".
  Copying file from "C:\Users\roman\.nuget\packages\microsoft.windowsdesktop.app.runtime.win-x64\8.0.24\runtimes\win-x64\lib\net8.0\pl\UIAutomationTypes.resources.dll" to "C:\Users\roman\source\repos\ec22761\SFR\SFR\bin\x64\Debug\net8.0-windows\win-x64\pl\UIAutomationTypes.resources.dll".
  Copying file from "C:\Users\roman\.nuget\packages\microsoft.windowsdesktop.app.runtime.win-x64\8.0.24\runtimes\win-x64\lib\net8.0\pl\WindowsBase.resources.dll" to "C:\Users\roman\source\repos\ec22761\SFR\SFR\bin\x64\Debug\net8.0-windows\win-x64\pl\WindowsBase.resources.dll".
  Copying file from "C:\Users\roman\.nuget\packages\microsoft.windowsdesktop.app.runtime.win-x64\8.0.24\runtimes\win-x64\lib\net8.0\pl\WindowsFormsIntegration.resources.dll" to "C:\Users\roman\source\repos\ec22761\SFR\SFR\bin\x64\Debug\net8.0-windows\win-x64\pl\WindowsFormsIntegration.resources.dll".
  Copying file from "C:\Users\roman\.nuget\packages\microsoft.windowsdesktop.app.runtime.win-x64\8.0.24\runtimes\win-x64\lib\net8.0\pt-BR\Microsoft.VisualBasic.Forms.resources.dll" to "C:\Users\roman\source\repos\ec22761\SFR\SFR\bin\x64\Debug\net8.0-windows\win-x64\pt-BR\Microsoft.VisualBasic.Forms.resources.dll".
  Copying file from "C:\Users\roman\.nuget\packages\microsoft.windowsdesktop.app.runtime.win-x64\8.0.24\runtimes\win-x64\lib\net8.0\pt-BR\PresentationCore.resources.dll" to "C:\Users\roman\source\repos\ec22761\SFR\SFR\bin\x64\Debug\net8.0-windows\win-x64\pt-BR\PresentationCore.resources.dll".
  Copying file from "C:\Users\roman\.nuget\packages\microsoft.windowsdesktop.app.runtime.win-x64\8.0.24\runtimes\win-x64\lib\net8.0\pt-BR\PresentationFramework.resources.dll" to "C:\Users\roman\source\repos\ec22761\SFR\SFR\bin\x64\Debug\net8.0-windows\win-x64\pt-BR\PresentationFramework.resources.dll".
  Copying file from "C:\Users\roman\.nuget\packages\microsoft.windowsdesktop.app.runtime.win-x64\8.0.24\runtimes\win-x64\lib\net8.0\pt-BR\PresentationUI.resources.dll" to "C:\Users\roman\source\repos\ec22761\SFR\SFR\bin\x64\Debug\net8.0-windows\win-x64\pt-BR\PresentationUI.resources.dll".
  Copying file from "C:\Users\roman\.nuget\packages\microsoft.windowsdesktop.app.runtime.win-x64\8.0.24\runtimes\win-x64\lib\net8.0\pt-BR\ReachFramework.resources.dll" to "C:\Users\roman\source\repos\ec22761\SFR\SFR\bin\x64\Debug\net8.0-windows\win-x64\pt-BR\ReachFramework.resources.dll".
  Copying file from "C:\Users\roman\.nuget\packages\microsoft.windowsdesktop.app.runtime.win-x64\8.0.24\runtimes\win-x64\lib\net8.0\pt-BR\System.Windows.Controls.Ribbon.resources.dll" to "C:\Users\roman\source\repos\ec22761\SFR\SFR\bin\x64\Debug\net8.0-windows\win-x64\pt-BR\System.Windows.Controls.Ribbon.resources.dll".
  Copying file from "C:\Users\roman\.nuget\packages\microsoft.windowsdesktop.app.runtime.win-x64\8.0.24\runtimes\win-x64\lib\net8.0\pt-BR\System.Windows.Forms.Design.resources.dll" to "C:\Users\roman\source\repos\ec22761\SFR\SFR\bin\x64\Debug\net8.0-windows\win-x64\pt-BR\System.Windows.Forms.Design.resources.dll".
  Copying file from "C:\Users\roman\.nuget\packages\microsoft.windowsdesktop.app.runtime.win-x64\8.0.24\runtimes\win-x64\lib\net8.0\pt-BR\System.Windows.Forms.resources.dll" to "C:\Users\roman\source\repos\ec22761\SFR\SFR\bin\x64\Debug\net8.0-windows\win-x64\pt-BR\System.Windows.Forms.resources.dll".
  Copying file from "C:\Users\roman\.nuget\packages\microsoft.windowsdesktop.app.runtime.win-x64\8.0.24\runtimes\win-x64\lib\net8.0\pt-BR\System.Windows.Forms.Primitives.resources.dll" to "C:\Users\roman\source\repos\ec22761\SFR\SFR\bin\x64\Debug\net8.0-windows\win-x64\pt-BR\System.Windows.Forms.Primitives.resources.dll".
  Copying file from "C:\Users\roman\.nuget\packages\microsoft.windowsdesktop.app.runtime.win-x64\8.0.24\runtimes\win-x64\lib\net8.0\pt-BR\System.Xaml.resources.dll" to "C:\Users\roman\source\repos\ec22761\SFR\SFR\bin\x64\Debug\net8.0-windows\win-x64\pt-BR\System.Xaml.resources.dll".
  Copying file from "C:\Users\roman\.nuget\packages\microsoft.windowsdesktop.app.runtime.win-x64\8.0.24\runtimes\win-x64\lib\net8.0\pt-BR\System.Windows.Input.Manipulations.resources.dll" to "C:\Users\roman\source\repos\ec22761\SFR\SFR\bin\x64\Debug\net8.0-windows\win-x64\pt-BR\System.Windows.Input.Manipulations.resources.dll".
  Copying file from "C:\Users\roman\.nuget\packages\microsoft.windowsdesktop.app.runtime.win-x64\8.0.24\runtimes\win-x64\lib\net8.0\pt-BR\UIAutomationClient.resources.dll" to "C:\Users\roman\source\repos\ec22761\SFR\SFR\bin\x64\Debug\net8.0-windows\win-x64\pt-BR\UIAutomationClient.resources.dll".
  Copying file from "C:\Users\roman\.nuget\packages\microsoft.windowsdesktop.app.runtime.win-x64\8.0.24\runtimes\win-x64\lib\net8.0\pt-BR\UIAutomationClientSideProviders.resources.dll" to "C:\Users\roman\source\repos\ec22761\SFR\SFR\bin\x64\Debug\net8.0-windows\win-x64\pt-BR\UIAutomationClientSideProviders.resources.dll".
  Copying file from "C:\Users\roman\.nuget\packages\microsoft.windowsdesktop.app.runtime.win-x64\8.0.24\runtimes\win-x64\lib\net8.0\pt-BR\UIAutomationProvider.resources.dll" to "C:\Users\roman\source\repos\ec22761\SFR\SFR\bin\x64\Debug\net8.0-windows\win-x64\pt-BR\UIAutomationProvider.resources.dll".
  Copying file from "C:\Users\roman\.nuget\packages\microsoft.windowsdesktop.app.runtime.win-x64\8.0.24\runtimes\win-x64\lib\net8.0\pt-BR\UIAutomationTypes.resources.dll" to "C:\Users\roman\source\repos\ec22761\SFR\SFR\bin\x64\Debug\net8.0-windows\win-x64\pt-BR\UIAutomationTypes.resources.dll".
  Copying file from "C:\Users\roman\.nuget\packages\microsoft.windowsdesktop.app.runtime.win-x64\8.0.24\runtimes\win-x64\lib\net8.0\pt-BR\WindowsBase.resources.dll" to "C:\Users\roman\source\repos\ec22761\SFR\SFR\bin\x64\Debug\net8.0-windows\win-x64\pt-BR\WindowsBase.resources.dll".
  Copying file from "C:\Users\roman\.nuget\packages\microsoft.windowsdesktop.app.runtime.win-x64\8.0.24\runtimes\win-x64\lib\net8.0\pt-BR\WindowsFormsIntegration.resources.dll" to "C:\Users\roman\source\repos\ec22761\SFR\SFR\bin\x64\Debug\net8.0-windows\win-x64\pt-BR\WindowsFormsIntegration.resources.dll".
  Copying file from "C:\Users\roman\.nuget\packages\microsoft.windowsdesktop.app.runtime.win-x64\8.0.24\runtimes\win-x64\lib\net8.0\ru\Microsoft.VisualBasic.Forms.resources.dll" to "C:\Users\roman\source\repos\ec22761\SFR\SFR\bin\x64\Debug\net8.0-windows\win-x64\ru\Microsoft.VisualBasic.Forms.resources.dll".
  Copying file from "C:\Users\roman\.nuget\packages\microsoft.windowsdesktop.app.runtime.win-x64\8.0.24\runtimes\win-x64\lib\net8.0\ru\PresentationCore.resources.dll" to "C:\Users\roman\source\repos\ec22761\SFR\SFR\bin\x64\Debug\net8.0-windows\win-x64\ru\PresentationCore.resources.dll".
  Copying file from "C:\Users\roman\.nuget\packages\microsoft.windowsdesktop.app.runtime.win-x64\8.0.24\runtimes\win-x64\lib\net8.0\ru\PresentationFramework.resources.dll" to "C:\Users\roman\source\repos\ec22761\SFR\SFR\bin\x64\Debug\net8.0-windows\win-x64\ru\PresentationFramework.resources.dll".
  Copying file from "C:\Users\roman\.nuget\packages\microsoft.windowsdesktop.app.runtime.win-x64\8.0.24\runtimes\win-x64\lib\net8.0\ru\PresentationUI.resources.dll" to "C:\Users\roman\source\repos\ec22761\SFR\SFR\bin\x64\Debug\net8.0-windows\win-x64\ru\PresentationUI.resources.dll".
  Copying file from "C:\Users\roman\.nuget\packages\microsoft.windowsdesktop.app.runtime.win-x64\8.0.24\runtimes\win-x64\lib\net8.0\ru\ReachFramework.resources.dll" to "C:\Users\roman\source\repos\ec22761\SFR\SFR\bin\x64\Debug\net8.0-windows\win-x64\ru\ReachFramework.resources.dll".
  Copying file from "C:\Users\roman\.nuget\packages\microsoft.windowsdesktop.app.runtime.win-x64\8.0.24\runtimes\win-x64\lib\net8.0\ru\System.Windows.Controls.Ribbon.resources.dll" to "C:\Users\roman\source\repos\ec22761\SFR\SFR\bin\x64\Debug\net8.0-windows\win-x64\ru\System.Windows.Controls.Ribbon.resources.dll".
  Copying file from "C:\Users\roman\.nuget\packages\microsoft.windowsdesktop.app.runtime.win-x64\8.0.24\runtimes\win-x64\lib\net8.0\ru\System.Windows.Forms.Primitives.resources.dll" to "C:\Users\roman\source\repos\ec22761\SFR\SFR\bin\x64\Debug\net8.0-windows\win-x64\ru\System.Windows.Forms.Primitives.resources.dll".
  Copying file from "C:\Users\roman\.nuget\packages\microsoft.windowsdesktop.app.runtime.win-x64\8.0.24\runtimes\win-x64\lib\net8.0\ru\System.Windows.Forms.Design.resources.dll" to "C:\Users\roman\source\repos\ec22761\SFR\SFR\bin\x64\Debug\net8.0-windows\win-x64\ru\System.Windows.Forms.Design.resources.dll".
  Copying file from "C:\Users\roman\.nuget\packages\microsoft.windowsdesktop.app.runtime.win-x64\8.0.24\runtimes\win-x64\lib\net8.0\ru\System.Windows.Forms.resources.dll" to "C:\Users\roman\source\repos\ec22761\SFR\SFR\bin\x64\Debug\net8.0-windows\win-x64\ru\System.Windows.Forms.resources.dll".
  Copying file from "C:\Users\roman\.nuget\packages\microsoft.windowsdesktop.app.runtime.win-x64\8.0.24\runtimes\win-x64\lib\net8.0\ru\System.Windows.Input.Manipulations.resources.dll" to "C:\Users\roman\source\repos\ec22761\SFR\SFR\bin\x64\Debug\net8.0-windows\win-x64\ru\System.Windows.Input.Manipulations.resources.dll".
  Copying file from "C:\Users\roman\.nuget\packages\microsoft.windowsdesktop.app.runtime.win-x64\8.0.24\runtimes\win-x64\lib\net8.0\ru\System.Xaml.resources.dll" to "C:\Users\roman\source\repos\ec22761\SFR\SFR\bin\x64\Debug\net8.0-windows\win-x64\ru\System.Xaml.resources.dll".
  Copying file from "C:\Users\roman\.nuget\packages\microsoft.windowsdesktop.app.runtime.win-x64\8.0.24\runtimes\win-x64\lib\net8.0\ru\UIAutomationClient.resources.dll" to "C:\Users\roman\source\repos\ec22761\SFR\SFR\bin\x64\Debug\net8.0-windows\win-x64\ru\UIAutomationClient.resources.dll".
  Copying file from "C:\Users\roman\.nuget\packages\microsoft.windowsdesktop.app.runtime.win-x64\8.0.24\runtimes\win-x64\lib\net8.0\ru\UIAutomationClientSideProviders.resources.dll" to "C:\Users\roman\source\repos\ec22761\SFR\SFR\bin\x64\Debug\net8.0-windows\win-x64\ru\UIAutomationClientSideProviders.resources.dll".
  Copying file from "C:\Users\roman\.nuget\packages\microsoft.windowsdesktop.app.runtime.win-x64\8.0.24\runtimes\win-x64\lib\net8.0\ru\UIAutomationProvider.resources.dll" to "C:\Users\roman\source\repos\ec22761\SFR\SFR\bin\x64\Debug\net8.0-windows\win-x64\ru\UIAutomationProvider.resources.dll".
  Copying file from "C:\Users\roman\.nuget\packages\microsoft.windowsdesktop.app.runtime.win-x64\8.0.24\runtimes\win-x64\lib\net8.0\ru\UIAutomationTypes.resources.dll" to "C:\Users\roman\source\repos\ec22761\SFR\SFR\bin\x64\Debug\net8.0-windows\win-x64\ru\UIAutomationTypes.resources.dll".
  Copying file from "C:\Users\roman\.nuget\packages\microsoft.windowsdesktop.app.runtime.win-x64\8.0.24\runtimes\win-x64\lib\net8.0\ru\WindowsBase.resources.dll" to "C:\Users\roman\source\repos\ec22761\SFR\SFR\bin\x64\Debug\net8.0-windows\win-x64\ru\WindowsBase.resources.dll".
  Copying file from "C:\Users\roman\.nuget\packages\microsoft.windowsdesktop.app.runtime.win-x64\8.0.24\runtimes\win-x64\lib\net8.0\ru\WindowsFormsIntegration.resources.dll" to "C:\Users\roman\source\repos\ec22761\SFR\SFR\bin\x64\Debug\net8.0-windows\win-x64\ru\WindowsFormsIntegration.resources.dll".
  Copying file from "C:\Users\roman\.nuget\packages\microsoft.windowsdesktop.app.runtime.win-x64\8.0.24\runtimes\win-x64\lib\net8.0\tr\Microsoft.VisualBasic.Forms.resources.dll" to "C:\Users\roman\source\repos\ec22761\SFR\SFR\bin\x64\Debug\net8.0-windows\win-x64\tr\Microsoft.VisualBasic.Forms.resources.dll".
  Copying file from "C:\Users\roman\.nuget\packages\microsoft.windowsdesktop.app.runtime.win-x64\8.0.24\runtimes\win-x64\lib\net8.0\tr\PresentationCore.resources.dll" to "C:\Users\roman\source\repos\ec22761\SFR\SFR\bin\x64\Debug\net8.0-windows\win-x64\tr\PresentationCore.resources.dll".
  Copying file from "C:\Users\roman\.nuget\packages\microsoft.windowsdesktop.app.runtime.win-x64\8.0.24\runtimes\win-x64\lib\net8.0\tr\PresentationFramework.resources.dll" to "C:\Users\roman\source\repos\ec22761\SFR\SFR\bin\x64\Debug\net8.0-windows\win-x64\tr\PresentationFramework.resources.dll".
  Copying file from "C:\Users\roman\.nuget\packages\microsoft.windowsdesktop.app.runtime.win-x64\8.0.24\runtimes\win-x64\lib\net8.0\tr\PresentationUI.resources.dll" to "C:\Users\roman\source\repos\ec22761\SFR\SFR\bin\x64\Debug\net8.0-windows\win-x64\tr\PresentationUI.resources.dll".
  Copying file from "C:\Users\roman\.nuget\packages\microsoft.windowsdesktop.app.runtime.win-x64\8.0.24\runtimes\win-x64\lib\net8.0\tr\ReachFramework.resources.dll" to "C:\Users\roman\source\repos\ec22761\SFR\SFR\bin\x64\Debug\net8.0-windows\win-x64\tr\ReachFramework.resources.dll".
  Copying file from "C:\Users\roman\.nuget\packages\microsoft.windowsdesktop.app.runtime.win-x64\8.0.24\runtimes\win-x64\lib\net8.0\tr\System.Windows.Forms.Design.resources.dll" to "C:\Users\roman\source\repos\ec22761\SFR\SFR\bin\x64\Debug\net8.0-windows\win-x64\tr\System.Windows.Forms.Design.resources.dll".
  Copying file from "C:\Users\roman\.nuget\packages\microsoft.windowsdesktop.app.runtime.win-x64\8.0.24\runtimes\win-x64\lib\net8.0\tr\System.Windows.Forms.Primitives.resources.dll" to "C:\Users\roman\source\repos\ec22761\SFR\SFR\bin\x64\Debug\net8.0-windows\win-x64\tr\System.Windows.Forms.Primitives.resources.dll".
  Copying file from "C:\Users\roman\.nuget\packages\microsoft.windowsdesktop.app.runtime.win-x64\8.0.24\runtimes\win-x64\lib\net8.0\tr\System.Windows.Forms.resources.dll" to "C:\Users\roman\source\repos\ec22761\SFR\SFR\bin\x64\Debug\net8.0-windows\win-x64\tr\System.Windows.Forms.resources.dll".
  Copying file from "C:\Users\roman\.nuget\packages\microsoft.windowsdesktop.app.runtime.win-x64\8.0.24\runtimes\win-x64\lib\net8.0\tr\System.Windows.Input.Manipulations.resources.dll" to "C:\Users\roman\source\repos\ec22761\SFR\SFR\bin\x64\Debug\net8.0-windows\win-x64\tr\System.Windows.Input.Manipulations.resources.dll".
  Copying file from "C:\Users\roman\.nuget\packages\microsoft.windowsdesktop.app.runtime.win-x64\8.0.24\runtimes\win-x64\lib\net8.0\tr\System.Windows.Controls.Ribbon.resources.dll" to "C:\Users\roman\source\repos\ec22761\SFR\SFR\bin\x64\Debug\net8.0-windows\win-x64\tr\System.Windows.Controls.Ribbon.resources.dll".
  Copying file from "C:\Users\roman\.nuget\packages\microsoft.windowsdesktop.app.runtime.win-x64\8.0.24\runtimes\win-x64\lib\net8.0\tr\System.Xaml.resources.dll" to "C:\Users\roman\source\repos\ec22761\SFR\SFR\bin\x64\Debug\net8.0-windows\win-x64\tr\System.Xaml.resources.dll".
  Copying file from "C:\Users\roman\.nuget\packages\microsoft.windowsdesktop.app.runtime.win-x64\8.0.24\runtimes\win-x64\lib\net8.0\tr\UIAutomationClient.resources.dll" to "C:\Users\roman\source\repos\ec22761\SFR\SFR\bin\x64\Debug\net8.0-windows\win-x64\tr\UIAutomationClient.resources.dll".
  Copying file from "C:\Users\roman\.nuget\packages\microsoft.windowsdesktop.app.runtime.win-x64\8.0.24\runtimes\win-x64\lib\net8.0\tr\UIAutomationClientSideProviders.resources.dll" to "C:\Users\roman\source\repos\ec22761\SFR\SFR\bin\x64\Debug\net8.0-windows\win-x64\tr\UIAutomationClientSideProviders.resources.dll".
  Copying file from "C:\Users\roman\.nuget\packages\microsoft.windowsdesktop.app.runtime.win-x64\8.0.24\runtimes\win-x64\lib\net8.0\tr\UIAutomationProvider.resources.dll" to "C:\Users\roman\source\repos\ec22761\SFR\SFR\bin\x64\Debug\net8.0-windows\win-x64\tr\UIAutomationProvider.resources.dll".
  Copying file from "C:\Users\roman\.nuget\packages\microsoft.windowsdesktop.app.runtime.win-x64\8.0.24\runtimes\win-x64\lib\net8.0\tr\UIAutomationTypes.resources.dll" to "C:\Users\roman\source\repos\ec22761\SFR\SFR\bin\x64\Debug\net8.0-windows\win-x64\tr\UIAutomationTypes.resources.dll".
  Copying file from "C:\Users\roman\.nuget\packages\microsoft.windowsdesktop.app.runtime.win-x64\8.0.24\runtimes\win-x64\lib\net8.0\tr\WindowsBase.resources.dll" to "C:\Users\roman\source\repos\ec22761\SFR\SFR\bin\x64\Debug\net8.0-windows\win-x64\tr\WindowsBase.resources.dll".
  Copying file from "C:\Users\roman\.nuget\packages\microsoft.windowsdesktop.app.runtime.win-x64\8.0.24\runtimes\win-x64\lib\net8.0\tr\WindowsFormsIntegration.resources.dll" to "C:\Users\roman\source\repos\ec22761\SFR\SFR\bin\x64\Debug\net8.0-windows\win-x64\tr\WindowsFormsIntegration.resources.dll".
  Copying file from "C:\Users\roman\.nuget\packages\microsoft.windowsdesktop.app.runtime.win-x64\8.0.24\runtimes\win-x64\lib\net8.0\zh-Hans\Microsoft.VisualBasic.Forms.resources.dll" to "C:\Users\roman\source\repos\ec22761\SFR\SFR\bin\x64\Debug\net8.0-windows\win-x64\zh-Hans\Microsoft.VisualBasic.Forms.resources.dll".
  Copying file from "C:\Users\roman\.nuget\packages\microsoft.windowsdesktop.app.runtime.win-x64\8.0.24\runtimes\win-x64\lib\net8.0\zh-Hans\PresentationCore.resources.dll" to "C:\Users\roman\source\repos\ec22761\SFR\SFR\bin\x64\Debug\net8.0-windows\win-x64\zh-Hans\PresentationCore.resources.dll".
  Copying file from "C:\Users\roman\.nuget\packages\microsoft.windowsdesktop.app.runtime.win-x64\8.0.24\runtimes\win-x64\lib\net8.0\zh-Hans\PresentationFramework.resources.dll" to "C:\Users\roman\source\repos\ec22761\SFR\SFR\bin\x64\Debug\net8.0-windows\win-x64\zh-Hans\PresentationFramework.resources.dll".
  Copying file from "C:\Users\roman\.nuget\packages\microsoft.windowsdesktop.app.runtime.win-x64\8.0.24\runtimes\win-x64\lib\net8.0\zh-Hans\PresentationUI.resources.dll" to "C:\Users\roman\source\repos\ec22761\SFR\SFR\bin\x64\Debug\net8.0-windows\win-x64\zh-Hans\PresentationUI.resources.dll".
  Copying file from "C:\Users\roman\.nuget\packages\microsoft.windowsdesktop.app.runtime.win-x64\8.0.24\runtimes\win-x64\lib\net8.0\zh-Hans\ReachFramework.resources.dll" to "C:\Users\roman\source\repos\ec22761\SFR\SFR\bin\x64\Debug\net8.0-windows\win-x64\zh-Hans\ReachFramework.resources.dll".
  Copying file from "C:\Users\roman\.nuget\packages\microsoft.windowsdesktop.app.runtime.win-x64\8.0.24\runtimes\win-x64\lib\net8.0\zh-Hans\System.Windows.Controls.Ribbon.resources.dll" to "C:\Users\roman\source\repos\ec22761\SFR\SFR\bin\x64\Debug\net8.0-windows\win-x64\zh-Hans\System.Windows.Controls.Ribbon.resources.dll".
  Copying file from "C:\Users\roman\.nuget\packages\microsoft.windowsdesktop.app.runtime.win-x64\8.0.24\runtimes\win-x64\lib\net8.0\zh-Hans\System.Windows.Forms.Design.resources.dll" to "C:\Users\roman\source\repos\ec22761\SFR\SFR\bin\x64\Debug\net8.0-windows\win-x64\zh-Hans\System.Windows.Forms.Design.resources.dll".
  Copying file from "C:\Users\roman\.nuget\packages\microsoft.windowsdesktop.app.runtime.win-x64\8.0.24\runtimes\win-x64\lib\net8.0\zh-Hans\System.Windows.Forms.Primitives.resources.dll" to "C:\Users\roman\source\repos\ec22761\SFR\SFR\bin\x64\Debug\net8.0-windows\win-x64\zh-Hans\System.Windows.Forms.Primitives.resources.dll".
  Copying file from "C:\Users\roman\.nuget\packages\microsoft.windowsdesktop.app.runtime.win-x64\8.0.24\runtimes\win-x64\lib\net8.0\zh-Hans\System.Windows.Forms.resources.dll" to "C:\Users\roman\source\repos\ec22761\SFR\SFR\bin\x64\Debug\net8.0-windows\win-x64\zh-Hans\System.Windows.Forms.resources.dll".
  Copying file from "C:\Users\roman\.nuget\packages\microsoft.windowsdesktop.app.runtime.win-x64\8.0.24\runtimes\win-x64\lib\net8.0\zh-Hans\System.Windows.Input.Manipulations.resources.dll" to "C:\Users\roman\source\repos\ec22761\SFR\SFR\bin\x64\Debug\net8.0-windows\win-x64\zh-Hans\System.Windows.Input.Manipulations.resources.dll".
  Copying file from "C:\Users\roman\.nuget\packages\microsoft.windowsdesktop.app.runtime.win-x64\8.0.24\runtimes\win-x64\lib\net8.0\zh-Hans\System.Xaml.resources.dll" to "C:\Users\roman\source\repos\ec22761\SFR\SFR\bin\x64\Debug\net8.0-windows\win-x64\zh-Hans\System.Xaml.resources.dll".
  Copying file from "C:\Users\roman\.nuget\packages\microsoft.windowsdesktop.app.runtime.win-x64\8.0.24\runtimes\win-x64\lib\net8.0\zh-Hans\UIAutomationClient.resources.dll" to "C:\Users\roman\source\repos\ec22761\SFR\SFR\bin\x64\Debug\net8.0-windows\win-x64\zh-Hans\UIAutomationClient.resources.dll".
  Copying file from "C:\Users\roman\.nuget\packages\microsoft.windowsdesktop.app.runtime.win-x64\8.0.24\runtimes\win-x64\lib\net8.0\zh-Hans\UIAutomationClientSideProviders.resources.dll" to "C:\Users\roman\source\repos\ec22761\SFR\SFR\bin\x64\Debug\net8.0-windows\win-x64\zh-Hans\UIAutomationClientSideProviders.resources.dll".
  Copying file from "C:\Users\roman\.nuget\packages\microsoft.windowsdesktop.app.runtime.win-x64\8.0.24\runtimes\win-x64\lib\net8.0\zh-Hans\UIAutomationProvider.resources.dll" to "C:\Users\roman\source\repos\ec22761\SFR\SFR\bin\x64\Debug\net8.0-windows\win-x64\zh-Hans\UIAutomationProvider.resources.dll".
  Copying file from "C:\Users\roman\.nuget\packages\microsoft.windowsdesktop.app.runtime.win-x64\8.0.24\runtimes\win-x64\lib\net8.0\zh-Hans\UIAutomationTypes.resources.dll" to "C:\Users\roman\source\repos\ec22761\SFR\SFR\bin\x64\Debug\net8.0-windows\win-x64\zh-Hans\UIAutomationTypes.resources.dll".
  Copying file from "C:\Users\roman\.nuget\packages\microsoft.windowsdesktop.app.runtime.win-x64\8.0.24\runtimes\win-x64\lib\net8.0\zh-Hans\WindowsBase.resources.dll" to "C:\Users\roman\source\repos\ec22761\SFR\SFR\bin\x64\Debug\net8.0-windows\win-x64\zh-Hans\WindowsBase.resources.dll".
  Copying file from "C:\Users\roman\.nuget\packages\microsoft.windowsdesktop.app.runtime.win-x64\8.0.24\runtimes\win-x64\lib\net8.0\zh-Hans\WindowsFormsIntegration.resources.dll" to "C:\Users\roman\source\repos\ec22761\SFR\SFR\bin\x64\Debug\net8.0-windows\win-x64\zh-Hans\WindowsFormsIntegration.resources.dll".
  Copying file from "C:\Users\roman\.nuget\packages\microsoft.windowsdesktop.app.runtime.win-x64\8.0.24\runtimes\win-x64\lib\net8.0\zh-Hant\Microsoft.VisualBasic.Forms.resources.dll" to "C:\Users\roman\source\repos\ec22761\SFR\SFR\bin\x64\Debug\net8.0-windows\win-x64\zh-Hant\Microsoft.VisualBasic.Forms.resources.dll".
  Copying file from "C:\Users\roman\.nuget\packages\microsoft.windowsdesktop.app.runtime.win-x64\8.0.24\runtimes\win-x64\lib\net8.0\zh-Hant\PresentationCore.resources.dll" to "C:\Users\roman\source\repos\ec22761\SFR\SFR\bin\x64\Debug\net8.0-windows\win-x64\zh-Hant\PresentationCore.resources.dll".
  Copying file from "C:\Users\roman\.nuget\packages\microsoft.windowsdesktop.app.runtime.win-x64\8.0.24\runtimes\win-x64\lib\net8.0\zh-Hant\PresentationFramework.resources.dll" to "C:\Users\roman\source\repos\ec22761\SFR\SFR\bin\x64\Debug\net8.0-windows\win-x64\zh-Hant\PresentationFramework.resources.dll".
  Copying file from "C:\Users\roman\.nuget\packages\microsoft.windowsdesktop.app.runtime.win-x64\8.0.24\runtimes\win-x64\lib\net8.0\zh-Hant\PresentationUI.resources.dll" to "C:\Users\roman\source\repos\ec22761\SFR\SFR\bin\x64\Debug\net8.0-windows\win-x64\zh-Hant\PresentationUI.resources.dll".
  Copying file from "C:\Users\roman\.nuget\packages\microsoft.windowsdesktop.app.runtime.win-x64\8.0.24\runtimes\win-x64\lib\net8.0\zh-Hant\ReachFramework.resources.dll" to "C:\Users\roman\source\repos\ec22761\SFR\SFR\bin\x64\Debug\net8.0-windows\win-x64\zh-Hant\ReachFramework.resources.dll".
  Copying file from "C:\Users\roman\.nuget\packages\microsoft.windowsdesktop.app.runtime.win-x64\8.0.24\runtimes\win-x64\lib\net8.0\zh-Hant\System.Windows.Controls.Ribbon.resources.dll" to "C:\Users\roman\source\repos\ec22761\SFR\SFR\bin\x64\Debug\net8.0-windows\win-x64\zh-Hant\System.Windows.Controls.Ribbon.resources.dll".
  Copying file from "C:\Users\roman\.nuget\packages\microsoft.windowsdesktop.app.runtime.win-x64\8.0.24\runtimes\win-x64\lib\net8.0\zh-Hant\System.Windows.Forms.Design.resources.dll" to "C:\Users\roman\source\repos\ec22761\SFR\SFR\bin\x64\Debug\net8.0-windows\win-x64\zh-Hant\System.Windows.Forms.Design.resources.dll".
  Copying file from "C:\Users\roman\.nuget\packages\microsoft.windowsdesktop.app.runtime.win-x64\8.0.24\runtimes\win-x64\lib\net8.0\zh-Hant\System.Windows.Forms.Primitives.resources.dll" to "C:\Users\roman\source\repos\ec22761\SFR\SFR\bin\x64\Debug\net8.0-windows\win-x64\zh-Hant\System.Windows.Forms.Primitives.resources.dll".
  Copying file from "C:\Users\roman\.nuget\packages\microsoft.windowsdesktop.app.runtime.win-x64\8.0.24\runtimes\win-x64\lib\net8.0\zh-Hant\System.Windows.Forms.resources.dll" to "C:\Users\roman\source\repos\ec22761\SFR\SFR\bin\x64\Debug\net8.0-windows\win-x64\zh-Hant\System.Windows.Forms.resources.dll".
  Copying file from "C:\Users\roman\.nuget\packages\microsoft.windowsdesktop.app.runtime.win-x64\8.0.24\runtimes\win-x64\lib\net8.0\zh-Hant\System.Windows.Input.Manipulations.resources.dll" to "C:\Users\roman\source\repos\ec22761\SFR\SFR\bin\x64\Debug\net8.0-windows\win-x64\zh-Hant\System.Windows.Input.Manipulations.resources.dll".
  Copying file from "C:\Users\roman\.nuget\packages\microsoft.windowsdesktop.app.runtime.win-x64\8.0.24\runtimes\win-x64\lib\net8.0\zh-Hant\System.Xaml.resources.dll" to "C:\Users\roman\source\repos\ec22761\SFR\SFR\bin\x64\Debug\net8.0-windows\win-x64\zh-Hant\System.Xaml.resources.dll".
  Copying file from "C:\Users\roman\.nuget\packages\microsoft.windowsdesktop.app.runtime.win-x64\8.0.24\runtimes\win-x64\lib\net8.0\zh-Hant\UIAutomationClient.resources.dll" to "C:\Users\roman\source\repos\ec22761\SFR\SFR\bin\x64\Debug\net8.0-windows\win-x64\zh-Hant\UIAutomationClient.resources.dll".
  Copying file from "C:\Users\roman\.nuget\packages\microsoft.windowsdesktop.app.runtime.win-x64\8.0.24\runtimes\win-x64\lib\net8.0\zh-Hant\UIAutomationClientSideProviders.resources.dll" to "C:\Users\roman\source\repos\ec22761\SFR\SFR\bin\x64\Debug\net8.0-windows\win-x64\zh-Hant\UIAutomationClientSideProviders.resources.dll".
  Copying file from "C:\Users\roman\.nuget\packages\microsoft.windowsdesktop.app.runtime.win-x64\8.0.24\runtimes\win-x64\lib\net8.0\zh-Hant\UIAutomationProvider.resources.dll" to "C:\Users\roman\source\repos\ec22761\SFR\SFR\bin\x64\Debug\net8.0-windows\win-x64\zh-Hant\UIAutomationProvider.resources.dll".
  Copying file from "C:\Users\roman\.nuget\packages\microsoft.windowsdesktop.app.runtime.win-x64\8.0.24\runtimes\win-x64\lib\net8.0\zh-Hant\UIAutomationTypes.resources.dll" to "C:\Users\roman\source\repos\ec22761\SFR\SFR\bin\x64\Debug\net8.0-windows\win-x64\zh-Hant\UIAutomationTypes.resources.dll".
  Copying file from "C:\Users\roman\.nuget\packages\microsoft.windowsdesktop.app.runtime.win-x64\8.0.24\runtimes\win-x64\lib\net8.0\zh-Hant\WindowsBase.resources.dll" to "C:\Users\roman\source\repos\ec22761\SFR\SFR\bin\x64\Debug\net8.0-windows\win-x64\zh-Hant\WindowsBase.resources.dll".
  Copying file from "C:\Users\roman\.nuget\packages\microsoft.windowsdesktop.app.runtime.win-x64\8.0.24\runtimes\win-x64\lib\net8.0\zh-Hant\WindowsFormsIntegration.resources.dll" to "C:\Users\roman\source\repos\ec22761\SFR\SFR\bin\x64\Debug\net8.0-windows\win-x64\zh-Hant\WindowsFormsIntegration.resources.dll".
  Creating "C:\Users\roman\source\repos\ec22761\SFR\SFR\obj\x64\Debug\net8.0-windows\win-x64\SFR.csproj.Up2Date" because "AlwaysCreate" was specified.
  Touching "C:\Users\roman\source\repos\ec22761\SFR\SFR\obj\x64\Debug\net8.0-windows\win-x64\SFR.csproj.Up2Date".
_CopyOutOfDateSourceItemsToOutputDirectory:
  Copying file from "C:\Users\roman\source\repos\ec22761\SFR\SFR\SFR.runtimeconfig.json" to "C:\Users\roman\source\repos\ec22761\SFR\SFR\bin\x64\Debug\net8.0-windows\win-x64\SFR.runtimeconfig.json".
  Copying file from "C:\Users\roman\source\repos\ec22761\SFR\SFR\SFR.deps.json" to "C:\Users\roman\source\repos\ec22761\SFR\SFR\bin\x64\Debug\net8.0-windows\win-x64\SFR.deps.json".
  Copying file from "C:\Users\roman\source\repos\ec22761\SFR\SFR\obj\x64\Debug\net8.0-windows\win-x64\apphost.exe" to "C:\Users\roman\source\repos\ec22761\SFR\SFR\bin\x64\Debug\net8.0-windows\win-x64\SFR.exe".
_CopyAppConfigFile:
  Copying file from "C:\Users\roman\source\repos\ec22761\SFR\SFR\App.config" to "C:\Users\roman\source\repos\ec22761\SFR\SFR\bin\x64\Debug\net8.0-windows\win-x64\SFR.dll.config".
CopyFilesToOutputDirectory:
  Copying file from "C:\Users\roman\source\repos\ec22761\SFR\SFR\obj\x64\Debug\net8.0-windows\win-x64\SFR.dll" to "C:\Users\roman\source\repos\ec22761\SFR\SFR\bin\x64\Debug\net8.0-windows\win-x64\SFR.dll".
  Copying reference assembly from "obj\x64\Debug\net8.0-windows\win-x64\refint\SFR.dll" to "C:\Users\roman\source\repos\ec22761\SFR\SFR\obj\x64\Debug\net8.0-windows\win-x64\ref\SFR.dll".
  SFR -> C:\Users\roman\source\repos\ec22761\SFR\SFR\bin\x64\Debug\net8.0-windows\win-x64\SFR.dll
  Copying file from "C:\Users\roman\source\repos\ec22761\SFR\SFR\obj\x64\Debug\net8.0-windows\win-x64\SFR.pdb" to "C:\Users\roman\source\repos\ec22761\SFR\SFR\bin\x64\Debug\net8.0-windows\win-x64\SFR.pdb".
PostBuildEvent:
  call "C:\Users\roman\source\repos\ec22761\SFR\SFR\build.bat" "" "C:\Users\roman\source\repos\ec22761\SFR\SFR\.."
          1 file(s) copied.
          1 file(s) copied.
  The process cannot access the file because it is being used by another process.
          0 file(s) copied.
  The process cannot access the file because it is being used by another process.
          0 file(s) copied.
  The process cannot access the file because it is being used by another process.
          0 file(s) copied.
  Sharing violation
C:\Program Files\Microsoft Visual Studio\18\Community\MSBuild\Current\Bin\amd64\Microsoft.Common.CurrentVersion.targets(6060,5): error MSB3073: The command "call "C:\Users\roman\source\repos\ec22761\SFR\SFR\build.bat" "" "C:\Users\roman\source\repos\ec22761\SFR\SFR\.."" exited with code 4. [C:\Users\roman\source\repos\ec22761\SFR\SFR\SFR.csproj]
Done Building Project "C:\Users\roman\source\repos\ec22761\SFR\SFR\SFR.csproj" (Rebuild target(s)) -- FAILED.

Build FAILED.

"C:\Users\roman\source\repos\ec22761\SFR\SFR\SFR.csproj" (Rebuild target) (1) ->
(PostBuildEvent target) -> 
  C:\Program Files\Microsoft Visual Studio\18\Community\MSBuild\Current\Bin\amd64\Microsoft.Common.CurrentVersion.targets(6060,5): error MSB3073: The command "call "C:\Users\roman\source\repos\ec22761\SFR\SFR\build.bat" "" "C:\Users\roman\source\repos\ec22761\SFR\SFR\.."" exited with code 4. [C:\Users\roman\source\repos\ec22761\SFR\SFR\SFR.csproj]

    0 Warning(s)
    1 Error(s)

Time Elapsed 00:00:02.15
